
Merging program properties


As-needed library included to satisfy reference by file (symbol)

libc.so.6                     build/cooja/obj/rpl-ext-header.o (memmove@@GLIBC_2.2.5)

Allocating common symbols
Common symbol       size              file

simButtonIsDown     0x1               build/cooja/obj/buttons.o
simOutDataBuffer    0x7d              build/cooja/obj/cooja-radio.o
uip_ds6_prefix_list
                    0x60              build/cooja/obj/uip-ds6.o
compower_idle_activity
                    0x10              build/cooja/obj/compower.o
linkaddr_node_addr  0x8               build/cooja/obj/linkaddr.o
simSerialReceivingFlag
                    0x1               build/cooja/obj/rs232.o
simEEPROMData       0x400             build/cooja/obj/eeprom.o
periodic_timer      0x40              build/cooja/obj/link-stats.o
simLoggedLength     0x4               build/cooja/obj/cooja-log.o
simSerialReceivingLength
                    0x4               build/cooja/obj/rs232.o
simEtimerPending    0x4               build/cooja/obj/simEnvChange.o
uip_slen            0x2               build/cooja/obj/uip6.o
uip_ds6_timer_periodic
                    0x20              build/cooja/obj/uip-ds6.o
uip_acc32           0x4               build/cooja/obj/uip6.o
uip_conns           0x1c0             build/cooja/obj/uip6.o
simVibChanged       0x1               build/cooja/obj/vib-sensor.o
simRtimerPending    0x4               build/cooja/obj/rtimer-arch.o
simIP               0x10              build/cooja/obj/ip.o
button_hal_periodic_event
                    0x1               build/cooja/obj/button-hal.o
uip_ds6_netif_addr_list_offset
                    0x1               build/cooja/obj/uip-ds6.o
uip_lladdr          0x8               build/cooja/obj/uip6.o
button_hal_press_event
                    0x1               build/cooja/obj/button-hal.o
simProcessRunValue  0x4               build/cooja/obj/simEnvChange.o
simIPChanged        0x1               build/cooja/obj/ip.o
serial_line_event_message
                    0x1               build/cooja/obj/serial-line.o
uip_appdata         0x8               build/cooja/obj/uip6.o
referenceVar        0x8               build/cooja/mtype659236383.o
simCurrentTime      0x8               build/cooja/obj/clock.o
simVibIsActive      0x1               build/cooja/obj/vib-sensor.o
uip_ds6_if          0x138             build/cooja/obj/uip-ds6.o
uip_flags           0x1               build/cooja/obj/uip6.o
uip_ds6_timer_ra    0x10              build/cooja/obj/uip-ds6.o
mqtt_update_event   0x1               build/cooja/obj/mqtt.o
simSerialReceivingData
                    0x800             build/cooja/obj/rs232.o
simLoggedFlag       0x1               build/cooja/obj/cooja-log.o
packetbuf_attrs     0x1a              build/cooja/obj/packetbuf.o
uip_ds6_addr_size   0x1               build/cooja/obj/uip-ds6.o
uip_aligned_buf     0x500             build/cooja/obj/uip6.o
simRtimerCurrentTicks
                    0x8               build/cooja/obj/rtimer-arch.o
simRandomSeed       0x4               build/cooja/obj/moteid.o
rpl_multicast_addr  0x10              build/cooja/obj/rpl.o
simLoggedData       0x2000            build/cooja/obj/cooja-log.o
simEtimerNextExpirationTime
                    0x8               build/cooja/obj/simEnvChange.o
uip_listenports     0x28              build/cooja/obj/uip6.o
uip_len             0x2               build/cooja/obj/uip6.o
simButtonChanged    0x1               build/cooja/obj/buttons.o
simRtimerNextExpirationTime
                    0x8               build/cooja/obj/rtimer-arch.o
simPirIsActive      0x1               build/cooja/obj/pir-sensor.o
simInDataBuffer     0x7d              build/cooja/obj/cooja-radio.o
simPirChanged       0x1               build/cooja/obj/pir-sensor.o
simBeeped           0x1               build/cooja/obj/beep.o
tcpip_event         0x1               build/cooja/obj/tcpip.o
uip_sappdata        0x8               build/cooja/obj/uip6.o
sensors_event       0x1               build/cooja/obj/sensors.o
uip_udp_conns       0x140             build/cooja/obj/uip6.o
button_hal_release_event
                    0x1               build/cooja/obj/button-hal.o
packetbuf_addrs     0x10              build/cooja/obj/packetbuf.o
uip_udp_conn        0x8               build/cooja/obj/uip6.o
simMoteIDChanged    0x1               build/cooja/obj/moteid.o
sensors_flags       0x4               build/cooja/mtype659236383.o
curr_instance       0x260             build/cooja/obj/rpl-dag.o
simMoteID           0x4               build/cooja/obj/moteid.o
uip_conn            0x8               build/cooja/obj/uip6.o

Discarded input sections

 .note.GNU-stack
                0x0000000000000000        0x0 /usr/lib/gcc/x86_64-linux-gnu/11/../../../x86_64-linux-gnu/crti.o
 .note.GNU-stack
                0x0000000000000000        0x0 /usr/lib/gcc/x86_64-linux-gnu/11/crtbeginS.o
 .note.gnu.property
[...]
Memory Configuration

Name             Origin             Length             Attributes
*default*        0x0000000000000000 0xffffffffffffffff

Linker script and memory map

LOAD /usr/lib/gcc/x86_64-linux-gnu/11/../../../x86_64-linux-gnu/crti.o
LOAD /usr/lib/gcc/x86_64-linux-gnu/11/crtbeginS.o
LOAD build/cooja/mtype659236383.o
LOAD build/cooja/obj/aes-128.o
LOAD build/cooja/obj/anti-replay.o
LOAD build/cooja/obj/assert.o
LOAD build/cooja/obj/atomic.o
LOAD build/cooja/obj/autostart.o
LOAD build/cooja/obj/beep.o
LOAD build/cooja/obj/button-hal.o
LOAD build/cooja/obj/buttons.o
LOAD build/cooja/obj/ccm-star-packetbuf.o
LOAD build/cooja/obj/ccm-star.o
LOAD build/cooja/obj/cfs-cooja.o
LOAD build/cooja/obj/circular-list.o
LOAD build/cooja/obj/clock.o
LOAD build/cooja/obj/compower.o
LOAD build/cooja/obj/contiki-main.o
LOAD build/cooja/obj/cooja-log.o
LOAD build/cooja/obj/cooja-radio.o
LOAD build/cooja/obj/cooja_mt.o
LOAD build/cooja/obj/cooja_mtarch.o
LOAD build/cooja/obj/crc16.o
LOAD build/cooja/obj/csma-output.o
LOAD build/cooja/obj/csma-security.o
LOAD build/cooja/obj/csma.o
LOAD build/cooja/obj/ctimer.o
LOAD build/cooja/obj/dbl-circ-list.o
LOAD build/cooja/obj/dbl-list.o
LOAD build/cooja/obj/eeprom.o
LOAD build/cooja/obj/energest.o
LOAD build/cooja/obj/etimer.o
LOAD build/cooja/obj/frame802154.o
LOAD build/cooja/obj/frame802154e-ie.o
LOAD build/cooja/obj/framer-802154.o
LOAD build/cooja/obj/gpio-hal-arch.o
LOAD build/cooja/obj/gpio-hal.o
LOAD build/cooja/obj/heapmem.o
LOAD build/cooja/obj/hexconv.o
LOAD build/cooja/obj/ifft.o
LOAD build/cooja/obj/int-master.o
LOAD build/cooja/obj/ip.o
LOAD build/cooja/obj/ip64-addr.o
LOAD build/cooja/obj/leds-arch.o
LOAD build/cooja/obj/leds.o
LOAD build/cooja/obj/link-stats.o
LOAD build/cooja/obj/linkaddr.o
LOAD build/cooja/obj/list.o
LOAD build/cooja/obj/log.o
LOAD build/cooja/obj/mac-sequence.o
LOAD build/cooja/obj/mac.o
LOAD build/cooja/obj/memb.o
LOAD build/cooja/obj/moteid.o
LOAD build/cooja/obj/mqtt-client.o
LOAD build/cooja/obj/mqtt-prop.o
LOAD build/cooja/obj/mqtt.o
LOAD build/cooja/obj/mutex.o
LOAD build/cooja/obj/nbr-table.o
LOAD build/cooja/obj/net-debug.o
LOAD build/cooja/obj/netstack.o
LOAD build/cooja/obj/node-id.o
LOAD build/cooja/obj/nullframer.o
LOAD build/cooja/obj/nullradio.o
LOAD build/cooja/obj/packetbuf.o
LOAD build/cooja/obj/pir-sensor.o
LOAD build/cooja/obj/printf.o
LOAD build/cooja/obj/process.o
LOAD build/cooja/obj/psock.o
LOAD build/cooja/obj/putchar.o
LOAD build/cooja/obj/puts.o
LOAD build/cooja/obj/queuebuf.o
LOAD build/cooja/obj/random.o
LOAD build/cooja/obj/ringbuf.o
LOAD build/cooja/obj/ringbufindex.o
LOAD build/cooja/obj/rpl-dag-root.o
LOAD build/cooja/obj/rpl-dag.o
LOAD build/cooja/obj/rpl-ext-header.o
LOAD build/cooja/obj/rpl-icmp6.o
LOAD build/cooja/obj/rpl-mrhof.o
LOAD build/cooja/obj/rpl-nbr-policy.o
LOAD build/cooja/obj/rpl-neighbor.o
LOAD build/cooja/obj/rpl-of0.o
LOAD build/cooja/obj/rpl-timers.o
LOAD build/cooja/obj/rpl.o
LOAD build/cooja/obj/rs232.o
LOAD build/cooja/obj/rtimer-arch.o
LOAD build/cooja/obj/rtimer.o
LOAD build/cooja/obj/sensors.o
LOAD build/cooja/obj/serial-line.o
LOAD build/cooja/obj/sicslowpan.o
LOAD build/cooja/obj/simEnvChange.o
LOAD build/cooja/obj/simple-udp.o
LOAD build/cooja/obj/slip-arch.o
LOAD build/cooja/obj/slip.o
LOAD build/cooja/obj/snprintf.o
LOAD build/cooja/obj/sprintf.o
LOAD build/cooja/obj/stimer.o
LOAD build/cooja/obj/strformat.o
LOAD build/cooja/obj/tcp-socket.o
LOAD build/cooja/obj/tcpip.o
LOAD build/cooja/obj/timer.o
LOAD build/cooja/obj/trickle-timer.o
LOAD build/cooja/obj/udp-socket.o
LOAD build/cooja/obj/uip-ds6-nbr.o
LOAD build/cooja/obj/uip-ds6-route.o
LOAD build/cooja/obj/uip-ds6.o
LOAD build/cooja/obj/uip-icmp6.o
LOAD build/cooja/obj/uip-nameserver.o
LOAD build/cooja/obj/uip-nd6.o
LOAD build/cooja/obj/uip-packetqueue.o
LOAD build/cooja/obj/uip-sr.o
LOAD build/cooja/obj/uip-udp-packet.o
LOAD build/cooja/obj/uip6.o
LOAD build/cooja/obj/uipbuf.o
LOAD build/cooja/obj/uiplib.o
LOAD build/cooja/obj/vib-sensor.o
LOAD build/cooja/obj/watchdog.o
LOAD /usr/lib/gcc/x86_64-linux-gnu/11/libgcc.a
LOAD /usr/lib/gcc/x86_64-linux-gnu/11/libgcc_s.so
START GROUP
LOAD /usr/lib/gcc/x86_64-linux-gnu/11/../../../x86_64-linux-gnu/libgcc_s.so.1
LOAD /usr/lib/gcc/x86_64-linux-gnu/11/libgcc.a
END GROUP
LOAD /usr/lib/gcc/x86_64-linux-gnu/11/../../../x86_64-linux-gnu/libc.so
START GROUP
LOAD /lib/x86_64-linux-gnu/libc.so.6
LOAD /usr/lib/x86_64-linux-gnu/libc_nonshared.a
LOAD /lib64/ld-linux-x86-64.so.2
END GROUP
LOAD /usr/lib/gcc/x86_64-linux-gnu/11/libgcc.a
LOAD /usr/lib/gcc/x86_64-linux-gnu/11/libgcc_s.so
START GROUP
LOAD /usr/lib/gcc/x86_64-linux-gnu/11/../../../x86_64-linux-gnu/libgcc_s.so.1
LOAD /usr/lib/gcc/x86_64-linux-gnu/11/libgcc.a
END GROUP
LOAD /usr/lib/gcc/x86_64-linux-gnu/11/crtendS.o
LOAD /usr/lib/gcc/x86_64-linux-gnu/11/../../../x86_64-linux-gnu/crtn.o
                0x00000000000002a8                . = (SEGMENT_START ("text-segment", 0x0) + SIZEOF_HEADERS)

.note.gnu.property
                0x00000000000002a8       0x20
 .note.gnu.property
                0x00000000000002a8       0x20 /usr/lib/gcc/x86_64-linux-gnu/11/../../../x86_64-linux-gnu/crti.o

.note.gnu.build-id
                0x00000000000002c8       0x24
 *(.note.gnu.build-id)
 .note.gnu.build-id
                0x00000000000002c8       0x24 /usr/lib/gcc/x86_64-linux-gnu/11/../../../x86_64-linux-gnu/crti.o

.hash
 *(.hash)

.gnu.hash       0x00000000000002f0     0x18ac
 *(.gnu.hash)
 .gnu.hash      0x00000000000002f0     0x18ac /usr/lib/gcc/x86_64-linux-gnu/11/../../../x86_64-linux-gnu/crti.o

.dynsym         0x0000000000001ba0     0x4c38
 *(.dynsym)
 .dynsym        0x0000000000001ba0     0x4c38 /usr/lib/gcc/x86_64-linux-gnu/11/../../../x86_64-linux-gnu/crti.o

.dynstr         0x00000000000067d8     0x39cd
 *(.dynstr)
 .dynstr        0x00000000000067d8     0x39cd /usr/lib/gcc/x86_64-linux-gnu/11/../../../x86_64-linux-gnu/crti.o

.gnu.version    0x000000000000a1a6      0x65a
 *(.gnu.version)
 .gnu.version   0x000000000000a1a6      0x65a /usr/lib/gcc/x86_64-linux-gnu/11/../../../x86_64-linux-gnu/crti.o

.gnu.version_d  0x000000000000a800        0x0
 *(.gnu.version_d)
 .gnu.version_d
                0x000000000000a800        0x0 /usr/lib/gcc/x86_64-linux-gnu/11/../../../x86_64-linux-gnu/crti.o

.gnu.version_r  0x000000000000a800       0x40
 *(.gnu.version_r)
 .gnu.version_r
                0x000000000000a800       0x40 /usr/lib/gcc/x86_64-linux-gnu/11/../../../x86_64-linux-gnu/crti.o

.rela.dyn       0x000000000000a840     0x23d0
 *(.rela.init)
 *(.rela.text .rela.text.* .rela.gnu.linkonce.t.*)
 .rela.text     0x000000000000a840        0x0 /usr/lib/gcc/x86_64-linux-gnu/11/../../../x86_64-linux-gnu/crti.o
 *(.rela.fini)
 *(.rela.rodata .rela.rodata.* .rela.gnu.linkonce.r.*)
 *(.rela.data .rela.data.* .rela.gnu.linkonce.d.*)
 .rela.data.rel.local
                0x000000000000a840      0x930 /usr/lib/gcc/x86_64-linux-gnu/11/../../../x86_64-linux-gnu/crti.o
 .rela.data.rel
                0x000000000000b170      0x3a8 /usr/lib/gcc/x86_64-linux-gnu/11/../../../x86_64-linux-gnu/crti.o
 .rela.data.rel.ro.local
                0x000000000000b518      0x7c8 /usr/lib/gcc/x86_64-linux-gnu/11/../../../x86_64-linux-gnu/crti.o
 .rela.data.rel.ro
                0x000000000000bce0      0x288 /usr/lib/gcc/x86_64-linux-gnu/11/../../../x86_64-linux-gnu/crti.o
 *(.rela.tdata .rela.tdata.* .rela.gnu.linkonce.td.*)
 *(.rela.tbss .rela.tbss.* .rela.gnu.linkonce.tb.*)
 *(.rela.ctors)
 *(.rela.dtors)
 *(.rela.got)
 .rela.got      0x000000000000bf68      0xc78 /usr/lib/gcc/x86_64-linux-gnu/11/../../../x86_64-linux-gnu/crti.o
 *(.rela.bss .rela.bss.* .rela.gnu.linkonce.b.*)
 *(.rela.ldata .rela.ldata.* .rela.gnu.linkonce.l.*)
 *(.rela.lbss .rela.lbss.* .rela.gnu.linkonce.lb.*)
 *(.rela.lrodata .rela.lrodata.* .rela.gnu.linkonce.lr.*)
 *(.rela.ifunc)
 .rela.ifunc    0x000000000000cbe0        0x0 /usr/lib/gcc/x86_64-linux-gnu/11/../../../x86_64-linux-gnu/crti.o
 .rela.fini_array
                0x000000000000cbe0       0x18 /usr/lib/gcc/x86_64-linux-gnu/11/../../../x86_64-linux-gnu/crti.o
 .rela.init_array
                0x000000000000cbf8       0x18 /usr/lib/gcc/x86_64-linux-gnu/11/../../../x86_64-linux-gnu/crti.o

.rela.plt       0x000000000000cc10     0x2520
 *(.rela.plt)
 .rela.plt      0x000000000000cc10     0x2520 /usr/lib/gcc/x86_64-linux-gnu/11/../../../x86_64-linux-gnu/crti.o
 *(.rela.iplt)

.relr.dyn
 *(.relr.dyn)
                0x0000000000010000                . = ALIGN (CONSTANT (MAXPAGESIZE))

.init           0x0000000000010000       0x1b
 *(SORT_NONE(.init))
 .init          0x0000000000010000       0x16 /usr/lib/gcc/x86_64-linux-gnu/11/../../../x86_64-linux-gnu/crti.o
                0x0000000000010000                _init
 .init          0x0000000000010016        0x5 /usr/lib/gcc/x86_64-linux-gnu/11/../../../x86_64-linux-gnu/crtn.o

.plt            0x0000000000010020     0x18d0
 *(.plt)
 .plt           0x0000000000010020     0x18d0 /usr/lib/gcc/x86_64-linux-gnu/11/../../../x86_64-linux-gnu/crti.o
 *(.iplt)

.plt.got        0x00000000000118f0       0x30
 *(.plt.got)
 .plt.got       0x00000000000118f0       0x30 /usr/lib/gcc/x86_64-linux-gnu/11/../../../x86_64-linux-gnu/crti.o

.plt.sec        0x0000000000011920     0x18c0
 *(.plt.sec)
 .plt.sec       0x0000000000011920     0x18c0 /usr/lib/gcc/x86_64-linux-gnu/11/../../../x86_64-linux-gnu/crti.o

.text           0x00000000000131e0    0x288e5
 *(.text.unlikely .text.*_unlikely .text.unlikely.*)
 *(.text.exit .text.exit.*)
 *(.text.startup .text.startup.*)
 *(.text.hot .text.hot.*)
 *(SORT_BY_NAME(.text.sorted.*))
 *(.text .stub .text.* .gnu.linkonce.t.*)
 .text          0x00000000000131e0        0x0 /usr/lib/gcc/x86_64-linux-gnu/11/../../../x86_64-linux-gnu/crti.o
 .text          0x00000000000131e0       0xb9 /usr/lib/gcc/x86_64-linux-gnu/11/crtbeginS.o
 .text          0x0000000000013299      0x374 build/cooja/mtype659236383.o
                0x000000000001334f                platform_init_stage_one
                0x0000000000013364                platform_init_stage_two
                0x0000000000013379                platform_init_stage_three
                0x000000000001338e                platform_main_loop
                0x0000000000013428                JNI_OnLoad
                0x000000000001343f                Java_org_contikios_cooja_corecomm_Lib38_init
                0x0000000000013492                Java_org_contikios_cooja_corecomm_Lib38_getMemory
                0x00000000000134f1                Java_org_contikios_cooja_corecomm_Lib38_setMemory
                0x0000000000013550                Java_org_contikios_cooja_corecomm_Lib38_tick
                0x00000000000135de                Java_org_contikios_cooja_corecomm_Lib38_setReferenceAddress
 .text          0x000000000001360d      0x686 build/cooja/obj/aes-128.o
 .text          0x0000000000013c93        0x0 build/cooja/obj/anti-replay.o
 .text          0x0000000000013c93       0x34 build/cooja/obj/assert.o
                0x0000000000013c93                _xassert
 .text          0x0000000000013cc7       0x84 build/cooja/obj/atomic.o
                0x0000000000013cf4                atomic_generic_cas_uint8
 .text          0x0000000000013d4b       0xbd build/cooja/obj/autostart.o
                0x0000000000013d4b                autostart_start
                0x0000000000013dac                autostart_exit
 .text          0x0000000000013e08       0xe6 build/cooja/obj/beep.o
                0x0000000000013e08                beep_alarm
                0x0000000000013e23                beep_beep
                0x0000000000013e3b                beep
                0x0000000000013e50                beep_down
                0x0000000000013e68                beep_on
                0x0000000000013e7d                beep_off
                0x0000000000013e92                beep_spinup
                0x0000000000013ea7                beep_quick
                0x0000000000013ebf                beep_long
 .text          0x0000000000013eee      0x574 build/cooja/obj/button-hal.o
                0x00000000000140b9                button_hal_get_by_id
                0x0000000000014107                button_hal_get_by_index
                0x000000000001413e                button_hal_get_state
                0x00000000000141a1                button_hal_init
 .text          0x0000000000014462       0xa8 build/cooja/obj/buttons.o
 .text          0x000000000001450a        0x0 build/cooja/obj/ccm-star-packetbuf.o
 .text          0x000000000001450a      0x501 build/cooja/obj/ccm-star.o
 .text          0x0000000000014a0b      0x39b build/cooja/obj/cfs-cooja.o
                0x0000000000014a0b                cfs_open
                0x0000000000014a88                cfs_close
                0x0000000000014a9d                cfs_read
                0x0000000000014b64                cfs_write
                0x0000000000014c74                cfs_seek
                0x0000000000014d23                cfs_remove
                0x0000000000014d53                cfs_opendir
                0x0000000000014d6a                cfs_readdir
                0x0000000000014d81                cfs_closedir
 .text          0x0000000000014da6      0x208 build/cooja/obj/circular-list.o
                0x0000000000014da6                circular_list_init
                0x0000000000014dc0                circular_list_head
                0x0000000000014dd5                circular_list_tail
                0x0000000000014e25                circular_list_remove
                0x0000000000014eb8                circular_list_add
                0x0000000000014f2e                circular_list_length
                0x0000000000014f93                circular_list_is_empty
 .text          0x0000000000014fae       0x6f build/cooja/obj/clock.o
                0x0000000000014fae                clock_init
                0x0000000000014fb9                clock_time
                0x0000000000014fcd                clock_seconds
                0x0000000000014ff9                clock_delay
 .text          0x000000000001501d       0xdc build/cooja/obj/compower.o
                0x000000000001502b                compower_init
                0x0000000000015045                compower_accumulate
                0x00000000000150cf                compower_clear
 .text          0x00000000000150f9      0x400 build/cooja/obj/contiki-main.o
                0x00000000000150f9                main
 .text          0x00000000000154f9      0x214 build/cooja/obj/cooja-log.o
                0x00000000000154f9                simlog_char
                0x0000000000015553                simlog
                0x00000000000155d8                log_message
                0x000000000001561d                log_set_putchar_with_slip
                0x0000000000015634                dbg_putchar
                0x00000000000156b5                dbg_send_bytes
 .text          0x000000000001570d      0x79f build/cooja/obj/cooja-radio.o
                0x000000000001576c                radio_set_channel
                0x0000000000015786                radio_set_txpower
                0x00000000000157a3                radio_signal_strength_last
                0x00000000000157b6                radio_signal_strength_current
                0x00000000000157c9                radio_LQI
 .text          0x0000000000015eac       0xab build/cooja/obj/cooja_mt.o
                0x0000000000015eac                cooja_mt_start
                0x0000000000015eec                cooja_mt_exec
                0x0000000000015f2f                cooja_mt_yield
 .text          0x0000000000015f57      0x10e build/cooja/obj/cooja_mtarch.o
                0x0000000000015f57                cooja_mtarch_start
                0x0000000000015ffa                cooja_sw
                0x0000000000016027                cooja_mtarch_exec
                0x0000000000016055                cooja_mtarch_yield
 .text          0x0000000000016065       0xc6 build/cooja/obj/crc16.o
                0x0000000000016065                crc16_add
                0x00000000000160d7                crc16_data
 .text          0x000000000001612b      0xae3 build/cooja/obj/csma-output.o
                0x000000000001690d                csma_output_packet
                0x0000000000016bd6                csma_output_init
 .text          0x0000000000016c0e       0x3d build/cooja/obj/csma-security.o
                0x0000000000016c0e                csma_security_create_frame
                0x0000000000016c34                csma_security_parse_frame
 .text          0x0000000000016c4b      0x292 build/cooja/obj/csma.o
 .text          0x0000000000016edd      0x441 build/cooja/obj/ctimer.o
                0x000000000001703f                ctimer_init
                0x0000000000017074                ctimer_set
                0x00000000000170b8                ctimer_set_with_process
                0x0000000000017172                ctimer_reset
                0x00000000000171e3                ctimer_restart
                0x0000000000017254                ctimer_stop
                0x00000000000172b2                ctimer_expired
 .text          0x000000000001731e      0x411 build/cooja/obj/dbl-circ-list.o
                0x000000000001731e                dbl_circ_list_init
                0x0000000000017338                dbl_circ_list_head
                0x000000000001734d                dbl_circ_list_tail
                0x000000000001739d                dbl_circ_list_remove
                0x000000000001746b                dbl_circ_list_add_head
                0x0000000000017513                dbl_circ_list_add_tail
                0x00000000000175b9                dbl_circ_list_add_after
                0x000000000001762b                dbl_circ_list_add_before
                0x00000000000176b7                dbl_circ_list_length
                0x0000000000017714                dbl_circ_list_is_empty
 .text          0x000000000001772f      0x3a5 build/cooja/obj/dbl-list.o
                0x000000000001772f                dbl_list_init
                0x0000000000017749                dbl_list_head
                0x000000000001775e                dbl_list_tail
                0x00000000000177a7                dbl_list_remove
                0x0000000000017860                dbl_list_add_head
                0x00000000000178d8                dbl_list_add_tail
                0x0000000000017951                dbl_list_add_after
                0x00000000000179cf                dbl_list_add_before
                0x0000000000017a68                dbl_list_length
                0x0000000000017ab9                dbl_list_is_empty
 .text          0x0000000000017ad4      0x163 build/cooja/obj/eeprom.o
                0x0000000000017ad4                eeprom_init
                0x0000000000017ae3                eeprom_read
                0x0000000000017b82                eeprom_write
 .text          0x0000000000017c37       0x25 build/cooja/obj/energest.o
                0x0000000000017c37                energest_init
                0x0000000000017c42                energest_flush
                0x0000000000017c4d                energest_get_total_time
 .text          0x0000000000017c5c      0x57c build/cooja/obj/etimer.o
                0x0000000000017f04                etimer_request_poll
                0x0000000000017fb6                etimer_set
                0x0000000000017fec                etimer_reset_with_new_interval
                0x0000000000018027                etimer_reset
                0x0000000000018052                etimer_restart
                0x000000000001807d                etimer_adjust
                0x00000000000180ae                etimer_expired
                0x00000000000180cd                etimer_expiration_time
                0x00000000000180ed                etimer_start_time
                0x0000000000018102                etimer_pending
                0x000000000001811c                etimer_next_expiration_time
                0x000000000001813d                etimer_stop
 .text          0x00000000000181d8      0xca9 build/cooja/obj/frame802154.o
                0x0000000000018206                frame802154_get_pan_id
                0x0000000000018217                frame802154_set_pan_id
                0x0000000000018233                frame802154_has_panid
                0x0000000000018412                frame802154_check_dest_panid
                0x00000000000184b0                frame802154_is_broadcast_addr
                0x0000000000018507                frame802154_extract_linkaddr
                0x00000000000187a1                frame802154_hdrlen
                0x0000000000018820                frame802154_create_fcf
                0x00000000000188f2                frame802154_create
                0x0000000000018a9c                frame802154_parse_fcf
                0x0000000000018b93                frame802154_parse
 .text          0x0000000000018e81     0x10d6 build/cooja/obj/frame802154e-ie.o
                0x0000000000018fc5                frame80215e_create_ie_header_ack_nack_time_correction
                0x0000000000019063                frame80215e_create_ie_header_list_termination_1
                0x00000000000190b8                frame80215e_create_ie_header_list_termination_2
                0x000000000001910d                frame80215e_create_ie_payload_list_termination
                0x0000000000019162                frame80215e_create_ie_mlme
                0x00000000000191bd                frame80215e_create_ie_tsch_synchronization
                0x000000000001928f                frame80215e_create_ie_tsch_slotframe_and_link
                0x00000000000194d9                frame80215e_create_ie_tsch_timeslot
                0x00000000000195d3                frame80215e_create_ie_tsch_channel_hopping_sequence
                0x0000000000019c4f                frame802154e_parse_information_elements
 .text          0x0000000000019f57      0x451 build/cooja/obj/framer-802154.o
                0x000000000001a0f2                framer_802154_setup_params
 .text          0x000000000001a3a8      0x41b build/cooja/obj/gpio-hal-arch.o
                0x000000000001a3a8                gpio_hal_arch_register_pin_callback
                0x000000000001a44f                gpio_hal_arch_init
                0x000000000001a4a5                gpio_hal_arch_no_port_interrupt_enable
                0x000000000001a4f2                gpio_hal_arch_no_port_interrupt_disable
                0x000000000001a53f                gpio_hal_arch_no_port_pin_cfg_set
                0x000000000001a575                gpio_hal_arch_no_port_pin_cfg_get
                0x000000000001a5a9                gpio_hal_arch_no_port_pin_set_input
                0x000000000001a5bc                gpio_hal_arch_no_port_pin_set_output
                0x000000000001a5cf                gpio_hal_arch_no_port_set_pin
                0x000000000001a5f3                gpio_hal_arch_no_port_clear_pin
                0x000000000001a617                gpio_hal_arch_no_port_read_pin
                0x000000000001a644                gpio_hal_arch_no_port_write_pin
                0x000000000001a66e                gpio_hal_arch_no_port_set_pins
                0x000000000001a6bd                gpio_hal_arch_no_port_clear_pins
                0x000000000001a70c                gpio_hal_arch_no_port_read_pins
                0x000000000001a75a                gpio_hal_arch_no_port_write_pins
 .text          0x000000000001a7c3      0x181 build/cooja/obj/gpio-hal.o
                0x000000000001a7c3                gpio_hal_register_handler
                0x000000000001a7ec                gpio_hal_event_handler
                0x000000000001a857                gpio_hal_init
                0x000000000001a876                gpio_hal_arch_port_toggle_pin
                0x000000000001a8ad                gpio_hal_arch_port_toggle_pins
                0x000000000001a8de                gpio_hal_arch_no_port_toggle_pin
                0x000000000001a918                gpio_hal_arch_no_port_toggle_pins
 .text          0x000000000001a944      0x8c4 build/cooja/obj/heapmem.o
                0x000000000001ad08                heapmem_alloc
                0x000000000001ad8d                heapmem_free
                0x000000000001ae9d                heapmem_realloc
                0x000000000001b0fb                heapmem_stats
 .text          0x000000000001b208      0x233 build/cooja/obj/hexconv.o
                0x000000000001b257                hexconv_hexlify
                0x000000000001b312                hexconv_unhexlify
                0x000000000001b3e6                hexconv_print
 .text          0x000000000001b43b      0x4f5 build/cooja/obj/ifft.o
                0x000000000001b544                ifft
 .text          0x000000000001b930       0x61 build/cooja/obj/int-master.o
                0x000000000001b930                int_master_enable
                0x000000000001b945                int_master_read_and_disable
                0x000000000001b965                int_master_status_set
                0x000000000001b97c                int_master_is_enabled
 .text          0x000000000001b991       0x16 build/cooja/obj/ip.o
 .text          0x000000000001b9a7      0x194 build/cooja/obj/ip64-addr.o
                0x000000000001b9a7                ip64_addr_copy4
                0x000000000001b9c6                ip64_addr_copy6
                0x000000000001b9ef                ip64_addr_4to6
                0x000000000001ba5a                ip64_addr_6to4
                0x000000000001bac7                ip64_addr_is_ip64
                0x000000000001bb04                ip64_addr_set_prefix
 .text          0x000000000001bb3b       0x80 build/cooja/obj/leds-arch.o
                0x000000000001bb54                leds_arch_init
 .text          0x000000000001bbbb      0x3ad build/cooja/obj/leds.o
                0x000000000001bbbb                leds_init
                0x000000000001bc06                leds_single_on
                0x000000000001bc73                leds_single_off
                0x000000000001bce0                leds_single_toggle
                0x000000000001bd18                leds_on
                0x000000000001bda9                leds_off
                0x000000000001be3a                leds_toggle
                0x000000000001be96                leds_set
                0x000000000001bebf                leds_get
 .text          0x000000000001bf68      0x481 build/cooja/obj/link-stats.o
                0x000000000001bf68                link_stats_from_lladdr
                0x000000000001bf90                link_stats_get_lladdr
                0x000000000001bfb8                link_stats_is_fresh
                0x000000000001c000                guess_etx_from_rssi
                0x000000000001c085                link_stats_packet_sent
                0x000000000001c1e9                link_stats_input_callback
                0x000000000001c34b                link_stats_reset
                0x000000000001c3a7                link_stats_init
 .text          0x000000000001c3e9       0x80 build/cooja/obj/linkaddr.o
                0x000000000001c3e9                linkaddr_copy
                0x000000000001c40a                linkaddr_cmp
                0x000000000001c440                linkaddr_set_node_addr
 .text          0x000000000001c469      0x39b build/cooja/obj/list.o
                0x000000000001c469                list_init
                0x000000000001c483                list_head
                0x000000000001c498                list_copy
                0x000000000001c4b9                list_tail
                0x000000000001c502                list_add
                0x000000000001c566                list_push
                0x000000000001c5a9                list_chop
                0x000000000001c636                list_pop
                0x000000000001c670                list_remove
                0x000000000001c6fc                list_length
                0x000000000001c737                list_insert
                0x000000000001c79a                list_item_next
                0x000000000001c7bd                list_contains
 .text          0x000000000001c804      0x539 build/cooja/obj/log.o
                0x000000000001c804                log_6addr
                0x000000000001c86a                log_6addr_compact_snprint
                0x000000000001c945                log_6addr_compact
                0x000000000001c9ab                log_lladdr
                0x000000000001ca2b                log_lladdr_compact
                0x000000000001caad                log_bytes
                0x000000000001cb0d                log_set_level
                0x000000000001cc1b                log_get_level
                0x000000000001ccd2                log_level_to_str
 .text          0x000000000001cd3d      0x1e0 build/cooja/obj/mac-sequence.o
                0x000000000001cd3d                mac_sequence_is_duplicate
                0x000000000001ce1e                mac_sequence_register_seqno
 .text          0x000000000001cf1d       0x3a build/cooja/obj/mac.o
                0x000000000001cf1d                mac_call_sent_callback
 .text          0x000000000001cf57      0x21a build/cooja/obj/memb.o
                0x000000000001cf57                memb_init
                0x000000000001cfba                memb_alloc
                0x000000000001d034                memb_free
                0x000000000001d0c7                memb_inmemb
                0x000000000001d11e                memb_numfree
 .text          0x000000000001d171       0x41 build/cooja/obj/moteid.o
 .text          0x000000000001d1b2      0xb10 build/cooja/obj/mqtt-client.o
                0x000000000001d5a8                random_in_range
 .text          0x000000000001dcc2      0xa7c build/cooja/obj/mqtt-prop.o
                0x000000000001dcc2                mqtt_props_init
                0x000000000001dea9                mqtt_prop_encode
                0x000000000001e62a                parse_prop
 .text          0x000000000001e73e     0x3e2f build/cooja/obj/mqtt.o
                0x000000000001ebdf                mqtt_decode_var_byte_int
                0x000000000001ece4                mqtt_encode_var_byte_int
                0x0000000000021dd5                mqtt_init
                0x0000000000021eaf                mqtt_register
                0x0000000000021f77                mqtt_connect
                0x00000000000220b7                mqtt_disconnect
                0x0000000000022108                mqtt_subscribe
                0x0000000000022211                mqtt_unsubscribe
                0x000000000002230a                mqtt_publish
                0x0000000000022445                mqtt_set_username_password
                0x00000000000224f6                mqtt_set_last_will
 .text          0x000000000002256d       0xa5 build/cooja/obj/mutex.o
                0x000000000002259a                mutex_generic_try_lock
                0x00000000000225e1                mutex_generic_unlock
 .text          0x0000000000022612      0xcc1 build/cooja/obj/nbr-table.o
                0x0000000000022a70                nbr_table_count_entries
                0x0000000000022b12                nbr_table_gc_get_worst
                0x0000000000022b55                nbr_table_can_accept_new
                0x0000000000022d0a                nbr_table_entry_is_allowed
                0x0000000000022dc5                nbr_table_register
                0x0000000000022e57                nbr_table_is_registered
                0x0000000000022eae                nbr_table_head
                0x0000000000022f1c                nbr_table_next
                0x0000000000022f99                nbr_table_add_lladdr
                0x00000000000230f9                nbr_table_get_from_lladdr
                0x0000000000023158                nbr_table_remove
                0x00000000000231b2                nbr_table_lock
                0x00000000000231e7                nbr_table_unlock
                0x000000000002321c                nbr_table_get_lladdr
                0x000000000002325f                nbr_table_clear
                0x000000000002329c                nbr_table_key_head
                0x00000000000232b5                nbr_table_key_next
 .text          0x00000000000232d3       0x80 build/cooja/obj/net-debug.o
                0x00000000000232d3                net_debug_lladdr_print
 .text          0x0000000000023353      0x12b build/cooja/obj/netstack.o
                0x0000000000023353                netstack_process_ip_callback
                0x00000000000233f4                netstack_ip_packet_processor_add
                0x0000000000023424                uip_ds6_ip_packet_processor_rm
                0x000000000002344d                netstack_init
 .text          0x000000000002347e       0x36 build/cooja/obj/node-id.o
                0x000000000002347e                node_id_init
 .text          0x00000000000234b4      0x147 build/cooja/obj/nullframer.o
 .text          0x00000000000235fb      0x15a build/cooja/obj/nullradio.o
 .text          0x0000000000023755      0x4a8 build/cooja/obj/packetbuf.o
                0x0000000000023755                packetbuf_clear
                0x0000000000023783                packetbuf_copyfrom
                0x00000000000237dc                packetbuf_copyto
                0x0000000000023882                packetbuf_hdralloc
                0x0000000000023911                packetbuf_hdrreduce
                0x0000000000023961                packetbuf_set_datalen
                0x000000000002397d                packetbuf_dataptr
                0x00000000000239a2                packetbuf_hdrptr
                0x00000000000239b3                packetbuf_datalen
                0x00000000000239c4                packetbuf_hdrlen
                0x00000000000239e0                packetbuf_totlen
                0x0000000000023a02                packetbuf_remaininglen
                0x0000000000023a1a                packetbuf_attr_clear
                0x0000000000023a7f                packetbuf_attr_copyto
                0x0000000000023aca                packetbuf_attr_copyfrom
                0x0000000000023b15                packetbuf_set_attr
                0x0000000000023b45                packetbuf_attr
                0x0000000000023b66                packetbuf_set_addr
                0x0000000000023bac                packetbuf_addr
                0x0000000000023bd6                packetbuf_holds_broadcast
 .text          0x0000000000023bfd       0xfa build/cooja/obj/pir-sensor.o
 .text          0x0000000000023cf7      0x116 build/cooja/obj/printf.o
                0x0000000000023d2c                printf
                0x0000000000023d2c                __wrap_printf
 .text          0x0000000000023e0d      0x673 build/cooja/obj/process.o
                0x0000000000023e0d                process_alloc_event
                0x0000000000023e27                process_start
                0x0000000000024097                process_exit
                0x00000000000240c3                process_init
                0x00000000000242ba                process_run
                0x00000000000242ef                process_nevents
                0x000000000002430f                process_post
                0x00000000000243d7                process_post_synch
                0x0000000000024425                process_poll
                0x0000000000024462                process_is_running
 .text          0x0000000000024480      0x988 build/cooja/obj/psock.o
                0x00000000000248a3                psock_send
                0x000000000002495b                psock_generator_send
                0x0000000000024abd                psock_datalen
                0x0000000000024ae0                psock_newdata
                0x0000000000024b3d                psock_readto
                0x0000000000024c5d                psock_readbuf_len
                0x0000000000024d96                psock_init
 .text          0x0000000000024e08       0x1b build/cooja/obj/putchar.o
                0x0000000000024e08                putchar
                0x0000000000024e08                __wrap_putchar
 .text          0x0000000000024e23       0x38 build/cooja/obj/puts.o
                0x0000000000024e23                puts
                0x0000000000024e23                __wrap_puts
 .text          0x0000000000024e5b      0x382 build/cooja/obj/queuebuf.o
                0x0000000000024e70                queuebuf_init
                0x0000000000024e99                queuebuf_numfree
                0x0000000000024eb2                queuebuf_new_from_packetbuf
                0x0000000000024f65                queuebuf_update_attr_from_packetbuf
                0x0000000000024fa8                queuebuf_update_from_packetbuf
                0x0000000000025004                queuebuf_free
                0x0000000000025060                queuebuf_to_packetbuf
                0x00000000000250d9                queuebuf_dataptr
                0x0000000000025120                queuebuf_datalen
                0x0000000000025150                queuebuf_addr
                0x0000000000025197                queuebuf_attr
                0x00000000000251d2                queuebuf_debug_print
 .text          0x00000000000251dd       0x2f build/cooja/obj/random.o
                0x00000000000251dd                random_init
                0x00000000000251fd                random_rand
 .text          0x000000000002520c      0x19d build/cooja/obj/ringbuf.o
                0x000000000002520c                ringbuf_init
                0x000000000002524d                ringbuf_put
                0x00000000000252dc                ringbuf_get
                0x000000000002535a                ringbuf_size
                0x0000000000025376                ringbuf_elements
 .text          0x00000000000253a9      0x25a build/cooja/obj/ringbufindex.o
                0x00000000000253a9                ringbufindex_init
                0x00000000000253da                ringbufindex_put
                0x0000000000025445                ringbufindex_peek_put
                0x0000000000025497                ringbufindex_get
                0x0000000000025504                ringbufindex_peek_get
                0x000000000002554c                ringbufindex_size
                0x0000000000025567                ringbufindex_elements
                0x0000000000025599                ringbufindex_full
                0x00000000000255dd                ringbufindex_empty
 .text          0x0000000000025603      0x35a build/cooja/obj/rpl-dag-root.o
                0x0000000000025603                rpl_dag_root_print_links
                0x0000000000025778                rpl_dag_root_set_prefix
                0x00000000000257b4                rpl_dag_root_start
                0x000000000002591d                rpl_dag_root_is_root
 .text          0x000000000002595d     0x1219 build/cooja/obj/rpl-dag.o
                0x000000000002595d                rpl_dag_state_to_str
                0x00000000000259bb                rpl_dag_get_root_ipaddr
                0x0000000000025a05                rpl_dag_leave
                0x0000000000025ab0                rpl_dag_poison_and_leave
                0x0000000000025ace                rpl_dag_periodic
                0x0000000000025b92                rpl_is_addr_in_our_dag
                0x0000000000025bee                rpl_get_default_instance
                0x0000000000025c15                rpl_get_any_dag
                0x0000000000025c82                rpl_refresh_routes
                0x0000000000025ce4                rpl_global_repair
                0x0000000000025da6                rpl_local_repair
                0x0000000000025e08                rpl_dag_ready_to_advertise
                0x0000000000025e60                rpl_dag_update_state
                0x0000000000026723                rpl_process_dio
                0x00000000000267c5                rpl_process_dis
                0x0000000000026819                rpl_process_dao
                0x00000000000268c2                rpl_process_dao_ack
                0x0000000000026972                rpl_process_hbh
                0x00000000000269d1                rpl_dag_init_root
                0x0000000000026b52                rpl_dag_init
 .text          0x0000000000026b76      0xdef build/cooja/obj/rpl-ext-header.o
                0x0000000000026b76                rpl_ext_header_srh_get_next_hop
                0x0000000000026c87                rpl_ext_header_srh_update
                0x0000000000027316                rpl_ext_header_hbh_update
                0x00000000000276b6                rpl_ext_header_update
                0x0000000000027760                rpl_ext_header_remove
 .text          0x0000000000027965     0x16eb build/cooja/obj/rpl-icmp6.o
                0x0000000000027af9                rpl_icmp6_update_nbr_table
                0x0000000000027bae                rpl_icmp6_dis_output
                0x00000000000282d2                rpl_icmp6_dio_output
                0x0000000000028c02                rpl_icmp6_dao_output
                0x0000000000028f73                rpl_icmp6_dao_ack_output
                0x0000000000029009                rpl_icmp6_init
 .text          0x0000000000029050      0x36f build/cooja/obj/rpl-mrhof.o
 .text          0x00000000000293bf       0x8c build/cooja/obj/rpl-nbr-policy.o
                0x0000000000029407                rpl_nbr_gc_get_worst
 .text          0x000000000002944b      0xadd build/cooja/obj/rpl-neighbor.o
                0x00000000000294de                rpl_neighbor_snprint
                0x000000000002980c                rpl_neighbor_print_list
                0x00000000000298e3                rpl_neighbor_count
                0x00000000000299ce                rpl_neighbor_get_from_lladdr
                0x00000000000299f9                rpl_neighbor_is_acceptable_parent
                0x0000000000029a45                rpl_neighbor_get_link_metric
                0x0000000000029a91                rpl_neighbor_rank_via_nbr
                0x0000000000029add                rpl_neighbor_get_lladdr
                0x0000000000029b08                rpl_neighbor_get_ipaddr
                0x0000000000029b36                rpl_neighbor_get_link_stats
                0x0000000000029b64                rpl_neighbor_is_fresh
                0x0000000000029b92                rpl_neighbor_is_parent
                0x0000000000029bcb                rpl_neighbor_set_preferred_parent
                0x0000000000029c82                rpl_neighbor_remove_all
                0x0000000000029ce8                rpl_neighbor_get_from_ipaddr
                0x0000000000029e21                rpl_neighbor_select_best
                0x0000000000029f01                rpl_neighbor_init
 .text          0x0000000000029f28      0x31f build/cooja/obj/rpl-of0.o
 .text          0x000000000002a247      0xd3d build/cooja/obj/rpl-timers.o
                0x000000000002a247                rpl_timers_schedule_periodic_dis
                0x000000000002a3fd                rpl_timers_dio_reset
                0x000000000002a581                rpl_timers_schedule_unicast_dio
                0x000000000002a768                rpl_timers_schedule_dao
                0x000000000002a86e                rpl_timers_schedule_dao_ack
                0x000000000002a933                rpl_timers_notify_dao_ack
                0x000000000002a9a8                get_probing_delay
                0x000000000002a9ef                get_probing_target
                0x000000000002ac2d                rpl_schedule_probing
                0x000000000002ac74                rpl_schedule_probing_now
                0x000000000002ad02                rpl_timers_unschedule_leaving
                0x000000000002ad4c                rpl_timers_schedule_leaving
                0x000000000002adaa                rpl_timers_init
                0x000000000002ae5c                rpl_timers_stop_dag_timers
                0x000000000002aefe                rpl_timers_unschedule_state_update
                0x000000000002af2b                rpl_timers_schedule_state_update
 .text          0x000000000002af84      0x66e build/cooja/obj/rpl.o
                0x000000000002af84                rpl_lollipop_greater_than
                0x000000000002afe8                rpl_get_global_address
                0x000000000002b188                rpl_link_callback
                0x000000000002b1f2                rpl_has_joined
                0x000000000002b225                rpl_is_reachable
                0x000000000002b2cb                rpl_reset_prefix
                0x000000000002b342                rpl_set_prefix_from_addr
                0x000000000002b45d                rpl_set_prefix
                0x000000000002b5c7                rpl_set_leaf_only
                0x000000000002b5e1                rpl_get_leaf_only
 .text          0x000000000002b5f2      0x18b build/cooja/obj/rs232.o
                0x000000000002b5f2                rs232_init
                0x000000000002b5fd                rs232_set_speed
                0x000000000002b60d                rs232_set_input
                0x000000000002b627                rs232_send
                0x000000000002b646                rs232_print
                0x000000000002b674                slip_arch_writeb
 .text          0x000000000002b77d       0xcc build/cooja/obj/rtimer-arch.o
                0x000000000002b77d                rtimer_arch_init
                0x000000000002b7a3                rtimer_arch_schedule
                0x000000000002b7cd                rtimer_arch_next
                0x000000000002b7e1                rtimer_arch_pending
                0x000000000002b7f4                rtimer_arch_check
                0x000000000002b835                rtimer_arch_now
 .text          0x000000000002b849      0x101 build/cooja/obj/rtimer.o
                0x000000000002b849                rtimer_init
                0x000000000002b859                rtimer_set
                0x000000000002b8da                rtimer_run_next
 .text          0x000000000002b94a      0x35f build/cooja/obj/sensors.o
                0x000000000002b993                sensors_first
                0x000000000002b9a7                sensors_next
                0x000000000002b9d6                sensors_changed
                0x000000000002ba23                sensors_find
 .text          0x000000000002bca9      0x238 build/cooja/obj/serial-line.o
                0x000000000002bca9                serial_line_input_byte
                0x000000000002bea4                serial_line_init
 .text          0x000000000002bee1     0x3747 build/cooja/obj/sicslowpan.o
                0x000000000002c6b7                netstack_sniffer_add
                0x000000000002c6d1                netstack_sniffer_remove
                0x000000000002f5f1                sicslowpan_init
                0x000000000002f618                sicslowpan_get_last_rssi
 .text          0x000000000002f628       0x93 build/cooja/obj/simEnvChange.o
                0x000000000002f628                doActionsBeforeTick
                0x000000000002f671                doActionsAfterTick
 .text          0x000000000002f6bb      0x496 build/cooja/obj/simple-udp.o
                0x000000000002f6ec                simple_udp_send
                0x000000000002f75e                simple_udp_sendto
                0x000000000002f7d0                simple_udp_sendto_port
                0x000000000002f840                simple_udp_register
 .text          0x000000000002fb51       0x1a build/cooja/obj/slip-arch.o
                0x000000000002fb51                slip_arch_init
 .text          0x000000000002fb6b      0x72b build/cooja/obj/slip.o
                0x000000000002fb6b                slip_set_input_callback
                0x000000000002fb85                slip_send
                0x000000000002fbae                slip_write
                0x0000000000030145                slip_input_byte
 .text          0x0000000000030296      0x1f8 build/cooja/obj/snprintf.o
                0x0000000000030321                __wrap_snprintf
                0x0000000000030321                snprintf
                0x0000000000030406                vsnprintf
                0x0000000000030406                __wrap_vsnprintf
 .text          0x000000000003048e      0x152 build/cooja/obj/sprintf.o
                0x00000000000304d9                __wrap_sprintf
                0x00000000000304d9                sprintf
 .text          0x00000000000305e0      0x125 build/cooja/obj/stimer.o
                0x00000000000305e0                stimer_set
                0x000000000003060f                stimer_reset
                0x000000000003064b                stimer_restart
                0x000000000003066a                stimer_expired
                0x00000000000306ac                stimer_remaining
                0x00000000000306e4                stimer_elapsed
 .text          0x0000000000030705     0x170b build/cooja/obj/strformat.o
                0x0000000000030a78                format_str
                0x0000000000030b59                format_str_v
 .text          0x0000000000031e10      0xbaa build/cooja/obj/tcp-socket.o
                0x0000000000032549                tcp_socket_register
                0x0000000000032611                tcp_socket_connect
                0x00000000000326ce                tcp_socket_listen
                0x000000000003275b                tcp_socket_unlisten
                0x00000000000327e7                tcp_socket_send
                0x00000000000328a4                tcp_socket_send_str
                0x00000000000328db                tcp_socket_close
                0x0000000000032910                tcp_socket_unregister
                0x0000000000032979                tcp_socket_max_sendlen
                0x00000000000329a1                tcp_socket_queuelen
 .text          0x00000000000329ba      0xc96 build/cooja/obj/tcpip.o
                0x00000000000329ea                tcpip_output
                0x0000000000032aec                tcp_connect
                0x0000000000032b53                tcp_unlisten
                0x0000000000032bc3                tcp_listen
                0x0000000000032c2f                tcp_attach
                0x0000000000032c5d                udp_attach
                0x0000000000032c8b                udp_new
                0x0000000000032ce6                udp_broadcast_new
                0x0000000000032ff9                tcpip_input
                0x00000000000331d1                tcpip_ipv6_output
                0x000000000003342a                tcpip_poll_udp
                0x0000000000033458                tcpip_poll_tcp
                0x0000000000033486                tcpip_uipcall
 .text          0x0000000000033650       0xfd build/cooja/obj/timer.o
                0x0000000000033650                timer_set
                0x000000000003367f                timer_reset
                0x00000000000336bb                timer_restart
                0x00000000000336da                timer_expired
                0x0000000000033715                timer_remaining
 .text          0x000000000003374d      0x55e build/cooja/obj/trickle-timer.o
                0x0000000000033aa9                trickle_timer_consistency
                0x0000000000033ae5                trickle_timer_inconsistency
                0x0000000000033b36                trickle_timer_config
                0x0000000000033c0d                trickle_timer_set
 .text          0x0000000000033cab      0x4cf build/cooja/obj/udp-socket.o
                0x0000000000033cdc                udp_socket_register
                0x0000000000033d99                udp_socket_close
                0x0000000000033ddc                udp_socket_bind
                0x0000000000033e2f                udp_socket_connect
                0x0000000000033ea7                udp_socket_send
                0x0000000000033efd                udp_socket_sendto
 .text          0x000000000003417a      0x416 build/cooja/obj/uip-ds6-nbr.o
                0x000000000003417a                uip_ds6_neighbors_init
                0x00000000000341a3                uip_ds6_nbr_add
                0x0000000000034241                uip_ds6_nbr_rm
                0x000000000003429e                uip_ds6_nbr_update_ll
                0x00000000000343a3                uip_ds6_nbr_get_ipaddr
                0x00000000000343c3                uip_ds6_nbr_get_ll
                0x00000000000343eb                uip_ds6_nbr_num
                0x000000000003443d                uip_ds6_nbr_head
                0x0000000000034456                uip_ds6_nbr_next
                0x000000000003447e                uip_ds6_nbr_lookup
                0x00000000000344e7                uip_ds6_nbr_ll_lookup
                0x000000000003450f                uip_ds6_nbr_ipaddr_from_lladdr
                0x0000000000034543                uip_ds6_nbr_lladdr_from_ipaddr
                0x000000000003457f                uip_ds6_link_callback
 .text          0x0000000000034590      0x3f9 build/cooja/obj/uip-ds6-route.o
                0x00000000000345e7                uip_ds6_route_init
                0x0000000000034610                uip_ds6_route_count_nexthop_neighbors
                0x000000000003461f                uip_ds6_route_nexthop
                0x0000000000034632                uip_ds6_route_head
                0x0000000000034641                uip_ds6_route_next
                0x0000000000034654                uip_ds6_route_is_nexthop
                0x0000000000034667                uip_ds6_route_num_routes
                0x0000000000034676                uip_ds6_route_lookup
                0x0000000000034689                uip_ds6_route_add
                0x00000000000346a5                uip_ds6_route_rm
                0x00000000000346b4                uip_ds6_route_rm_by_nexthop
                0x00000000000346c3                uip_ds6_defrt_head
                0x00000000000346dc                uip_ds6_defrt_add
                0x000000000003479c                uip_ds6_defrt_rm
                0x0000000000034812                uip_ds6_defrt_lookup
                0x0000000000034889                uip_ds6_defrt_choose
                0x000000000003490c                uip_ds6_defrt_periodic
 .text          0x0000000000034989      0xebc build/cooja/obj/uip-ds6.o
                0x0000000000034989                uip_ds6_default_prefix
                0x000000000003499a                uip_ds6_set_default_prefix
                0x00000000000349c2                uip_ds6_init
                0x0000000000034c61                uip_ds6_periodic
                0x0000000000034d03                uip_ds6_list_loop
                0x0000000000034dec                uip_ds6_prefix_add
                0x0000000000034ebd                uip_ds6_prefix_rm
                0x0000000000034edb                uip_ds6_prefix_lookup
                0x0000000000034f32                uip_ds6_is_addr_onlink
                0x0000000000034fc6                uip_ds6_addr_add
                0x0000000000035111                uip_ds6_addr_rm
                0x00000000000351cc                uip_ds6_addr_lookup
                0x0000000000035221                uip_ds6_get_link_local
                0x00000000000352c6                uip_ds6_get_global
                0x000000000003536b                uip_ds6_maddr_add
                0x00000000000353e7                uip_ds6_maddr_rm
                0x0000000000035405                uip_ds6_maddr_lookup
                0x000000000003545d                uip_ds6_aaddr_add
                0x00000000000354d9                uip_ds6_aaddr_rm
                0x00000000000354f7                uip_ds6_aaddr_lookup
                0x000000000003554f                uip_ds6_select_src
                0x00000000000356d9                uip_ds6_set_addr_iid
                0x0000000000035712                uip_ds6_set_lladdr_from_iid
                0x0000000000035749                get_match_length
                0x00000000000357f7                uip_ds6_compute_reachable_time
 .text          0x0000000000035845      0x8b7 build/cooja/obj/uip-icmp6.o
                0x00000000000358c2                uip_icmp6_input
                0x0000000000035920                uip_icmp6_register_input_handler
                0x0000000000035ab2                uip_icmp6_error_output
                0x0000000000035e17                uip_icmp6_send
                0x0000000000036063                uip_icmp6_echo_reply_callback_add
                0x00000000000360aa                uip_icmp6_echo_reply_callback_rm
                0x00000000000360d3                uip_icmp6_init
 .text          0x00000000000360fc       0xdd build/cooja/obj/uip-nameserver.o
                0x00000000000360fc                uip_nameserver_update
                0x0000000000036130                uip_nameserver_get
                0x0000000000036153                uip_nameserver_next_expiration
                0x0000000000036163                uip_nameserver_count
 .text          0x00000000000361d9      0x87f build/cooja/obj/uip-nd6.o
                0x0000000000036a3e                uip_nd6_init
 .text          0x0000000000036a58      0x1b9 build/cooja/obj/uip-packetqueue.o
                0x0000000000036a97                uip_packetqueue_new
                0x0000000000036ab1                uip_packetqueue_alloc
                0x0000000000036b2b                uip_packetqueue_free
                0x0000000000036b83                uip_packetqueue_buf
                0x0000000000036baf                uip_packetqueue_buflen
                0x0000000000036bde                uip_packetqueue_set_buflen
 .text          0x0000000000036c11      0x7e7 build/cooja/obj/uip-sr.o
                0x0000000000036c11                uip_sr_num_nodes
                0x0000000000036cbc                uip_sr_get_node
                0x0000000000036d24                uip_sr_is_addr_reachable
                0x0000000000036dec                uip_sr_expire_parent
                0x0000000000036e5b                uip_sr_update_node
                0x0000000000036fcf                uip_sr_init
                0x0000000000037002                uip_sr_node_head
                0x000000000003701b                uip_sr_node_next
                0x0000000000037039                uip_sr_periodic
                0x0000000000037175                uip_sr_free_all
                0x00000000000371f4                uip_sr_link_snprint
 .text          0x00000000000373f8      0x147 build/cooja/obj/uip-udp-packet.o
                0x00000000000373f8                uip_udp_packet_send
                0x000000000003747a                uip_udp_packet_sendto
 .text          0x000000000003753f     0x3915 build/cooja/obj/uip6.o
                0x000000000003753f                uip_add32
                0x0000000000037749                uip_chksum
                0x000000000003782f                uip_icmp6chksum
                0x0000000000037843                uip_tcpchksum
                0x0000000000037857                uip_udpchksum
                0x000000000003786b                uip_init
                0x0000000000037930                uip_connect
                0x0000000000037ada                uip_remove_ext_hdr
                0x0000000000037bdb                uip_udp_new
                0x0000000000037d47                uip_unlisten
                0x0000000000037d96                uip_listen
                0x00000000000380b8                uip_process
                0x000000000003acda                uip_htons
                0x000000000003acfd                uip_htonl
                0x000000000003ad45                uip_send
 .text          0x000000000003ae54      0x5b1 build/cooja/obj/uipbuf.o
                0x000000000003ae54                uipbuf_clear
                0x000000000003ae86                uipbuf_add_ext_hdr
                0x000000000003af1e                uipbuf_set_len
                0x000000000003af50                uipbuf_set_len_field
                0x000000000003af83                uipbuf_get_len_field
                0x000000000003afae                uipbuf_get_next_header
                0x000000000003b120                uipbuf_get_last_header
                0x000000000003b1b3                uipbuf_search_header
                0x000000000003b27a                uipbuf_get_attr
                0x000000000003b2ab                uipbuf_set_attr
                0x000000000003b2eb                uipbuf_set_default_attr
                0x000000000003b32b                uipbuf_clear_attr
                0x000000000003b352                uipbuf_set_attr_flag
                0x000000000003b375                uipbuf_clr_attr_flag
                0x000000000003b39e                uipbuf_is_attr_flag
                0x000000000003b3c3                uipbuf_init
 .text          0x000000000003b405      0x57d build/cooja/obj/uiplib.o
                0x000000000003b405                uiplib_ip6addrconv
                0x000000000003b5e1                uiplib_ip4addrconv
                0x000000000003b6b3                uiplib_ipaddr_print
                0x000000000003b719                uiplib_ipaddr_snprint
 .text          0x000000000003b982       0xfa build/cooja/obj/vib-sensor.o
 .text          0x000000000003ba7c       0x49 build/cooja/obj/watchdog.o
                0x000000000003ba7c                watchdog_init
                0x000000000003ba87                watchdog_start
                0x000000000003ba92                watchdog_periodic
                0x000000000003baaf                watchdog_stop
                0x000000000003baba                watchdog_reboot
 .text          0x000000000003bac5        0x0 /usr/lib/gcc/x86_64-linux-gnu/11/crtendS.o
 .text          0x000000000003bac5        0x0 /usr/lib/gcc/x86_64-linux-gnu/11/../../../x86_64-linux-gnu/crtn.o
 *(.gnu.warning)

.fini           0x000000000003bac8        0xd
 *(SORT_NONE(.fini))
 .fini          0x000000000003bac8        0x8 /usr/lib/gcc/x86_64-linux-gnu/11/../../../x86_64-linux-gnu/crti.o
                0x000000000003bac8                _fini
 .fini          0x000000000003bad0        0x5 /usr/lib/gcc/x86_64-linux-gnu/11/../../../x86_64-linux-gnu/crtn.o
                [!provide]                        PROVIDE (__etext = .)
                [!provide]                        PROVIDE (_etext = .)
                [!provide]                        PROVIDE (etext = .)
                0x000000000003c000                . = ALIGN (CONSTANT (MAXPAGESIZE))
                0x000000000003c000                . = SEGMENT_START ("rodata-segment", (ALIGN (CONSTANT (MAXPAGESIZE)) + (. & (CONSTANT (MAXPAGESIZE) - 0x1))))

.rodata         0x000000000003c000     0x1247
 *(.rodata .rodata.* .gnu.linkonce.r.*)
 .rodata        0x000000000003c000      0x100 build/cooja/obj/aes-128.o
 .rodata        0x000000000003c100       0x25 build/cooja/obj/assert.o
 .rodata        0x000000000003c125       0x13 build/cooja/obj/button-hal.o
 .rodata        0x000000000003c138       0x14 build/cooja/obj/buttons.o
                0x000000000003c144                button_hal_button_count
 *fill*         0x000000000003c14c        0x4 
 .rodata        0x000000000003c150       0x26 build/cooja/obj/cfs-cooja.o
 *fill*         0x000000000003c176        0x2 
 .rodata        0x000000000003c178       0xfc build/cooja/obj/contiki-main.o
 .rodata        0x000000000003c274       0x68 build/cooja/obj/cooja-radio.o
 *fill*         0x000000000003c2dc        0x4 
 .rodata        0x000000000003c2e0       0x2d build/cooja/obj/csma-output.o
 .rodata        0x000000000003c30d        0x5 build/cooja/obj/csma.o
 .rodata        0x000000000003c312        0xf build/cooja/obj/ctimer.o
 .rodata        0x000000000003c321        0xc build/cooja/obj/etimer.o
 *fill*         0x000000000003c32d        0x3 
 .rodata        0x000000000003c330       0xb0 build/cooja/obj/heapmem.o
 .rodata        0x000000000003c3e0       0x16 build/cooja/obj/hexconv.o
 *fill*         0x000000000003c3f6        0xa 
 .rodata        0x000000000003c400       0x78 build/cooja/obj/ifft.o
 .rodata        0x000000000003c478        0x6 build/cooja/obj/leds-arch.o
                0x000000000003c478                leds_arch_leds
 *fill*         0x000000000003c47e        0x2 
 .rodata        0x000000000003c480        0x8 build/cooja/obj/linkaddr.o
                0x000000000003c480                linkaddr_null
 .rodata        0x000000000003c488       0xc0 build/cooja/obj/log.o
 .rodata        0x000000000003c548      0x390 build/cooja/obj/mqtt-client.o
 .rodata        0x000000000003c8d8      0x14c build/cooja/obj/mqtt-prop.o
 .rodata        0x000000000003ca24      0x29c build/cooja/obj/mqtt.o
 .rodata        0x000000000003ccc0       0x14 build/cooja/obj/net-debug.o
 .rodata        0x000000000003ccd4        0x4 build/cooja/obj/pir-sensor.o
 .rodata        0x000000000003ccd8       0xd7 build/cooja/obj/rpl-dag.o
 *fill*         0x000000000003cdaf        0x1 
 .rodata        0x000000000003cdb0       0x58 build/cooja/obj/rpl-neighbor.o
 .rodata        0x000000000003ce08        0xc build/cooja/obj/rpl-timers.o
 .rodata        0x000000000003ce14        0x9 build/cooja/obj/rpl.o
 .rodata        0x000000000003ce1d        0x3 build/cooja/obj/rs232.o
 .rodata        0x000000000003ce20        0x8 build/cooja/obj/sensors.o
 .rodata        0x000000000003ce28        0xe build/cooja/obj/serial-line.o
 .rodata        0x000000000003ce36       0x1d build/cooja/obj/sicslowpan.o
                0x000000000003ce36                unc_llconf
                0x000000000003ce3a                unc_ctxconf
                0x000000000003ce3e                unc_mxconf
                0x000000000003ce42                llprefix
 .rodata        0x000000000003ce53       0x13 build/cooja/obj/simple-udp.o
 .rodata        0x000000000003ce66        0xc build/cooja/obj/slip.o
 *fill*         0x000000000003ce72        0xe 
 .rodata        0x000000000003ce80      0x280 build/cooja/obj/strformat.o
 .rodata        0x000000000003d100       0x13 build/cooja/obj/tcp-socket.o
 .rodata        0x000000000003d113        0xd build/cooja/obj/tcpip.o
 .rodata        0x000000000003d120       0x13 build/cooja/obj/udp-socket.o
 *fill*         0x000000000003d133        0x5 
 .rodata        0x000000000003d138       0x4c build/cooja/obj/uip-ds6-route.o
 .rodata        0x000000000003d184       0x44 build/cooja/obj/uip-sr.o
 .rodata        0x000000000003d1c8       0x48 build/cooja/obj/uip6.o
 .rodata        0x000000000003d210       0x2d build/cooja/obj/uiplib.o
 .rodata        0x000000000003d23d        0xa build/cooja/obj/vib-sensor.o

.rodata1
 *(.rodata1)

.eh_frame_hdr   0x000000000003d248     0x1f14
 *(.eh_frame_hdr)
 .eh_frame_hdr  0x000000000003d248     0x1f14 build/cooja/mtype659236383.o
                0x000000000003d248                __GNU_EH_FRAME_HDR
 *(.eh_frame_entry .eh_frame_entry.*)

.eh_frame       0x000000000003f160     0x7cdc
 *(.eh_frame)
 .eh_frame      0x000000000003f160       0x40 /usr/lib/gcc/x86_64-linux-gnu/11/../../../x86_64-linux-gnu/crti.o
 .eh_frame      0x000000000003f1a0       0x18 /usr/lib/gcc/x86_64-linux-gnu/11/../../../x86_64-linux-gnu/crti.o
                                         0x30 (size before relaxing)
 .eh_frame      0x000000000003f1b8       0x18 /usr/lib/gcc/x86_64-linux-gnu/11/../../../x86_64-linux-gnu/crti.o
                                         0x30 (size before relaxing)
 .eh_frame      0x000000000003f1d0      0x198 build/cooja/mtype659236383.o
                                        0x1b0 (size before relaxing)
 .eh_frame      0x000000000003f368       0x60 build/cooja/obj/aes-128.o
                                         0x78 (size before relaxing)
 .eh_frame      0x000000000003f3c8       0x20 build/cooja/obj/assert.o
                                         0x38 (size before relaxing)
 .eh_frame      0x000000000003f3e8       0x60 build/cooja/obj/atomic.o
                                         0x78 (size before relaxing)
 .eh_frame      0x000000000003f448       0x40 build/cooja/obj/autostart.o
                                         0x58 (size before relaxing)
 .eh_frame      0x000000000003f488      0x160 build/cooja/obj/beep.o
                                        0x178 (size before relaxing)
 .eh_frame      0x000000000003f5e8      0x160 build/cooja/obj/button-hal.o
                                        0x178 (size before relaxing)
 .eh_frame      0x000000000003f748       0xa0 build/cooja/obj/buttons.o
                                         0xb8 (size before relaxing)
 .eh_frame      0x000000000003f7e8       0xc0 build/cooja/obj/ccm-star.o
                                         0xd8 (size before relaxing)
 .eh_frame      0x000000000003f8a8      0x160 build/cooja/obj/cfs-cooja.o
                                        0x178 (size before relaxing)
 .eh_frame      0x000000000003fa08       0xe0 build/cooja/obj/circular-list.o
                                         0xf8 (size before relaxing)
 .eh_frame      0x000000000003fae8       0xc0 build/cooja/obj/clock.o
                                         0xd8 (size before relaxing)
 .eh_frame      0x000000000003fba8       0x80 build/cooja/obj/compower.o
                                         0x98 (size before relaxing)
 .eh_frame      0x000000000003fc28       0x20 build/cooja/obj/contiki-main.o
                                         0x38 (size before relaxing)
 .eh_frame      0x000000000003fc48      0x100 build/cooja/obj/cooja-log.o
                                        0x118 (size before relaxing)
 .eh_frame      0x000000000003fd48      0x360 build/cooja/obj/cooja-radio.o
                                        0x378 (size before relaxing)
 .eh_frame      0x00000000000400a8       0x60 build/cooja/obj/cooja_mt.o
                                         0x78 (size before relaxing)
 .eh_frame      0x0000000000040108       0x80 build/cooja/obj/cooja_mtarch.o
                                         0x98 (size before relaxing)
 .eh_frame      0x0000000000040188       0x40 build/cooja/obj/crc16.o
                                         0x58 (size before relaxing)
 .eh_frame      0x00000000000401c8      0x1c8 build/cooja/obj/csma-output.o
                                        0x1e0 (size before relaxing)
 .eh_frame      0x0000000000040390       0x40 build/cooja/obj/csma-security.o
                                         0x58 (size before relaxing)
 .eh_frame      0x00000000000403d0       0xe0 build/cooja/obj/csma.o
                                         0xf8 (size before relaxing)
 .eh_frame      0x00000000000404b0      0x100 build/cooja/obj/ctimer.o
                                        0x118 (size before relaxing)
 .eh_frame      0x00000000000405b0      0x140 build/cooja/obj/dbl-circ-list.o
                                        0x158 (size before relaxing)
 .eh_frame      0x00000000000406f0      0x140 build/cooja/obj/dbl-list.o
                                        0x158 (size before relaxing)
 .eh_frame      0x0000000000040830       0xa0 build/cooja/obj/eeprom.o
                                         0xb8 (size before relaxing)
 .eh_frame      0x00000000000408d0       0x60 build/cooja/obj/energest.o
                                         0x78 (size before relaxing)
 .eh_frame      0x0000000000040930      0x1e0 build/cooja/obj/etimer.o
                                        0x1f8 (size before relaxing)
 .eh_frame      0x0000000000040b10      0x1a8 build/cooja/obj/frame802154.o
                                        0x1c0 (size before relaxing)
 .eh_frame      0x0000000000040cb8      0x220 build/cooja/obj/frame802154e-ie.o
                                        0x238 (size before relaxing)
 .eh_frame      0x0000000000040ed8       0xa8 build/cooja/obj/framer-802154.o
                                         0xc0 (size before relaxing)
 .eh_frame      0x0000000000040f80      0x220 build/cooja/obj/gpio-hal-arch.o
                                        0x238 (size before relaxing)
 .eh_frame      0x00000000000411a0       0xe0 build/cooja/obj/gpio-hal.o
                                         0xf8 (size before relaxing)
 .eh_frame      0x0000000000041280      0x160 build/cooja/obj/heapmem.o
                                        0x178 (size before relaxing)
 .eh_frame      0x00000000000413e0       0x80 build/cooja/obj/hexconv.o
                                         0x98 (size before relaxing)
 .eh_frame      0x0000000000041460       0xa0 build/cooja/obj/ifft.o
                                         0xb8 (size before relaxing)
 .eh_frame      0x0000000000041500       0x80 build/cooja/obj/int-master.o
                                         0x98 (size before relaxing)
 .eh_frame      0x0000000000041580       0x40 build/cooja/obj/ip.o
                                         0x58 (size before relaxing)
 .eh_frame      0x00000000000415c0       0xc0 build/cooja/obj/ip64-addr.o
                                         0xd8 (size before relaxing)
 .eh_frame      0x0000000000041680       0x80 build/cooja/obj/leds-arch.o
                                         0x98 (size before relaxing)
 .eh_frame      0x0000000000041700      0x120 build/cooja/obj/leds.o
                                        0x138 (size before relaxing)
 .eh_frame      0x0000000000041820      0x120 build/cooja/obj/link-stats.o
                                        0x138 (size before relaxing)
 .eh_frame      0x0000000000041940       0x60 build/cooja/obj/linkaddr.o
                                         0x78 (size before relaxing)
 .eh_frame      0x00000000000419a0      0x1a0 build/cooja/obj/list.o
                                        0x1b8 (size before relaxing)
 .eh_frame      0x0000000000041b40      0x120 build/cooja/obj/log.o
                                        0x138 (size before relaxing)
 .eh_frame      0x0000000000041c60       0x48 build/cooja/obj/mac-sequence.o
                                         0x60 (size before relaxing)
 .eh_frame      0x0000000000041ca8       0x20 build/cooja/obj/mac.o
                                         0x38 (size before relaxing)
 .eh_frame      0x0000000000041cc8       0xa0 build/cooja/obj/memb.o
                                         0xb8 (size before relaxing)
 .eh_frame      0x0000000000041d68       0x40 build/cooja/obj/moteid.o
                                         0x58 (size before relaxing)
 .eh_frame      0x0000000000041da8      0x108 build/cooja/obj/mqtt-client.o
                                        0x120 (size before relaxing)
 .eh_frame      0x0000000000041eb0      0x188 build/cooja/obj/mqtt-prop.o
                                        0x1a0 (size before relaxing)
 .eh_frame      0x0000000000042038      0x4e0 build/cooja/obj/mqtt.o
                                        0x4f8 (size before relaxing)
 .eh_frame      0x0000000000042518       0x80 build/cooja/obj/mutex.o
                                         0x98 (size before relaxing)
 .eh_frame      0x0000000000042598      0x3e0 build/cooja/obj/nbr-table.o
                                        0x3f8 (size before relaxing)
 .eh_frame      0x0000000000042978       0x20 build/cooja/obj/net-debug.o
                                         0x38 (size before relaxing)
 .eh_frame      0x0000000000042998       0x80 build/cooja/obj/netstack.o
                                         0x98 (size before relaxing)
 .eh_frame      0x0000000000042a18       0x20 build/cooja/obj/node-id.o
                                         0x38 (size before relaxing)
 .eh_frame      0x0000000000042a38       0x80 build/cooja/obj/nullframer.o
                                         0x98 (size before relaxing)
 .eh_frame      0x0000000000042ab8      0x1c0 build/cooja/obj/nullradio.o
                                        0x1d8 (size before relaxing)
 .eh_frame      0x0000000000042c78      0x288 build/cooja/obj/packetbuf.o
                                        0x2a0 (size before relaxing)
 .eh_frame      0x0000000000042f00       0xa0 build/cooja/obj/pir-sensor.o
                                         0xb8 (size before relaxing)
 .eh_frame      0x0000000000042fa0       0x40 build/cooja/obj/printf.o
                                         0x58 (size before relaxing)
 .eh_frame      0x0000000000042fe0      0x1c8 build/cooja/obj/process.o
                                        0x1e0 (size before relaxing)
 .eh_frame      0x00000000000431a8      0x160 build/cooja/obj/psock.o
                                        0x178 (size before relaxing)
 .eh_frame      0x0000000000043308       0x20 build/cooja/obj/putchar.o
                                         0x38 (size before relaxing)
 .eh_frame      0x0000000000043328       0x20 build/cooja/obj/puts.o
                                         0x38 (size before relaxing)
 .eh_frame      0x0000000000043348      0x1a0 build/cooja/obj/queuebuf.o
                                        0x1b8 (size before relaxing)
 .eh_frame      0x00000000000434e8       0x40 build/cooja/obj/random.o
                                         0x58 (size before relaxing)
 .eh_frame      0x0000000000043528       0xa0 build/cooja/obj/ringbuf.o
                                         0xb8 (size before relaxing)
 .eh_frame      0x00000000000435c8      0x120 build/cooja/obj/ringbufindex.o
                                        0x138 (size before relaxing)
 .eh_frame      0x00000000000436e8       0xa0 build/cooja/obj/rpl-dag-root.o
                                         0xb8 (size before relaxing)
 .eh_frame      0x0000000000043788      0x360 build/cooja/obj/rpl-dag.o
                                        0x378 (size before relaxing)
 .eh_frame      0x0000000000043ae8      0x128 build/cooja/obj/rpl-ext-header.o
                                        0x140 (size before relaxing)
 .eh_frame      0x0000000000043c10      0x1c0 build/cooja/obj/rpl-icmp6.o
                                        0x1d8 (size before relaxing)
 .eh_frame      0x0000000000043dd0      0x148 build/cooja/obj/rpl-mrhof.o
                                        0x160 (size before relaxing)
 .eh_frame      0x0000000000043f18       0x40 build/cooja/obj/rpl-nbr-policy.o
                                         0x58 (size before relaxing)
 .eh_frame      0x0000000000043f58      0x2b0 build/cooja/obj/rpl-neighbor.o
                                        0x2c8 (size before relaxing)
 .eh_frame      0x0000000000044208      0x130 build/cooja/obj/rpl-of0.o
                                        0x148 (size before relaxing)
 .eh_frame      0x0000000000044338      0x3a8 build/cooja/obj/rpl-timers.o
                                        0x3c0 (size before relaxing)
 .eh_frame      0x00000000000446e0      0x1e0 build/cooja/obj/rpl.o
                                        0x1f8 (size before relaxing)
 .eh_frame      0x00000000000448c0      0x100 build/cooja/obj/rs232.o
                                        0x118 (size before relaxing)
 .eh_frame      0x00000000000449c0       0xc0 build/cooja/obj/rtimer-arch.o
                                         0xd8 (size before relaxing)
 .eh_frame      0x0000000000044a80       0x60 build/cooja/obj/rtimer.o
                                         0x78 (size before relaxing)
 .eh_frame      0x0000000000044ae0       0xc0 build/cooja/obj/sensors.o
                                         0xd8 (size before relaxing)
 .eh_frame      0x0000000000044ba0       0x60 build/cooja/obj/serial-line.o
                                         0x78 (size before relaxing)
 .eh_frame      0x0000000000044c00      0x2e0 build/cooja/obj/sicslowpan.o
                                        0x2f8 (size before relaxing)
 .eh_frame      0x0000000000044ee0       0x40 build/cooja/obj/simEnvChange.o
                                         0x58 (size before relaxing)
 .eh_frame      0x0000000000044f20       0xc0 build/cooja/obj/simple-udp.o
                                         0xd8 (size before relaxing)
 .eh_frame      0x0000000000044fe0       0x20 build/cooja/obj/slip-arch.o
                                         0x38 (size before relaxing)
 .eh_frame      0x0000000000045000       0xe0 build/cooja/obj/slip.o
                                         0xf8 (size before relaxing)
 .eh_frame      0x00000000000450e0       0x60 build/cooja/obj/snprintf.o
                                         0x78 (size before relaxing)
 .eh_frame      0x0000000000045140       0x40 build/cooja/obj/sprintf.o
                                         0x58 (size before relaxing)
 .eh_frame      0x0000000000045180       0xc0 build/cooja/obj/stimer.o
                                         0xd8 (size before relaxing)
 .eh_frame      0x0000000000045240      0x120 build/cooja/obj/strformat.o
                                        0x138 (size before relaxing)
 .eh_frame      0x0000000000045360      0x248 build/cooja/obj/tcp-socket.o
                                        0x260 (size before relaxing)
 .eh_frame      0x00000000000455a8      0x308 build/cooja/obj/tcpip.o
                                        0x320 (size before relaxing)
 .eh_frame      0x00000000000458b0       0xa0 build/cooja/obj/timer.o
                                         0xb8 (size before relaxing)
 .eh_frame      0x0000000000045950      0x168 build/cooja/obj/trickle-timer.o
                                        0x180 (size before relaxing)
 .eh_frame      0x0000000000045ab8      0x100 build/cooja/obj/udp-socket.o
                                        0x118 (size before relaxing)
 .eh_frame      0x0000000000045bb8      0x1c0 build/cooja/obj/uip-ds6-nbr.o
                                        0x1d8 (size before relaxing)
 .eh_frame      0x0000000000045d78      0x240 build/cooja/obj/uip-ds6-route.o
                                        0x258 (size before relaxing)
 .eh_frame      0x0000000000045fb8      0x328 build/cooja/obj/uip-ds6.o
                                        0x340 (size before relaxing)
 .eh_frame      0x00000000000462e0      0x148 build/cooja/obj/uip-icmp6.o
                                        0x160 (size before relaxing)
 .eh_frame      0x0000000000046428       0x80 build/cooja/obj/uip-nameserver.o
                                         0x98 (size before relaxing)
 .eh_frame      0x00000000000464a8       0x80 build/cooja/obj/uip-nd6.o
                                         0x98 (size before relaxing)
 .eh_frame      0x0000000000046528       0xe0 build/cooja/obj/uip-packetqueue.o
                                         0xf8 (size before relaxing)
 .eh_frame      0x0000000000046608      0x180 build/cooja/obj/uip-sr.o
                                        0x198 (size before relaxing)
 .eh_frame      0x0000000000046788       0x40 build/cooja/obj/uip-udp-packet.o
                                         0x58 (size before relaxing)
 .eh_frame      0x00000000000467c8      0x2b0 build/cooja/obj/uip6.o
                                        0x2c8 (size before relaxing)
 .eh_frame      0x0000000000046a78      0x200 build/cooja/obj/uipbuf.o
                                        0x218 (size before relaxing)
 .eh_frame      0x0000000000046c78       0x80 build/cooja/obj/uiplib.o
                                         0x98 (size before relaxing)
 .eh_frame      0x0000000000046cf8       0xa0 build/cooja/obj/vib-sensor.o
                                         0xb8 (size before relaxing)
 .eh_frame      0x0000000000046d98       0xa0 build/cooja/obj/watchdog.o
                                         0xb8 (size before relaxing)
 .eh_frame      0x0000000000046e38        0x4 /usr/lib/gcc/x86_64-linux-gnu/11/crtendS.o
 *(.eh_frame.*)

.gcc_except_table
 *(.gcc_except_table .gcc_except_table.*)

.gnu_extab
 *(.gnu_extab*)

.exception_ranges
 *(.exception_ranges*)
                0x00000000000485d0                . = DATA_SEGMENT_ALIGN (CONSTANT (MAXPAGESIZE), CONSTANT (COMMONPAGESIZE))

.eh_frame
 *(.eh_frame)
 *(.eh_frame.*)

.gnu_extab
 *(.gnu_extab)

.gcc_except_table
 *(.gcc_except_table .gcc_except_table.*)

.exception_ranges
 *(.exception_ranges*)

.tdata
 *(.tdata .tdata.* .gnu.linkonce.td.*)

.tbss
 *(.tbss .tbss.* .gnu.linkonce.tb.*)
 *(.tcommon)

.preinit_array
 *(.preinit_array)

.init_array     0x00000000000485d0        0x8
 *(SORT_BY_INIT_PRIORITY(.init_array.*) SORT_BY_INIT_PRIORITY(.ctors.*))
 *(.init_array EXCLUDE_FILE(*crtend?.o *crtend.o *crtbegin?.o *crtbegin.o) .ctors)
 .init_array    0x00000000000485d0        0x8 /usr/lib/gcc/x86_64-linux-gnu/11/crtbeginS.o

.fini_array     0x00000000000485d8        0x8
 *(SORT_BY_INIT_PRIORITY(.fini_array.*) SORT_BY_INIT_PRIORITY(.dtors.*))
 *(.fini_array EXCLUDE_FILE(*crtend?.o *crtend.o *crtbegin?.o *crtbegin.o) .dtors)
 .fini_array    0x00000000000485d8        0x8 /usr/lib/gcc/x86_64-linux-gnu/11/crtbeginS.o

.ctors
 *crtbegin.o(.ctors)
 *crtbegin?.o(.ctors)
 *(EXCLUDE_FILE(*crtend?.o *crtend.o) .ctors)
 *(SORT_BY_NAME(.ctors.*))
 *(.ctors)

.dtors
 *crtbegin.o(.dtors)
 *crtbegin?.o(.dtors)
 *(EXCLUDE_FILE(*crtend?.o *crtend.o) .dtors)
 *(SORT_BY_NAME(.dtors.*))
 *(.dtors)

.jcr
 *(.jcr)

.data.rel.ro    0x00000000000485e0      0x420
 *(.data.rel.ro.local* .gnu.linkonce.d.rel.ro.local.*)
 .data.rel.ro.local
                0x00000000000485e0       0x10 build/cooja/obj/aes-128.o
                0x00000000000485e0                aes_128_driver
 .data.rel.ro.local
                0x00000000000485f0       0x10 build/cooja/obj/beep.o
                0x00000000000485f0                beep_interface
 .data.rel.ro.local
                0x0000000000048600       0x40 build/cooja/obj/buttons.o
                0x0000000000048600                button_interface
                0x0000000000048620                button_sensor
 .data.rel.ro.local
                0x0000000000048640       0x10 build/cooja/obj/ccm-star.o
                0x0000000000048640                ccm_star_driver
 .data.rel.ro.local
                0x0000000000048650       0x10 build/cooja/obj/cfs-cooja.o
                0x0000000000048650                cfs_interface
 .data.rel.ro.local
                0x0000000000048660       0x10 build/cooja/obj/clock.o
                0x0000000000048660                clock_interface
 .data.rel.ro.local
                0x0000000000048670       0x10 build/cooja/obj/cooja-log.o
                0x0000000000048670                simlog_interface
 .data.rel.ro.local
                0x0000000000048680       0x90 build/cooja/obj/cooja-radio.o
                0x0000000000048680                radio_interface
                0x00000000000486a0                cooja_radio_driver
 *fill*         0x0000000000048710       0x10 
 .data.rel.ro.local
                0x0000000000048720       0x38 build/cooja/obj/csma.o
                0x0000000000048720                csma_driver
 *fill*         0x0000000000048758        0x8 
 .data.rel.ro.local
                0x0000000000048760       0x10 build/cooja/obj/eeprom.o
                0x0000000000048760                eeprom_interface
 .data.rel.ro.local
                0x0000000000048770       0x18 build/cooja/obj/framer-802154.o
                0x0000000000048770                framer_802154
 *fill*         0x0000000000048788        0x8 
 .data.rel.ro.local
                0x0000000000048790       0x10 build/cooja/obj/ip.o
                0x0000000000048790                ip_interface
 .data.rel.ro.local
                0x00000000000487a0       0x10 build/cooja/obj/leds-arch.o
                0x00000000000487a0                leds_interface
 .data.rel.ro.local
                0x00000000000487b0       0x10 build/cooja/obj/moteid.o
                0x00000000000487b0                moteid_interface
 .data.rel.ro.local
                0x00000000000487c0       0x18 build/cooja/obj/nullframer.o
                0x00000000000487c0                no_framer
 *fill*         0x00000000000487d8        0x8 
 .data.rel.ro.local
                0x00000000000487e0       0x70 build/cooja/obj/nullradio.o
                0x00000000000487e0                nullradio_driver
 *fill*         0x0000000000048850       0x10 
 .data.rel.ro.local
                0x0000000000048860       0x40 build/cooja/obj/pir-sensor.o
                0x0000000000048860                pir_interface
                0x0000000000048880                pir_sensor
 .data.rel.ro.local
                0x00000000000488a0       0x10 build/cooja/obj/rs232.o
                0x00000000000488a0                rs232_interface
 *fill*         0x00000000000488b0       0x10 
 .data.rel.ro.local
                0x00000000000488c0       0x40 build/cooja/obj/vib-sensor.o
                0x00000000000488c0                vib_interface
                0x00000000000488e0                vib_sensor
 *(.data.rel.ro .data.rel.ro.* .gnu.linkonce.d.rel.ro.*)
 .data.rel.ro   0x0000000000048900        0x0 /usr/lib/gcc/x86_64-linux-gnu/11/../../../x86_64-linux-gnu/crti.o
 .data.rel.ro   0x0000000000048900       0x10 build/cooja/obj/mqtt-client.o
                0x0000000000048900                autostart_processes
 .data.rel.ro   0x0000000000048910        0x8 build/cooja/obj/rpl-dag.o
 *fill*         0x0000000000048918        0x8 
 .data.rel.ro   0x0000000000048920       0xa8 build/cooja/obj/rpl.o
                0x0000000000048920                rpl_lite_driver
 *fill*         0x00000000000489c8       0x18 
 .data.rel.ro   0x00000000000489e0       0x20 build/cooja/obj/sicslowpan.o
                0x00000000000489e0                sicslowpan_driver

.dynamic        0x0000000000048a00      0x1c0
 *(.dynamic)
 .dynamic       0x0000000000048a00      0x1c0 /usr/lib/gcc/x86_64-linux-gnu/11/../../../x86_64-linux-gnu/crti.o
                0x0000000000048a00                _DYNAMIC

.got            0x0000000000048bc0      0x428
 *(.got)
 .got           0x0000000000048bc0      0x428 /usr/lib/gcc/x86_64-linux-gnu/11/../../../x86_64-linux-gnu/crti.o
 *(.igot)
                0x0000000000048fe8                . = DATA_SEGMENT_RELRO_END (., (SIZEOF (.got.plt) >= 0x18)?0x18:0x0)

.got.plt        0x0000000000049000      0xc78
 *(.got.plt)
 .got.plt       0x0000000000049000      0xc78 /usr/lib/gcc/x86_64-linux-gnu/11/../../../x86_64-linux-gnu/crti.o
                0x0000000000049000                _GLOBAL_OFFSET_TABLE_
 *(.igot.plt)

.data           0x0000000000049c80      0x948
 *(.data .data.* .gnu.linkonce.d.*)
 .data          0x0000000000049c80        0x0 /usr/lib/gcc/x86_64-linux-gnu/11/../../../x86_64-linux-gnu/crti.o
 .data          0x0000000000049c80        0x0 /usr/lib/gcc/x86_64-linux-gnu/11/crtbeginS.o
 .data.rel.local
                0x0000000000049c80        0x8 /usr/lib/gcc/x86_64-linux-gnu/11/crtbeginS.o
                0x0000000000049c80                __dso_handle
 .data          0x0000000000049c88        0x0 build/cooja/mtype659236383.o
 *fill*         0x0000000000049c88       0x18 
 .data.rel      0x0000000000049ca0       0xa0 build/cooja/mtype659236383.o
                0x0000000000049ca0                simInterfaces
                0x0000000000049d20                sensors
 .data          0x0000000000049d40        0x0 build/cooja/obj/aes-128.o
 .data          0x0000000000049d40        0x0 build/cooja/obj/anti-replay.o
 .data          0x0000000000049d40        0x0 build/cooja/obj/assert.o
 .data          0x0000000000049d40        0x0 build/cooja/obj/atomic.o
 .data          0x0000000000049d40        0x0 build/cooja/obj/autostart.o
 .data          0x0000000000049d40        0x0 build/cooja/obj/beep.o
 .data          0x0000000000049d40        0x0 build/cooja/obj/button-hal.o
 .data.rel.local
                0x0000000000049d40       0x20 build/cooja/obj/button-hal.o
                0x0000000000049d40                button_hal_process
 .data          0x0000000000049d60        0x1 build/cooja/obj/buttons.o
                0x0000000000049d60                simButtonIsActive
 *fill*         0x0000000000049d61       0x1f 
 .data.rel.local
                0x0000000000049d80       0xb0 build/cooja/obj/buttons.o
                0x0000000000049e20                button_hal_buttons
 .data          0x0000000000049e30        0x0 build/cooja/obj/ccm-star-packetbuf.o
 .data          0x0000000000049e30        0x0 build/cooja/obj/ccm-star.o
 .data          0x0000000000049e30        0x0 build/cooja/obj/cfs-cooja.o
 .data          0x0000000000049e30        0x0 build/cooja/obj/circular-list.o
 .data          0x0000000000049e30        0x0 build/cooja/obj/clock.o
 .data          0x0000000000049e30        0x0 build/cooja/obj/compower.o
 .data          0x0000000000049e30        0x0 build/cooja/obj/contiki-main.o
 .data          0x0000000000049e30        0x0 build/cooja/obj/cooja-log.o
 .data          0x0000000000049e30       0x20 build/cooja/obj/cooja-radio.o
                0x0000000000049e30                simRadioHWOn
                0x0000000000049e34                simSignalStrength
                0x0000000000049e38                simLastSignalStrength
                0x0000000000049e3c                simPower
                0x0000000000049e40                simRadioChannel
                0x0000000000049e44                simLQI
                0x0000000000049e48                simLastLQI
 *fill*         0x0000000000049e50       0x10 
 .data.rel.local
                0x0000000000049e60       0x20 build/cooja/obj/cooja-radio.o
                0x0000000000049e60                cooja_radio_process
 .data          0x0000000000049e80        0x0 build/cooja/obj/cooja_mt.o
 .data          0x0000000000049e80        0x0 build/cooja/obj/cooja_mtarch.o
 .data          0x0000000000049e80        0x0 build/cooja/obj/crc16.o
 .data          0x0000000000049e80        0x0 build/cooja/obj/csma-output.o
 .data.rel.local
                0x0000000000049e80       0x60 build/cooja/obj/csma-output.o
 .data          0x0000000000049ee0        0x0 build/cooja/obj/csma-security.o
 .data          0x0000000000049ee0        0x0 build/cooja/obj/csma.o
 .data          0x0000000000049ee0        0x0 build/cooja/obj/ctimer.o
 .data.rel.local
                0x0000000000049ee0       0x40 build/cooja/obj/ctimer.o
                0x0000000000049f00                ctimer_process