
Merging program properties


As-needed library included to satisfy reference by file (symbol)

libc.so.6                     build/cooja/obj/rpl-ext-header.o (memmove@@GLIBC_2.2.5)

Allocating common symbols
Common symbol       size              file

simButtonIsDown     0x1               build/cooja/obj/buttons.o
simOutDataBuffer    0x7d              build/cooja/obj/cooja-radio.o
uip_ds6_prefix_list
                    0x60              build/cooja/obj/uip-ds6.o
compower_idle_activity
                    0x10              build/cooja/obj/compower.o
linkaddr_node_addr  0x8               build/cooja/obj/linkaddr.o
simSerialReceivingFlag
                    0x1               build/cooja/obj/rs232.o
simEEPROMData       0x400             build/cooja/obj/eeprom.o
periodic_timer      0x40              build/cooja/obj/link-stats.o
simLoggedLength     0x4               build/cooja/obj/cooja-log.o
simSerialReceivingLength
                    0x4               build/cooja/obj/rs232.o
simEtimerPending    0x4               build/cooja/obj/simEnvChange.o
uip_slen            0x2               build/cooja/obj/uip6.o
uip_ds6_timer_periodic
                    0x20              build/cooja/obj/uip-ds6.o
uip_acc32           0x4               build/cooja/obj/uip6.o
uip_conns           0x1c0             build/cooja/obj/uip6.o
simVibChanged       0x1               build/cooja/obj/vib-sensor.o
simRtimerPending    0x4               build/cooja/obj/rtimer-arch.o
simIP               0x10              build/cooja/obj/ip.o
button_hal_periodic_event
                    0x1               build/cooja/obj/button-hal.o
uip_ds6_netif_addr_list_offset
                    0x1               build/cooja/obj/uip-ds6.o
uip_lladdr          0x8               build/cooja/obj/uip6.o
button_hal_press_event
                    0x1               build/cooja/obj/button-hal.o
simProcessRunValue  0x4               build/cooja/obj/simEnvChange.o
simIPChanged        0x1               build/cooja/obj/ip.o
serial_line_event_message
                    0x1               build/cooja/obj/serial-line.o
uip_appdata         0x8               build/cooja/obj/uip6.o
referenceVar        0x8               build/cooja/mtype484373353.o
simCurrentTime      0x8               build/cooja/obj/clock.o
simVibIsActive      0x1               build/cooja/obj/vib-sensor.o
uip_ds6_if          0x138             build/cooja/obj/uip-ds6.o
uip_flags           0x1               build/cooja/obj/uip6.o
uip_ds6_timer_ra    0x10              build/cooja/obj/uip-ds6.o
mqtt_update_event   0x1               build/cooja/obj/mqtt.o
simSerialReceivingData
                    0x800             build/cooja/obj/rs232.o
simLoggedFlag       0x1               build/cooja/obj/cooja-log.o
packetbuf_attrs     0x1a              build/cooja/obj/packetbuf.o
uip_ds6_addr_size   0x1               build/cooja/obj/uip-ds6.o
uip_aligned_buf     0x500             build/cooja/obj/uip6.o
simRtimerCurrentTicks
                    0x8               build/cooja/obj/rtimer-arch.o
simRandomSeed       0x4               build/cooja/obj/moteid.o
rpl_multicast_addr  0x10              build/cooja/obj/rpl.o
simLoggedData       0x2000            build/cooja/obj/cooja-log.o
simEtimerNextExpirationTime
                    0x8               build/cooja/obj/simEnvChange.o
uip_listenports     0x28              build/cooja/obj/uip6.o
uip_len             0x2               build/cooja/obj/uip6.o
simButtonChanged    0x1               build/cooja/obj/buttons.o
simRtimerNextExpirationTime
                    0x8               build/cooja/obj/rtimer-arch.o
simPirIsActive      0x1               build/cooja/obj/pir-sensor.o
simInDataBuffer     0x7d              build/cooja/obj/cooja-radio.o
simPirChanged       0x1               build/cooja/obj/pir-sensor.o
simBeeped           0x1               build/cooja/obj/beep.o
tcpip_event         0x1               build/cooja/obj/tcpip.o
uip_sappdata        0x8               build/cooja/obj/uip6.o
sensors_event       0x1               build/cooja/obj/sensors.o
uip_udp_conns       0x140             build/cooja/obj/uip6.o
button_hal_release_event
                    0x1               build/cooja/obj/button-hal.o
packetbuf_addrs     0x10              build/cooja/obj/packetbuf.o
uip_udp_conn        0x8               build/cooja/obj/uip6.o
simMoteIDChanged    0x1               build/cooja/obj/moteid.o
sensors_flags       0x4               build/cooja/mtype484373353.o
curr_instance       0x260             build/cooja/obj/rpl-dag.o
simMoteID           0x4               build/cooja/obj/moteid.o
uip_conn            0x8               build/cooja/obj/uip6.o

Discarded input sections

 .note.GNU-stack
                0x0000000000000000        0x0 /usr/lib/gcc/x86_64-linux-gnu/11/../../../x86_64-linux-gnu/crti.o
 .note.GNU-stack
                0x0000000000000000        0x0 /usr/lib/gcc/x86_64-linux-gnu/11/crtbeginS.o
 .note.gnu.property
[...]
Memory Configuration

Name             Origin             Length             Attributes
*default*        0x0000000000000000 0xffffffffffffffff

Linker script and memory map

LOAD /usr/lib/gcc/x86_64-linux-gnu/11/../../../x86_64-linux-gnu/crti.o
LOAD /usr/lib/gcc/x86_64-linux-gnu/11/crtbeginS.o
LOAD build/cooja/mtype484373353.o
LOAD build/cooja/obj/aes-128.o
LOAD build/cooja/obj/anti-replay.o
LOAD build/cooja/obj/assert.o
LOAD build/cooja/obj/atomic.o
LOAD build/cooja/obj/autostart.o
LOAD build/cooja/obj/beep.o
LOAD build/cooja/obj/button-hal.o
LOAD build/cooja/obj/buttons.o
LOAD build/cooja/obj/ccm-star-packetbuf.o
LOAD build/cooja/obj/ccm-star.o
LOAD build/cooja/obj/cfs-cooja.o
LOAD build/cooja/obj/circular-list.o
LOAD build/cooja/obj/clock.o
LOAD build/cooja/obj/compower.o
LOAD build/cooja/obj/contiki-main.o
LOAD build/cooja/obj/cooja-log.o
LOAD build/cooja/obj/cooja-radio.o
LOAD build/cooja/obj/cooja_mt.o
LOAD build/cooja/obj/cooja_mtarch.o
LOAD build/cooja/obj/crc16.o
LOAD build/cooja/obj/csma-output.o
LOAD build/cooja/obj/csma-security.o
LOAD build/cooja/obj/csma.o
LOAD build/cooja/obj/ctimer.o
LOAD build/cooja/obj/dbl-circ-list.o
LOAD build/cooja/obj/dbl-list.o
LOAD build/cooja/obj/eeprom.o
LOAD build/cooja/obj/energest.o
LOAD build/cooja/obj/etimer.o
LOAD build/cooja/obj/frame802154.o
LOAD build/cooja/obj/frame802154e-ie.o
LOAD build/cooja/obj/framer-802154.o
LOAD build/cooja/obj/gpio-hal-arch.o
LOAD build/cooja/obj/gpio-hal.o
LOAD build/cooja/obj/heapmem.o
LOAD build/cooja/obj/hexconv.o
LOAD build/cooja/obj/ifft.o
LOAD build/cooja/obj/int-master.o
LOAD build/cooja/obj/ip.o
LOAD build/cooja/obj/ip64-addr.o
LOAD build/cooja/obj/leds-arch.o
LOAD build/cooja/obj/leds.o
LOAD build/cooja/obj/link-stats.o
LOAD build/cooja/obj/linkaddr.o
LOAD build/cooja/obj/list.o
LOAD build/cooja/obj/log.o
LOAD build/cooja/obj/mac-sequence.o
LOAD build/cooja/obj/mac.o
LOAD build/cooja/obj/memb.o
LOAD build/cooja/obj/moteid.o
LOAD build/cooja/obj/mqtt-client.o
LOAD build/cooja/obj/mqtt-prop.o
LOAD build/cooja/obj/mqtt.o
LOAD build/cooja/obj/mutex.o
LOAD build/cooja/obj/nbr-table.o
LOAD build/cooja/obj/net-debug.o
LOAD build/cooja/obj/netstack.o
LOAD build/cooja/obj/node-id.o
LOAD build/cooja/obj/nullframer.o
LOAD build/cooja/obj/nullradio.o
LOAD build/cooja/obj/packetbuf.o
LOAD build/cooja/obj/pir-sensor.o
LOAD build/cooja/obj/printf.o
LOAD build/cooja/obj/process.o
LOAD build/cooja/obj/psock.o
LOAD build/cooja/obj/putchar.o
LOAD build/cooja/obj/puts.o
LOAD build/cooja/obj/queuebuf.o
LOAD build/cooja/obj/random.o
LOAD build/cooja/obj/ringbuf.o
LOAD build/cooja/obj/ringbufindex.o
LOAD build/cooja/obj/rpl-dag-root.o
LOAD build/cooja/obj/rpl-dag.o
LOAD build/cooja/obj/rpl-ext-header.o
LOAD build/cooja/obj/rpl-icmp6.o
LOAD build/cooja/obj/rpl-mrhof.o
LOAD build/cooja/obj/rpl-nbr-policy.o
LOAD build/cooja/obj/rpl-neighbor.o
LOAD build/cooja/obj/rpl-of0.o
LOAD build/cooja/obj/rpl-timers.o
LOAD build/cooja/obj/rpl.o
LOAD build/cooja/obj/rs232.o
LOAD build/cooja/obj/rtimer-arch.o
LOAD build/cooja/obj/rtimer.o
LOAD build/cooja/obj/sensors.o
LOAD build/cooja/obj/serial-line.o
LOAD build/cooja/obj/sicslowpan.o
LOAD build/cooja/obj/simEnvChange.o
LOAD build/cooja/obj/simple-udp.o
LOAD build/cooja/obj/slip-arch.o
LOAD build/cooja/obj/slip.o
LOAD build/cooja/obj/snprintf.o
LOAD build/cooja/obj/sprintf.o
LOAD build/cooja/obj/stimer.o
LOAD build/cooja/obj/strformat.o
LOAD build/cooja/obj/tcp-socket.o
LOAD build/cooja/obj/tcpip.o
LOAD build/cooja/obj/timer.o
LOAD build/cooja/obj/trickle-timer.o
LOAD build/cooja/obj/udp-socket.o
LOAD build/cooja/obj/uip-ds6-nbr.o
LOAD build/cooja/obj/uip-ds6-route.o
LOAD build/cooja/obj/uip-ds6.o
LOAD build/cooja/obj/uip-icmp6.o
LOAD build/cooja/obj/uip-nameserver.o
LOAD build/cooja/obj/uip-nd6.o
LOAD build/cooja/obj/uip-packetqueue.o
LOAD build/cooja/obj/uip-sr.o
LOAD build/cooja/obj/uip-udp-packet.o
LOAD build/cooja/obj/uip6.o
LOAD build/cooja/obj/uipbuf.o
LOAD build/cooja/obj/uiplib.o
LOAD build/cooja/obj/vib-sensor.o
LOAD build/cooja/obj/watchdog.o
LOAD /usr/lib/gcc/x86_64-linux-gnu/11/libgcc.a
LOAD /usr/lib/gcc/x86_64-linux-gnu/11/libgcc_s.so
START GROUP
LOAD /usr/lib/gcc/x86_64-linux-gnu/11/../../../x86_64-linux-gnu/libgcc_s.so.1
LOAD /usr/lib/gcc/x86_64-linux-gnu/11/libgcc.a
END GROUP
LOAD /usr/lib/gcc/x86_64-linux-gnu/11/../../../x86_64-linux-gnu/libc.so
START GROUP
LOAD /lib/x86_64-linux-gnu/libc.so.6
LOAD /usr/lib/x86_64-linux-gnu/libc_nonshared.a
LOAD /lib64/ld-linux-x86-64.so.2
END GROUP
LOAD /usr/lib/gcc/x86_64-linux-gnu/11/libgcc.a
LOAD /usr/lib/gcc/x86_64-linux-gnu/11/libgcc_s.so
START GROUP
LOAD /usr/lib/gcc/x86_64-linux-gnu/11/../../../x86_64-linux-gnu/libgcc_s.so.1
LOAD /usr/lib/gcc/x86_64-linux-gnu/11/libgcc.a
END GROUP
LOAD /usr/lib/gcc/x86_64-linux-gnu/11/crtendS.o
LOAD /usr/lib/gcc/x86_64-linux-gnu/11/../../../x86_64-linux-gnu/crtn.o
                0x00000000000002a8                . = (SEGMENT_START ("text-segment", 0x0) + SIZEOF_HEADERS)

.note.gnu.property
                0x00000000000002a8       0x20
 .note.gnu.property
                0x00000000000002a8       0x20 /usr/lib/gcc/x86_64-linux-gnu/11/../../../x86_64-linux-gnu/crti.o

.note.gnu.build-id
                0x00000000000002c8       0x24
 *(.note.gnu.build-id)
 .note.gnu.build-id
                0x00000000000002c8       0x24 /usr/lib/gcc/x86_64-linux-gnu/11/../../../x86_64-linux-gnu/crti.o

.hash
 *(.hash)

.gnu.hash       0x00000000000002f0     0x18ac
 *(.gnu.hash)
 .gnu.hash      0x00000000000002f0     0x18ac /usr/lib/gcc/x86_64-linux-gnu/11/../../../x86_64-linux-gnu/crti.o

.dynsym         0x0000000000001ba0     0x4c38
 *(.dynsym)
 .dynsym        0x0000000000001ba0     0x4c38 /usr/lib/gcc/x86_64-linux-gnu/11/../../../x86_64-linux-gnu/crti.o

.dynstr         0x00000000000067d8     0x39cd
 *(.dynstr)
 .dynstr        0x00000000000067d8     0x39cd /usr/lib/gcc/x86_64-linux-gnu/11/../../../x86_64-linux-gnu/crti.o

.gnu.version    0x000000000000a1a6      0x65a
 *(.gnu.version)
 .gnu.version   0x000000000000a1a6      0x65a /usr/lib/gcc/x86_64-linux-gnu/11/../../../x86_64-linux-gnu/crti.o

.gnu.version_d  0x000000000000a800        0x0
 *(.gnu.version_d)
 .gnu.version_d
                0x000000000000a800        0x0 /usr/lib/gcc/x86_64-linux-gnu/11/../../../x86_64-linux-gnu/crti.o

.gnu.version_r  0x000000000000a800       0x40
 *(.gnu.version_r)
 .gnu.version_r
                0x000000000000a800       0x40 /usr/lib/gcc/x86_64-linux-gnu/11/../../../x86_64-linux-gnu/crti.o

.rela.dyn       0x000000000000a840     0x23d0
 *(.rela.init)
 *(.rela.text .rela.text.* .rela.gnu.linkonce.t.*)
 .rela.text     0x000000000000a840        0x0 /usr/lib/gcc/x86_64-linux-gnu/11/../../../x86_64-linux-gnu/crti.o
 *(.rela.fini)
 *(.rela.rodata .rela.rodata.* .rela.gnu.linkonce.r.*)
 *(.rela.data .rela.data.* .rela.gnu.linkonce.d.*)
 .rela.data.rel.local
                0x000000000000a840      0x930 /usr/lib/gcc/x86_64-linux-gnu/11/../../../x86_64-linux-gnu/crti.o
 .rela.data.rel
                0x000000000000b170      0x3a8 /usr/lib/gcc/x86_64-linux-gnu/11/../../../x86_64-linux-gnu/crti.o
 .rela.data.rel.ro.local
                0x000000000000b518      0x7c8 /usr/lib/gcc/x86_64-linux-gnu/11/../../../x86_64-linux-gnu/crti.o
 .rela.data.rel.ro
                0x000000000000bce0      0x288 /usr/lib/gcc/x86_64-linux-gnu/11/../../../x86_64-linux-gnu/crti.o
 *(.rela.tdata .rela.tdata.* .rela.gnu.linkonce.td.*)
 *(.rela.tbss .rela.tbss.* .rela.gnu.linkonce.tb.*)
 *(.rela.ctors)
 *(.rela.dtors)
 *(.rela.got)
 .rela.got      0x000000000000bf68      0xc78 /usr/lib/gcc/x86_64-linux-gnu/11/../../../x86_64-linux-gnu/crti.o
 *(.rela.bss .rela.bss.* .rela.gnu.linkonce.b.*)
 *(.rela.ldata .rela.ldata.* .rela.gnu.linkonce.l.*)
 *(.rela.lbss .rela.lbss.* .rela.gnu.linkonce.lb.*)
 *(.rela.lrodata .rela.lrodata.* .rela.gnu.linkonce.lr.*)
 *(.rela.ifunc)
 .rela.ifunc    0x000000000000cbe0        0x0 /usr/lib/gcc/x86_64-linux-gnu/11/../../../x86_64-linux-gnu/crti.o
 .rela.fini_array
                0x000000000000cbe0       0x18 /usr/lib/gcc/x86_64-linux-gnu/11/../../../x86_64-linux-gnu/crti.o
 .rela.init_array
                0x000000000000cbf8       0x18 /usr/lib/gcc/x86_64-linux-gnu/11/../../../x86_64-linux-gnu/crti.o

.rela.plt       0x000000000000cc10     0x2508
 *(.rela.plt)
 .rela.plt      0x000000000000cc10     0x2508 /usr/lib/gcc/x86_64-linux-gnu/11/../../../x86_64-linux-gnu/crti.o
 *(.rela.iplt)

.relr.dyn
 *(.relr.dyn)
                0x0000000000010000                . = ALIGN (CONSTANT (MAXPAGESIZE))

.init           0x0000000000010000       0x1b
 *(SORT_NONE(.init))
 .init          0x0000000000010000       0x16 /usr/lib/gcc/x86_64-linux-gnu/11/../../../x86_64-linux-gnu/crti.o
                0x0000000000010000                _init
 .init          0x0000000000010016        0x5 /usr/lib/gcc/x86_64-linux-gnu/11/../../../x86_64-linux-gnu/crtn.o

.plt            0x0000000000010020     0x18c0
 *(.plt)
 .plt           0x0000000000010020     0x18c0 /usr/lib/gcc/x86_64-linux-gnu/11/../../../x86_64-linux-gnu/crti.o
 *(.iplt)

.plt.got        0x00000000000118e0       0x30
 *(.plt.got)
 .plt.got       0x00000000000118e0       0x30 /usr/lib/gcc/x86_64-linux-gnu/11/../../../x86_64-linux-gnu/crti.o

.plt.sec        0x0000000000011910     0x18b0
 *(.plt.sec)
 .plt.sec       0x0000000000011910     0x18b0 /usr/lib/gcc/x86_64-linux-gnu/11/../../../x86_64-linux-gnu/crti.o

.text           0x00000000000131c0    0x2879e
 *(.text.unlikely .text.*_unlikely .text.unlikely.*)
 *(.text.exit .text.exit.*)
 *(.text.startup .text.startup.*)
 *(.text.hot .text.hot.*)
 *(SORT_BY_NAME(.text.sorted.*))
 *(.text .stub .text.* .gnu.linkonce.t.*)
 .text          0x00000000000131c0        0x0 /usr/lib/gcc/x86_64-linux-gnu/11/../../../x86_64-linux-gnu/crti.o
 .text          0x00000000000131c0       0xb9 /usr/lib/gcc/x86_64-linux-gnu/11/crtbeginS.o
 .text          0x0000000000013279      0x374 build/cooja/mtype484373353.o
                0x000000000001332f                platform_init_stage_one
                0x0000000000013344                platform_init_stage_two
                0x0000000000013359                platform_init_stage_three
                0x000000000001336e                platform_main_loop
                0x0000000000013408                JNI_OnLoad
                0x000000000001341f                Java_org_contikios_cooja_corecomm_Lib14_init
                0x0000000000013472                Java_org_contikios_cooja_corecomm_Lib14_getMemory
                0x00000000000134d1                Java_org_contikios_cooja_corecomm_Lib14_setMemory
                0x0000000000013530                Java_org_contikios_cooja_corecomm_Lib14_tick
                0x00000000000135be                Java_org_contikios_cooja_corecomm_Lib14_setReferenceAddress
 .text          0x00000000000135ed      0x686 build/cooja/obj/aes-128.o
 .text          0x0000000000013c73        0x0 build/cooja/obj/anti-replay.o
 .text          0x0000000000013c73       0x34 build/cooja/obj/assert.o
                0x0000000000013c73                _xassert
 .text          0x0000000000013ca7       0x84 build/cooja/obj/atomic.o
                0x0000000000013cd4                atomic_generic_cas_uint8
 .text          0x0000000000013d2b       0xbd build/cooja/obj/autostart.o
                0x0000000000013d2b                autostart_start
                0x0000000000013d8c                autostart_exit
 .text          0x0000000000013de8       0xe6 build/cooja/obj/beep.o
                0x0000000000013de8                beep_alarm
                0x0000000000013e03                beep_beep
                0x0000000000013e1b                beep
                0x0000000000013e30                beep_down
                0x0000000000013e48                beep_on
                0x0000000000013e5d                beep_off
                0x0000000000013e72                beep_spinup
                0x0000000000013e87                beep_quick
                0x0000000000013e9f                beep_long
 .text          0x0000000000013ece      0x574 build/cooja/obj/button-hal.o
                0x0000000000014099                button_hal_get_by_id
                0x00000000000140e7                button_hal_get_by_index
                0x000000000001411e                button_hal_get_state
                0x0000000000014181                button_hal_init
 .text          0x0000000000014442       0xa8 build/cooja/obj/buttons.o
 .text          0x00000000000144ea        0x0 build/cooja/obj/ccm-star-packetbuf.o
 .text          0x00000000000144ea      0x501 build/cooja/obj/ccm-star.o
 .text          0x00000000000149eb      0x39b build/cooja/obj/cfs-cooja.o
                0x00000000000149eb                cfs_open
                0x0000000000014a68                cfs_close
                0x0000000000014a7d                cfs_read
                0x0000000000014b44                cfs_write
                0x0000000000014c54                cfs_seek
                0x0000000000014d03                cfs_remove
                0x0000000000014d33                cfs_opendir
                0x0000000000014d4a                cfs_readdir
                0x0000000000014d61                cfs_closedir
 .text          0x0000000000014d86      0x208 build/cooja/obj/circular-list.o
                0x0000000000014d86                circular_list_init
                0x0000000000014da0                circular_list_head
                0x0000000000014db5                circular_list_tail
                0x0000000000014e05                circular_list_remove
                0x0000000000014e98                circular_list_add
                0x0000000000014f0e                circular_list_length
                0x0000000000014f73                circular_list_is_empty
 .text          0x0000000000014f8e       0x6f build/cooja/obj/clock.o
                0x0000000000014f8e                clock_init
                0x0000000000014f99                clock_time
                0x0000000000014fad                clock_seconds
                0x0000000000014fd9                clock_delay
 .text          0x0000000000014ffd       0xdc build/cooja/obj/compower.o
                0x000000000001500b                compower_init
                0x0000000000015025                compower_accumulate
                0x00000000000150af                compower_clear
 .text          0x00000000000150d9      0x400 build/cooja/obj/contiki-main.o
                0x00000000000150d9                main
 .text          0x00000000000154d9      0x214 build/cooja/obj/cooja-log.o
                0x00000000000154d9                simlog_char
                0x0000000000015533                simlog
                0x00000000000155b8                log_message
                0x00000000000155fd                log_set_putchar_with_slip
                0x0000000000015614                dbg_putchar
                0x0000000000015695                dbg_send_bytes
 .text          0x00000000000156ed      0x79f build/cooja/obj/cooja-radio.o
                0x000000000001574c                radio_set_channel
                0x0000000000015766                radio_set_txpower
                0x0000000000015783                radio_signal_strength_last
                0x0000000000015796                radio_signal_strength_current
                0x00000000000157a9                radio_LQI
 .text          0x0000000000015e8c       0xab build/cooja/obj/cooja_mt.o
                0x0000000000015e8c                cooja_mt_start
                0x0000000000015ecc                cooja_mt_exec
                0x0000000000015f0f                cooja_mt_yield
 .text          0x0000000000015f37      0x10e build/cooja/obj/cooja_mtarch.o
                0x0000000000015f37                cooja_mtarch_start
                0x0000000000015fda                cooja_sw
                0x0000000000016007                cooja_mtarch_exec
                0x0000000000016035                cooja_mtarch_yield
 .text          0x0000000000016045       0xc6 build/cooja/obj/crc16.o
                0x0000000000016045                crc16_add
                0x00000000000160b7                crc16_data
 .text          0x000000000001610b      0xae3 build/cooja/obj/csma-output.o
                0x00000000000168ed                csma_output_packet
                0x0000000000016bb6                csma_output_init
 .text          0x0000000000016bee       0x3d build/cooja/obj/csma-security.o
                0x0000000000016bee                csma_security_create_frame
                0x0000000000016c14                csma_security_parse_frame
 .text          0x0000000000016c2b      0x292 build/cooja/obj/csma.o
 .text          0x0000000000016ebd      0x441 build/cooja/obj/ctimer.o
                0x000000000001701f                ctimer_init
                0x0000000000017054                ctimer_set
                0x0000000000017098                ctimer_set_with_process
                0x0000000000017152                ctimer_reset
                0x00000000000171c3                ctimer_restart
                0x0000000000017234                ctimer_stop
                0x0000000000017292                ctimer_expired
 .text          0x00000000000172fe      0x411 build/cooja/obj/dbl-circ-list.o
                0x00000000000172fe                dbl_circ_list_init
                0x0000000000017318                dbl_circ_list_head
                0x000000000001732d                dbl_circ_list_tail
                0x000000000001737d                dbl_circ_list_remove
                0x000000000001744b                dbl_circ_list_add_head
                0x00000000000174f3                dbl_circ_list_add_tail
                0x0000000000017599                dbl_circ_list_add_after
                0x000000000001760b                dbl_circ_list_add_before
                0x0000000000017697                dbl_circ_list_length
                0x00000000000176f4                dbl_circ_list_is_empty
 .text          0x000000000001770f      0x3a5 build/cooja/obj/dbl-list.o
                0x000000000001770f                dbl_list_init
                0x0000000000017729                dbl_list_head
                0x000000000001773e                dbl_list_tail
                0x0000000000017787                dbl_list_remove
                0x0000000000017840                dbl_list_add_head
                0x00000000000178b8                dbl_list_add_tail
                0x0000000000017931                dbl_list_add_after
                0x00000000000179af                dbl_list_add_before
                0x0000000000017a48                dbl_list_length
                0x0000000000017a99                dbl_list_is_empty
 .text          0x0000000000017ab4      0x163 build/cooja/obj/eeprom.o
                0x0000000000017ab4                eeprom_init
                0x0000000000017ac3                eeprom_read
                0x0000000000017b62                eeprom_write
 .text          0x0000000000017c17       0x25 build/cooja/obj/energest.o
                0x0000000000017c17                energest_init
                0x0000000000017c22                energest_flush
                0x0000000000017c2d                energest_get_total_time
 .text          0x0000000000017c3c      0x57c build/cooja/obj/etimer.o
                0x0000000000017ee4                etimer_request_poll
                0x0000000000017f96                etimer_set
                0x0000000000017fcc                etimer_reset_with_new_interval
                0x0000000000018007                etimer_reset
                0x0000000000018032                etimer_restart
                0x000000000001805d                etimer_adjust
                0x000000000001808e                etimer_expired
                0x00000000000180ad                etimer_expiration_time
                0x00000000000180cd                etimer_start_time
                0x00000000000180e2                etimer_pending
                0x00000000000180fc                etimer_next_expiration_time
                0x000000000001811d                etimer_stop
 .text          0x00000000000181b8      0xca9 build/cooja/obj/frame802154.o
                0x00000000000181e6                frame802154_get_pan_id
                0x00000000000181f7                frame802154_set_pan_id
                0x0000000000018213                frame802154_has_panid
                0x00000000000183f2                frame802154_check_dest_panid
                0x0000000000018490                frame802154_is_broadcast_addr
                0x00000000000184e7                frame802154_extract_linkaddr
                0x0000000000018781                frame802154_hdrlen
                0x0000000000018800                frame802154_create_fcf
                0x00000000000188d2                frame802154_create
                0x0000000000018a7c                frame802154_parse_fcf
                0x0000000000018b73                frame802154_parse
 .text          0x0000000000018e61     0x10d6 build/cooja/obj/frame802154e-ie.o
                0x0000000000018fa5                frame80215e_create_ie_header_ack_nack_time_correction
                0x0000000000019043                frame80215e_create_ie_header_list_termination_1
                0x0000000000019098                frame80215e_create_ie_header_list_termination_2
                0x00000000000190ed                frame80215e_create_ie_payload_list_termination
                0x0000000000019142                frame80215e_create_ie_mlme
                0x000000000001919d                frame80215e_create_ie_tsch_synchronization
                0x000000000001926f                frame80215e_create_ie_tsch_slotframe_and_link
                0x00000000000194b9                frame80215e_create_ie_tsch_timeslot
                0x00000000000195b3                frame80215e_create_ie_tsch_channel_hopping_sequence
                0x0000000000019c2f                frame802154e_parse_information_elements
 .text          0x0000000000019f37      0x451 build/cooja/obj/framer-802154.o
                0x000000000001a0d2                framer_802154_setup_params
 .text          0x000000000001a388      0x41b build/cooja/obj/gpio-hal-arch.o
                0x000000000001a388                gpio_hal_arch_register_pin_callback
                0x000000000001a42f                gpio_hal_arch_init
                0x000000000001a485                gpio_hal_arch_no_port_interrupt_enable
                0x000000000001a4d2                gpio_hal_arch_no_port_interrupt_disable
                0x000000000001a51f                gpio_hal_arch_no_port_pin_cfg_set
                0x000000000001a555                gpio_hal_arch_no_port_pin_cfg_get
                0x000000000001a589                gpio_hal_arch_no_port_pin_set_input
                0x000000000001a59c                gpio_hal_arch_no_port_pin_set_output
                0x000000000001a5af                gpio_hal_arch_no_port_set_pin
                0x000000000001a5d3                gpio_hal_arch_no_port_clear_pin
                0x000000000001a5f7                gpio_hal_arch_no_port_read_pin
                0x000000000001a624                gpio_hal_arch_no_port_write_pin
                0x000000000001a64e                gpio_hal_arch_no_port_set_pins
                0x000000000001a69d                gpio_hal_arch_no_port_clear_pins
                0x000000000001a6ec                gpio_hal_arch_no_port_read_pins
                0x000000000001a73a                gpio_hal_arch_no_port_write_pins
 .text          0x000000000001a7a3      0x181 build/cooja/obj/gpio-hal.o
                0x000000000001a7a3                gpio_hal_register_handler
                0x000000000001a7cc                gpio_hal_event_handler
                0x000000000001a837                gpio_hal_init
                0x000000000001a856                gpio_hal_arch_port_toggle_pin
                0x000000000001a88d                gpio_hal_arch_port_toggle_pins
                0x000000000001a8be                gpio_hal_arch_no_port_toggle_pin
                0x000000000001a8f8                gpio_hal_arch_no_port_toggle_pins
 .text          0x000000000001a924      0x8c4 build/cooja/obj/heapmem.o
                0x000000000001ace8                heapmem_alloc
                0x000000000001ad6d                heapmem_free
                0x000000000001ae7d                heapmem_realloc
                0x000000000001b0db                heapmem_stats
 .text          0x000000000001b1e8      0x233 build/cooja/obj/hexconv.o
                0x000000000001b237                hexconv_hexlify
                0x000000000001b2f2                hexconv_unhexlify
                0x000000000001b3c6                hexconv_print
 .text          0x000000000001b41b      0x4f5 build/cooja/obj/ifft.o
                0x000000000001b524                ifft
 .text          0x000000000001b910       0x61 build/cooja/obj/int-master.o
                0x000000000001b910                int_master_enable
                0x000000000001b925                int_master_read_and_disable
                0x000000000001b945                int_master_status_set
                0x000000000001b95c                int_master_is_enabled
 .text          0x000000000001b971       0x16 build/cooja/obj/ip.o
 .text          0x000000000001b987      0x194 build/cooja/obj/ip64-addr.o
                0x000000000001b987                ip64_addr_copy4
                0x000000000001b9a6                ip64_addr_copy6
                0x000000000001b9cf                ip64_addr_4to6
                0x000000000001ba3a                ip64_addr_6to4
                0x000000000001baa7                ip64_addr_is_ip64
                0x000000000001bae4                ip64_addr_set_prefix
 .text          0x000000000001bb1b       0x80 build/cooja/obj/leds-arch.o
                0x000000000001bb34                leds_arch_init
 .text          0x000000000001bb9b      0x3ad build/cooja/obj/leds.o
                0x000000000001bb9b                leds_init
                0x000000000001bbe6                leds_single_on
                0x000000000001bc53                leds_single_off
                0x000000000001bcc0                leds_single_toggle
                0x000000000001bcf8                leds_on
                0x000000000001bd89                leds_off
                0x000000000001be1a                leds_toggle
                0x000000000001be76                leds_set
                0x000000000001be9f                leds_get
 .text          0x000000000001bf48      0x481 build/cooja/obj/link-stats.o
                0x000000000001bf48                link_stats_from_lladdr
                0x000000000001bf70                link_stats_get_lladdr
                0x000000000001bf98                link_stats_is_fresh
                0x000000000001bfe0                guess_etx_from_rssi
                0x000000000001c065                link_stats_packet_sent
                0x000000000001c1c9                link_stats_input_callback
                0x000000000001c32b                link_stats_reset
                0x000000000001c387                link_stats_init
 .text          0x000000000001c3c9       0x80 build/cooja/obj/linkaddr.o
                0x000000000001c3c9                linkaddr_copy
                0x000000000001c3ea                linkaddr_cmp
                0x000000000001c420                linkaddr_set_node_addr
 .text          0x000000000001c449      0x39b build/cooja/obj/list.o
                0x000000000001c449                list_init
                0x000000000001c463                list_head
                0x000000000001c478                list_copy
                0x000000000001c499                list_tail
                0x000000000001c4e2                list_add
                0x000000000001c546                list_push
                0x000000000001c589                list_chop
                0x000000000001c616                list_pop
                0x000000000001c650                list_remove
                0x000000000001c6dc                list_length
                0x000000000001c717                list_insert
                0x000000000001c77a                list_item_next
                0x000000000001c79d                list_contains
 .text          0x000000000001c7e4      0x539 build/cooja/obj/log.o
                0x000000000001c7e4                log_6addr
                0x000000000001c84a                log_6addr_compact_snprint
                0x000000000001c925                log_6addr_compact
                0x000000000001c98b                log_lladdr
                0x000000000001ca0b                log_lladdr_compact
                0x000000000001ca8d                log_bytes
                0x000000000001caed                log_set_level
                0x000000000001cbfb                log_get_level
                0x000000000001ccb2                log_level_to_str
 .text          0x000000000001cd1d      0x1e0 build/cooja/obj/mac-sequence.o
                0x000000000001cd1d                mac_sequence_is_duplicate
                0x000000000001cdfe                mac_sequence_register_seqno
 .text          0x000000000001cefd       0x3a build/cooja/obj/mac.o
                0x000000000001cefd                mac_call_sent_callback
 .text          0x000000000001cf37      0x21a build/cooja/obj/memb.o
                0x000000000001cf37                memb_init
                0x000000000001cf9a                memb_alloc
                0x000000000001d014                memb_free
                0x000000000001d0a7                memb_inmemb
                0x000000000001d0fe                memb_numfree
 .text          0x000000000001d151       0x41 build/cooja/obj/moteid.o
 .text          0x000000000001d192      0x9c9 build/cooja/obj/mqtt-client.o
                0x000000000001d51a                random_in_range
 .text          0x000000000001db5b      0xa7c build/cooja/obj/mqtt-prop.o
                0x000000000001db5b                mqtt_props_init
                0x000000000001dd42                mqtt_prop_encode
                0x000000000001e4c3                parse_prop
 .text          0x000000000001e5d7     0x3e2f build/cooja/obj/mqtt.o
                0x000000000001ea78                mqtt_decode_var_byte_int
                0x000000000001eb7d                mqtt_encode_var_byte_int
                0x0000000000021c6e                mqtt_init
                0x0000000000021d48                mqtt_register
                0x0000000000021e10                mqtt_connect
                0x0000000000021f50                mqtt_disconnect
                0x0000000000021fa1                mqtt_subscribe
                0x00000000000220aa                mqtt_unsubscribe
                0x00000000000221a3                mqtt_publish
                0x00000000000222de                mqtt_set_username_password
                0x000000000002238f                mqtt_set_last_will
 .text          0x0000000000022406       0xa5 build/cooja/obj/mutex.o
                0x0000000000022433                mutex_generic_try_lock
                0x000000000002247a                mutex_generic_unlock
 .text          0x00000000000224ab      0xcc1 build/cooja/obj/nbr-table.o
                0x0000000000022909                nbr_table_count_entries
                0x00000000000229ab                nbr_table_gc_get_worst
                0x00000000000229ee                nbr_table_can_accept_new
                0x0000000000022ba3                nbr_table_entry_is_allowed
                0x0000000000022c5e                nbr_table_register
                0x0000000000022cf0                nbr_table_is_registered
                0x0000000000022d47                nbr_table_head
                0x0000000000022db5                nbr_table_next
                0x0000000000022e32                nbr_table_add_lladdr
                0x0000000000022f92                nbr_table_get_from_lladdr
                0x0000000000022ff1                nbr_table_remove
                0x000000000002304b                nbr_table_lock
                0x0000000000023080                nbr_table_unlock
                0x00000000000230b5                nbr_table_get_lladdr
                0x00000000000230f8                nbr_table_clear
                0x0000000000023135                nbr_table_key_head
                0x000000000002314e                nbr_table_key_next
 .text          0x000000000002316c       0x80 build/cooja/obj/net-debug.o
                0x000000000002316c                net_debug_lladdr_print
 .text          0x00000000000231ec      0x12b build/cooja/obj/netstack.o
                0x00000000000231ec                netstack_process_ip_callback
                0x000000000002328d                netstack_ip_packet_processor_add
                0x00000000000232bd                uip_ds6_ip_packet_processor_rm
                0x00000000000232e6                netstack_init
 .text          0x0000000000023317       0x36 build/cooja/obj/node-id.o
                0x0000000000023317                node_id_init
 .text          0x000000000002334d      0x147 build/cooja/obj/nullframer.o
 .text          0x0000000000023494      0x15a build/cooja/obj/nullradio.o
 .text          0x00000000000235ee      0x4a8 build/cooja/obj/packetbuf.o
                0x00000000000235ee                packetbuf_clear
                0x000000000002361c                packetbuf_copyfrom
                0x0000000000023675                packetbuf_copyto
                0x000000000002371b                packetbuf_hdralloc
                0x00000000000237aa                packetbuf_hdrreduce
                0x00000000000237fa                packetbuf_set_datalen
                0x0000000000023816                packetbuf_dataptr
                0x000000000002383b                packetbuf_hdrptr
                0x000000000002384c                packetbuf_datalen
                0x000000000002385d                packetbuf_hdrlen
                0x0000000000023879                packetbuf_totlen
                0x000000000002389b                packetbuf_remaininglen
                0x00000000000238b3                packetbuf_attr_clear
                0x0000000000023918                packetbuf_attr_copyto
                0x0000000000023963                packetbuf_attr_copyfrom
                0x00000000000239ae                packetbuf_set_attr
                0x00000000000239de                packetbuf_attr
                0x00000000000239ff                packetbuf_set_addr
                0x0000000000023a45                packetbuf_addr
                0x0000000000023a6f                packetbuf_holds_broadcast
 .text          0x0000000000023a96       0xfa build/cooja/obj/pir-sensor.o
 .text          0x0000000000023b90      0x116 build/cooja/obj/printf.o
                0x0000000000023bc5                printf
                0x0000000000023bc5                __wrap_printf
 .text          0x0000000000023ca6      0x673 build/cooja/obj/process.o
                0x0000000000023ca6                process_alloc_event
                0x0000000000023cc0                process_start
                0x0000000000023f30                process_exit
                0x0000000000023f5c                process_init
                0x0000000000024153                process_run
                0x0000000000024188                process_nevents
                0x00000000000241a8                process_post
                0x0000000000024270                process_post_synch
                0x00000000000242be                process_poll
                0x00000000000242fb                process_is_running
 .text          0x0000000000024319      0x988 build/cooja/obj/psock.o
                0x000000000002473c                psock_send
                0x00000000000247f4                psock_generator_send
                0x0000000000024956                psock_datalen
                0x0000000000024979                psock_newdata
                0x00000000000249d6                psock_readto
                0x0000000000024af6                psock_readbuf_len
                0x0000000000024c2f                psock_init
 .text          0x0000000000024ca1       0x1b build/cooja/obj/putchar.o
                0x0000000000024ca1                putchar
                0x0000000000024ca1                __wrap_putchar
 .text          0x0000000000024cbc       0x38 build/cooja/obj/puts.o
                0x0000000000024cbc                puts
                0x0000000000024cbc                __wrap_puts
 .text          0x0000000000024cf4      0x382 build/cooja/obj/queuebuf.o
                0x0000000000024d09                queuebuf_init
                0x0000000000024d32                queuebuf_numfree
                0x0000000000024d4b                queuebuf_new_from_packetbuf
                0x0000000000024dfe                queuebuf_update_attr_from_packetbuf
                0x0000000000024e41                queuebuf_update_from_packetbuf
                0x0000000000024e9d                queuebuf_free
                0x0000000000024ef9                queuebuf_to_packetbuf
                0x0000000000024f72                queuebuf_dataptr
                0x0000000000024fb9                queuebuf_datalen
                0x0000000000024fe9                queuebuf_addr
                0x0000000000025030                queuebuf_attr
                0x000000000002506b                queuebuf_debug_print
 .text          0x0000000000025076       0x2f build/cooja/obj/random.o
                0x0000000000025076                random_init
                0x0000000000025096                random_rand
 .text          0x00000000000250a5      0x19d build/cooja/obj/ringbuf.o
                0x00000000000250a5                ringbuf_init
                0x00000000000250e6                ringbuf_put
                0x0000000000025175                ringbuf_get
                0x00000000000251f3                ringbuf_size
                0x000000000002520f                ringbuf_elements
 .text          0x0000000000025242      0x25a build/cooja/obj/ringbufindex.o
                0x0000000000025242                ringbufindex_init
                0x0000000000025273                ringbufindex_put
                0x00000000000252de                ringbufindex_peek_put
                0x0000000000025330                ringbufindex_get
                0x000000000002539d                ringbufindex_peek_get
                0x00000000000253e5                ringbufindex_size
                0x0000000000025400                ringbufindex_elements
                0x0000000000025432                ringbufindex_full
                0x0000000000025476                ringbufindex_empty
 .text          0x000000000002549c      0x35a build/cooja/obj/rpl-dag-root.o
                0x000000000002549c                rpl_dag_root_print_links
                0x0000000000025611                rpl_dag_root_set_prefix
                0x000000000002564d                rpl_dag_root_start
                0x00000000000257b6                rpl_dag_root_is_root
 .text          0x00000000000257f6     0x1219 build/cooja/obj/rpl-dag.o
                0x00000000000257f6                rpl_dag_state_to_str
                0x0000000000025854                rpl_dag_get_root_ipaddr
                0x000000000002589e                rpl_dag_leave
                0x0000000000025949                rpl_dag_poison_and_leave
                0x0000000000025967                rpl_dag_periodic
                0x0000000000025a2b                rpl_is_addr_in_our_dag
                0x0000000000025a87                rpl_get_default_instance
                0x0000000000025aae                rpl_get_any_dag
                0x0000000000025b1b                rpl_refresh_routes
                0x0000000000025b7d                rpl_global_repair
                0x0000000000025c3f                rpl_local_repair
                0x0000000000025ca1                rpl_dag_ready_to_advertise
                0x0000000000025cf9                rpl_dag_update_state
                0x00000000000265bc                rpl_process_dio
                0x000000000002665e                rpl_process_dis
                0x00000000000266b2                rpl_process_dao
                0x000000000002675b                rpl_process_dao_ack
                0x000000000002680b                rpl_process_hbh
                0x000000000002686a                rpl_dag_init_root
                0x00000000000269eb                rpl_dag_init
 .text          0x0000000000026a0f      0xdef build/cooja/obj/rpl-ext-header.o
                0x0000000000026a0f                rpl_ext_header_srh_get_next_hop
                0x0000000000026b20                rpl_ext_header_srh_update
                0x00000000000271af                rpl_ext_header_hbh_update
                0x000000000002754f                rpl_ext_header_update
                0x00000000000275f9                rpl_ext_header_remove
 .text          0x00000000000277fe     0x16eb build/cooja/obj/rpl-icmp6.o
                0x0000000000027992                rpl_icmp6_update_nbr_table
                0x0000000000027a47                rpl_icmp6_dis_output
                0x000000000002816b                rpl_icmp6_dio_output
                0x0000000000028a9b                rpl_icmp6_dao_output
                0x0000000000028e0c                rpl_icmp6_dao_ack_output
                0x0000000000028ea2                rpl_icmp6_init
 .text          0x0000000000028ee9      0x36f build/cooja/obj/rpl-mrhof.o
 .text          0x0000000000029258       0x8c build/cooja/obj/rpl-nbr-policy.o
                0x00000000000292a0                rpl_nbr_gc_get_worst
 .text          0x00000000000292e4      0xadd build/cooja/obj/rpl-neighbor.o
                0x0000000000029377                rpl_neighbor_snprint
                0x00000000000296a5                rpl_neighbor_print_list
                0x000000000002977c                rpl_neighbor_count
                0x0000000000029867                rpl_neighbor_get_from_lladdr
                0x0000000000029892                rpl_neighbor_is_acceptable_parent
                0x00000000000298de                rpl_neighbor_get_link_metric
                0x000000000002992a                rpl_neighbor_rank_via_nbr
                0x0000000000029976                rpl_neighbor_get_lladdr
                0x00000000000299a1                rpl_neighbor_get_ipaddr
                0x00000000000299cf                rpl_neighbor_get_link_stats
                0x00000000000299fd                rpl_neighbor_is_fresh
                0x0000000000029a2b                rpl_neighbor_is_parent
                0x0000000000029a64                rpl_neighbor_set_preferred_parent
                0x0000000000029b1b                rpl_neighbor_remove_all
                0x0000000000029b81                rpl_neighbor_get_from_ipaddr
                0x0000000000029cba                rpl_neighbor_select_best
                0x0000000000029d9a                rpl_neighbor_init
 .text          0x0000000000029dc1      0x31f build/cooja/obj/rpl-of0.o
 .text          0x000000000002a0e0      0xd3d build/cooja/obj/rpl-timers.o
                0x000000000002a0e0                rpl_timers_schedule_periodic_dis
                0x000000000002a296                rpl_timers_dio_reset
                0x000000000002a41a                rpl_timers_schedule_unicast_dio
                0x000000000002a601                rpl_timers_schedule_dao
                0x000000000002a707                rpl_timers_schedule_dao_ack
                0x000000000002a7cc                rpl_timers_notify_dao_ack
                0x000000000002a841                get_probing_delay
                0x000000000002a888                get_probing_target
                0x000000000002aac6                rpl_schedule_probing
                0x000000000002ab0d                rpl_schedule_probing_now
                0x000000000002ab9b                rpl_timers_unschedule_leaving
                0x000000000002abe5                rpl_timers_schedule_leaving
                0x000000000002ac43                rpl_timers_init
                0x000000000002acf5                rpl_timers_stop_dag_timers
                0x000000000002ad97                rpl_timers_unschedule_state_update
                0x000000000002adc4                rpl_timers_schedule_state_update
 .text          0x000000000002ae1d      0x66e build/cooja/obj/rpl.o
                0x000000000002ae1d                rpl_lollipop_greater_than
                0x000000000002ae81                rpl_get_global_address
                0x000000000002b021                rpl_link_callback
                0x000000000002b08b                rpl_has_joined
                0x000000000002b0be                rpl_is_reachable
                0x000000000002b164                rpl_reset_prefix
                0x000000000002b1db                rpl_set_prefix_from_addr
                0x000000000002b2f6                rpl_set_prefix
                0x000000000002b460                rpl_set_leaf_only
                0x000000000002b47a                rpl_get_leaf_only
 .text          0x000000000002b48b      0x18b build/cooja/obj/rs232.o
                0x000000000002b48b                rs232_init
                0x000000000002b496                rs232_set_speed
                0x000000000002b4a6                rs232_set_input
                0x000000000002b4c0                rs232_send
                0x000000000002b4df                rs232_print
                0x000000000002b50d                slip_arch_writeb
 .text          0x000000000002b616       0xcc build/cooja/obj/rtimer-arch.o
                0x000000000002b616                rtimer_arch_init
                0x000000000002b63c                rtimer_arch_schedule
                0x000000000002b666                rtimer_arch_next
                0x000000000002b67a                rtimer_arch_pending
                0x000000000002b68d                rtimer_arch_check
                0x000000000002b6ce                rtimer_arch_now
 .text          0x000000000002b6e2      0x101 build/cooja/obj/rtimer.o
                0x000000000002b6e2                rtimer_init
                0x000000000002b6f2                rtimer_set
                0x000000000002b773                rtimer_run_next
 .text          0x000000000002b7e3      0x35f build/cooja/obj/sensors.o
                0x000000000002b82c                sensors_first
                0x000000000002b840                sensors_next
                0x000000000002b86f                sensors_changed
                0x000000000002b8bc                sensors_find
 .text          0x000000000002bb42      0x238 build/cooja/obj/serial-line.o
                0x000000000002bb42                serial_line_input_byte
                0x000000000002bd3d                serial_line_init
 .text          0x000000000002bd7a     0x3747 build/cooja/obj/sicslowpan.o
                0x000000000002c550                netstack_sniffer_add
                0x000000000002c56a                netstack_sniffer_remove
                0x000000000002f48a                sicslowpan_init
                0x000000000002f4b1                sicslowpan_get_last_rssi
 .text          0x000000000002f4c1       0x93 build/cooja/obj/simEnvChange.o
                0x000000000002f4c1                doActionsBeforeTick
                0x000000000002f50a                doActionsAfterTick
 .text          0x000000000002f554      0x496 build/cooja/obj/simple-udp.o
                0x000000000002f585                simple_udp_send
                0x000000000002f5f7                simple_udp_sendto
                0x000000000002f669                simple_udp_sendto_port
                0x000000000002f6d9                simple_udp_register
 .text          0x000000000002f9ea       0x1a build/cooja/obj/slip-arch.o
                0x000000000002f9ea                slip_arch_init
 .text          0x000000000002fa04      0x72b build/cooja/obj/slip.o
                0x000000000002fa04                slip_set_input_callback
                0x000000000002fa1e                slip_send
                0x000000000002fa47                slip_write
                0x000000000002ffde                slip_input_byte
 .text          0x000000000003012f      0x1f8 build/cooja/obj/snprintf.o
                0x00000000000301ba                __wrap_snprintf
                0x00000000000301ba                snprintf
                0x000000000003029f                vsnprintf
                0x000000000003029f                __wrap_vsnprintf
 .text          0x0000000000030327      0x152 build/cooja/obj/sprintf.o
                0x0000000000030372                __wrap_sprintf
                0x0000000000030372                sprintf
 .text          0x0000000000030479      0x125 build/cooja/obj/stimer.o
                0x0000000000030479                stimer_set
                0x00000000000304a8                stimer_reset
                0x00000000000304e4                stimer_restart
                0x0000000000030503                stimer_expired
                0x0000000000030545                stimer_remaining
                0x000000000003057d                stimer_elapsed
 .text          0x000000000003059e     0x170b build/cooja/obj/strformat.o
                0x0000000000030911                format_str
                0x00000000000309f2                format_str_v
 .text          0x0000000000031ca9      0xbaa build/cooja/obj/tcp-socket.o
                0x00000000000323e2                tcp_socket_register
                0x00000000000324aa                tcp_socket_connect
                0x0000000000032567                tcp_socket_listen
                0x00000000000325f4                tcp_socket_unlisten
                0x0000000000032680                tcp_socket_send
                0x000000000003273d                tcp_socket_send_str
                0x0000000000032774                tcp_socket_close
                0x00000000000327a9                tcp_socket_unregister
                0x0000000000032812                tcp_socket_max_sendlen
                0x000000000003283a                tcp_socket_queuelen
 .text          0x0000000000032853      0xc96 build/cooja/obj/tcpip.o
                0x0000000000032883                tcpip_output
                0x0000000000032985                tcp_connect
                0x00000000000329ec                tcp_unlisten
                0x0000000000032a5c                tcp_listen
                0x0000000000032ac8                tcp_attach
                0x0000000000032af6                udp_attach
                0x0000000000032b24                udp_new
                0x0000000000032b7f                udp_broadcast_new
                0x0000000000032e92                tcpip_input
                0x000000000003306a                tcpip_ipv6_output
                0x00000000000332c3                tcpip_poll_udp
                0x00000000000332f1                tcpip_poll_tcp
                0x000000000003331f                tcpip_uipcall
 .text          0x00000000000334e9       0xfd build/cooja/obj/timer.o
                0x00000000000334e9                timer_set
                0x0000000000033518                timer_reset
                0x0000000000033554                timer_restart
                0x0000000000033573                timer_expired
                0x00000000000335ae                timer_remaining
 .text          0x00000000000335e6      0x55e build/cooja/obj/trickle-timer.o
                0x0000000000033942                trickle_timer_consistency
                0x000000000003397e                trickle_timer_inconsistency
                0x00000000000339cf                trickle_timer_config
                0x0000000000033aa6                trickle_timer_set
 .text          0x0000000000033b44      0x4cf build/cooja/obj/udp-socket.o
                0x0000000000033b75                udp_socket_register
                0x0000000000033c32                udp_socket_close
                0x0000000000033c75                udp_socket_bind
                0x0000000000033cc8                udp_socket_connect
                0x0000000000033d40                udp_socket_send
                0x0000000000033d96                udp_socket_sendto
 .text          0x0000000000034013      0x416 build/cooja/obj/uip-ds6-nbr.o
                0x0000000000034013                uip_ds6_neighbors_init
                0x000000000003403c                uip_ds6_nbr_add
                0x00000000000340da                uip_ds6_nbr_rm
                0x0000000000034137                uip_ds6_nbr_update_ll
                0x000000000003423c                uip_ds6_nbr_get_ipaddr
                0x000000000003425c                uip_ds6_nbr_get_ll
                0x0000000000034284                uip_ds6_nbr_num
                0x00000000000342d6                uip_ds6_nbr_head
                0x00000000000342ef                uip_ds6_nbr_next
                0x0000000000034317                uip_ds6_nbr_lookup
                0x0000000000034380                uip_ds6_nbr_ll_lookup
                0x00000000000343a8                uip_ds6_nbr_ipaddr_from_lladdr
                0x00000000000343dc                uip_ds6_nbr_lladdr_from_ipaddr
                0x0000000000034418                uip_ds6_link_callback
 .text          0x0000000000034429      0x3f9 build/cooja/obj/uip-ds6-route.o
                0x0000000000034480                uip_ds6_route_init
                0x00000000000344a9                uip_ds6_route_count_nexthop_neighbors
                0x00000000000344b8                uip_ds6_route_nexthop
                0x00000000000344cb                uip_ds6_route_head
                0x00000000000344da                uip_ds6_route_next
                0x00000000000344ed                uip_ds6_route_is_nexthop
                0x0000000000034500                uip_ds6_route_num_routes
                0x000000000003450f                uip_ds6_route_lookup
                0x0000000000034522                uip_ds6_route_add
                0x000000000003453e                uip_ds6_route_rm
                0x000000000003454d                uip_ds6_route_rm_by_nexthop
                0x000000000003455c                uip_ds6_defrt_head
                0x0000000000034575                uip_ds6_defrt_add
                0x0000000000034635                uip_ds6_defrt_rm
                0x00000000000346ab                uip_ds6_defrt_lookup
                0x0000000000034722                uip_ds6_defrt_choose
                0x00000000000347a5                uip_ds6_defrt_periodic
 .text          0x0000000000034822      0xebc build/cooja/obj/uip-ds6.o
                0x0000000000034822                uip_ds6_default_prefix
                0x0000000000034833                uip_ds6_set_default_prefix
                0x000000000003485b                uip_ds6_init
                0x0000000000034afa                uip_ds6_periodic
                0x0000000000034b9c                uip_ds6_list_loop
                0x0000000000034c85                uip_ds6_prefix_add
                0x0000000000034d56                uip_ds6_prefix_rm
                0x0000000000034d74                uip_ds6_prefix_lookup
                0x0000000000034dcb                uip_ds6_is_addr_onlink
                0x0000000000034e5f                uip_ds6_addr_add
                0x0000000000034faa                uip_ds6_addr_rm
                0x0000000000035065                uip_ds6_addr_lookup
                0x00000000000350ba                uip_ds6_get_link_local
                0x000000000003515f                uip_ds6_get_global
                0x0000000000035204                uip_ds6_maddr_add
                0x0000000000035280                uip_ds6_maddr_rm
                0x000000000003529e                uip_ds6_maddr_lookup
                0x00000000000352f6                uip_ds6_aaddr_add
                0x0000000000035372                uip_ds6_aaddr_rm
                0x0000000000035390                uip_ds6_aaddr_lookup
                0x00000000000353e8                uip_ds6_select_src
                0x0000000000035572                uip_ds6_set_addr_iid
                0x00000000000355ab                uip_ds6_set_lladdr_from_iid
                0x00000000000355e2                get_match_length
                0x0000000000035690                uip_ds6_compute_reachable_time
 .text          0x00000000000356de      0x8b7 build/cooja/obj/uip-icmp6.o
                0x000000000003575b                uip_icmp6_input
                0x00000000000357b9                uip_icmp6_register_input_handler
                0x000000000003594b                uip_icmp6_error_output
                0x0000000000035cb0                uip_icmp6_send
                0x0000000000035efc                uip_icmp6_echo_reply_callback_add
                0x0000000000035f43                uip_icmp6_echo_reply_callback_rm
                0x0000000000035f6c                uip_icmp6_init
 .text          0x0000000000035f95       0xdd build/cooja/obj/uip-nameserver.o
                0x0000000000035f95                uip_nameserver_update
                0x0000000000035fc9                uip_nameserver_get
                0x0000000000035fec                uip_nameserver_next_expiration
                0x0000000000035ffc                uip_nameserver_count
 .text          0x0000000000036072      0x87f build/cooja/obj/uip-nd6.o
                0x00000000000368d7                uip_nd6_init
 .text          0x00000000000368f1      0x1b9 build/cooja/obj/uip-packetqueue.o
                0x0000000000036930                uip_packetqueue_new
                0x000000000003694a                uip_packetqueue_alloc
                0x00000000000369c4                uip_packetqueue_free
                0x0000000000036a1c                uip_packetqueue_buf
                0x0000000000036a48                uip_packetqueue_buflen
                0x0000000000036a77                uip_packetqueue_set_buflen
 .text          0x0000000000036aaa      0x7e7 build/cooja/obj/uip-sr.o
                0x0000000000036aaa                uip_sr_num_nodes
                0x0000000000036b55                uip_sr_get_node
                0x0000000000036bbd                uip_sr_is_addr_reachable
                0x0000000000036c85                uip_sr_expire_parent
                0x0000000000036cf4                uip_sr_update_node
                0x0000000000036e68                uip_sr_init
                0x0000000000036e9b                uip_sr_node_head
                0x0000000000036eb4                uip_sr_node_next
                0x0000000000036ed2                uip_sr_periodic
                0x000000000003700e                uip_sr_free_all
                0x000000000003708d                uip_sr_link_snprint
 .text          0x0000000000037291      0x147 build/cooja/obj/uip-udp-packet.o
                0x0000000000037291                uip_udp_packet_send
                0x0000000000037313                uip_udp_packet_sendto
 .text          0x00000000000373d8     0x3915 build/cooja/obj/uip6.o
                0x00000000000373d8                uip_add32
                0x00000000000375e2                uip_chksum
                0x00000000000376c8                uip_icmp6chksum
                0x00000000000376dc                uip_tcpchksum
                0x00000000000376f0                uip_udpchksum
                0x0000000000037704                uip_init
                0x00000000000377c9                uip_connect
                0x0000000000037973                uip_remove_ext_hdr
                0x0000000000037a74                uip_udp_new
                0x0000000000037be0                uip_unlisten
                0x0000000000037c2f                uip_listen
                0x0000000000037f51                uip_process
                0x000000000003ab73                uip_htons
                0x000000000003ab96                uip_htonl
                0x000000000003abde                uip_send
 .text          0x000000000003aced      0x5b1 build/cooja/obj/uipbuf.o
                0x000000000003aced                uipbuf_clear
                0x000000000003ad1f                uipbuf_add_ext_hdr
                0x000000000003adb7                uipbuf_set_len
                0x000000000003ade9                uipbuf_set_len_field
                0x000000000003ae1c                uipbuf_get_len_field
                0x000000000003ae47                uipbuf_get_next_header
                0x000000000003afb9                uipbuf_get_last_header
                0x000000000003b04c                uipbuf_search_header
                0x000000000003b113                uipbuf_get_attr
                0x000000000003b144                uipbuf_set_attr
                0x000000000003b184                uipbuf_set_default_attr
                0x000000000003b1c4                uipbuf_clear_attr
                0x000000000003b1eb                uipbuf_set_attr_flag
                0x000000000003b20e                uipbuf_clr_attr_flag
                0x000000000003b237                uipbuf_is_attr_flag
                0x000000000003b25c                uipbuf_init
 .text          0x000000000003b29e      0x57d build/cooja/obj/uiplib.o
                0x000000000003b29e                uiplib_ip6addrconv
                0x000000000003b47a                uiplib_ip4addrconv
                0x000000000003b54c                uiplib_ipaddr_print
                0x000000000003b5b2                uiplib_ipaddr_snprint
 .text          0x000000000003b81b       0xfa build/cooja/obj/vib-sensor.o
 .text          0x000000000003b915       0x49 build/cooja/obj/watchdog.o
                0x000000000003b915                watchdog_init
                0x000000000003b920                watchdog_start
                0x000000000003b92b                watchdog_periodic
                0x000000000003b948                watchdog_stop
                0x000000000003b953                watchdog_reboot
 .text          0x000000000003b95e        0x0 /usr/lib/gcc/x86_64-linux-gnu/11/crtendS.o
 .text          0x000000000003b95e        0x0 /usr/lib/gcc/x86_64-linux-gnu/11/../../../x86_64-linux-gnu/crtn.o
 *(.gnu.warning)

.fini           0x000000000003b960        0xd
 *(SORT_NONE(.fini))
 .fini          0x000000000003b960        0x8 /usr/lib/gcc/x86_64-linux-gnu/11/../../../x86_64-linux-gnu/crti.o
                0x000000000003b960                _fini
 .fini          0x000000000003b968        0x5 /usr/lib/gcc/x86_64-linux-gnu/11/../../../x86_64-linux-gnu/crtn.o
                [!provide]                        PROVIDE (__etext = .)
                [!provide]                        PROVIDE (_etext = .)
                [!provide]                        PROVIDE (etext = .)
                0x000000000003c000                . = ALIGN (CONSTANT (MAXPAGESIZE))
                0x000000000003c000                . = SEGMENT_START ("rodata-segment", (ALIGN (CONSTANT (MAXPAGESIZE)) + (. & (CONSTANT (MAXPAGESIZE) - 0x1))))

.rodata         0x000000000003c000     0x1217
 *(.rodata .rodata.* .gnu.linkonce.r.*)
 .rodata        0x000000000003c000      0x100 build/cooja/obj/aes-128.o
 .rodata        0x000000000003c100       0x25 build/cooja/obj/assert.o
 .rodata        0x000000000003c125       0x13 build/cooja/obj/button-hal.o
 .rodata        0x000000000003c138       0x14 build/cooja/obj/buttons.o
                0x000000000003c144                button_hal_button_count
 *fill*         0x000000000003c14c        0x4 
 .rodata        0x000000000003c150       0x26 build/cooja/obj/cfs-cooja.o
 *fill*         0x000000000003c176        0x2 
 .rodata        0x000000000003c178       0xfc build/cooja/obj/contiki-main.o
 .rodata        0x000000000003c274       0x68 build/cooja/obj/cooja-radio.o
 *fill*         0x000000000003c2dc        0x4 
 .rodata        0x000000000003c2e0       0x2d build/cooja/obj/csma-output.o
 .rodata        0x000000000003c30d        0x5 build/cooja/obj/csma.o
 .rodata        0x000000000003c312        0xf build/cooja/obj/ctimer.o
 .rodata        0x000000000003c321        0xc build/cooja/obj/etimer.o
 *fill*         0x000000000003c32d        0x3 
 .rodata        0x000000000003c330       0xb0 build/cooja/obj/heapmem.o
 .rodata        0x000000000003c3e0       0x16 build/cooja/obj/hexconv.o
 *fill*         0x000000000003c3f6        0xa 
 .rodata        0x000000000003c400       0x78 build/cooja/obj/ifft.o
 .rodata        0x000000000003c478        0x6 build/cooja/obj/leds-arch.o
                0x000000000003c478                leds_arch_leds
 *fill*         0x000000000003c47e        0x2 
 .rodata        0x000000000003c480        0x8 build/cooja/obj/linkaddr.o
                0x000000000003c480                linkaddr_null
 .rodata        0x000000000003c488       0xc0 build/cooja/obj/log.o
 .rodata        0x000000000003c548      0x360 build/cooja/obj/mqtt-client.o
 .rodata        0x000000000003c8a8      0x14c build/cooja/obj/mqtt-prop.o
 .rodata        0x000000000003c9f4      0x29c build/cooja/obj/mqtt.o
 .rodata        0x000000000003cc90       0x14 build/cooja/obj/net-debug.o
 .rodata        0x000000000003cca4        0x4 build/cooja/obj/pir-sensor.o
 .rodata        0x000000000003cca8       0xd7 build/cooja/obj/rpl-dag.o
 *fill*         0x000000000003cd7f        0x1 
 .rodata        0x000000000003cd80       0x58 build/cooja/obj/rpl-neighbor.o
 .rodata        0x000000000003cdd8        0xc build/cooja/obj/rpl-timers.o
 .rodata        0x000000000003cde4        0x9 build/cooja/obj/rpl.o
 .rodata        0x000000000003cded        0x3 build/cooja/obj/rs232.o
 .rodata        0x000000000003cdf0        0x8 build/cooja/obj/sensors.o
 .rodata        0x000000000003cdf8        0xe build/cooja/obj/serial-line.o
 .rodata        0x000000000003ce06       0x1d build/cooja/obj/sicslowpan.o
                0x000000000003ce06                unc_llconf
                0x000000000003ce0a                unc_ctxconf
                0x000000000003ce0e                unc_mxconf
                0x000000000003ce12                llprefix
 .rodata        0x000000000003ce23       0x13 build/cooja/obj/simple-udp.o
 .rodata        0x000000000003ce36        0xc build/cooja/obj/slip.o
 *fill*         0x000000000003ce42        0xe 
 .rodata        0x000000000003ce50      0x280 build/cooja/obj/strformat.o
 .rodata        0x000000000003d0d0       0x13 build/cooja/obj/tcp-socket.o
 .rodata        0x000000000003d0e3        0xd build/cooja/obj/tcpip.o
 .rodata        0x000000000003d0f0       0x13 build/cooja/obj/udp-socket.o
 *fill*         0x000000000003d103        0x5 
 .rodata        0x000000000003d108       0x4c build/cooja/obj/uip-ds6-route.o
 .rodata        0x000000000003d154       0x44 build/cooja/obj/uip-sr.o
 .rodata        0x000000000003d198       0x48 build/cooja/obj/uip6.o
 .rodata        0x000000000003d1e0       0x2d build/cooja/obj/uiplib.o
 .rodata        0x000000000003d20d        0xa build/cooja/obj/vib-sensor.o

.rodata1
 *(.rodata1)

.eh_frame_hdr   0x000000000003d218     0x1f14
 *(.eh_frame_hdr)
 .eh_frame_hdr  0x000000000003d218     0x1f14 build/cooja/mtype484373353.o
                0x000000000003d218                __GNU_EH_FRAME_HDR
 *(.eh_frame_entry .eh_frame_entry.*)

.eh_frame       0x000000000003f130     0x7cdc
 *(.eh_frame)
 .eh_frame      0x000000000003f130       0x40 /usr/lib/gcc/x86_64-linux-gnu/11/../../../x86_64-linux-gnu/crti.o
 .eh_frame      0x000000000003f170       0x18 /usr/lib/gcc/x86_64-linux-gnu/11/../../../x86_64-linux-gnu/crti.o
                                         0x30 (size before relaxing)
 .eh_frame      0x000000000003f188       0x18 /usr/lib/gcc/x86_64-linux-gnu/11/../../../x86_64-linux-gnu/crti.o
                                         0x30 (size before relaxing)
 .eh_frame      0x000000000003f1a0      0x198 build/cooja/mtype484373353.o
                                        0x1b0 (size before relaxing)
 .eh_frame      0x000000000003f338       0x60 build/cooja/obj/aes-128.o
                                         0x78 (size before relaxing)
 .eh_frame      0x000000000003f398       0x20 build/cooja/obj/assert.o
                                         0x38 (size before relaxing)
 .eh_frame      0x000000000003f3b8       0x60 build/cooja/obj/atomic.o
                                         0x78 (size before relaxing)
 .eh_frame      0x000000000003f418       0x40 build/cooja/obj/autostart.o
                                         0x58 (size before relaxing)
 .eh_frame      0x000000000003f458      0x160 build/cooja/obj/beep.o
                                        0x178 (size before relaxing)
 .eh_frame      0x000000000003f5b8      0x160 build/cooja/obj/button-hal.o
                                        0x178 (size before relaxing)
 .eh_frame      0x000000000003f718       0xa0 build/cooja/obj/buttons.o
                                         0xb8 (size before relaxing)
 .eh_frame      0x000000000003f7b8       0xc0 build/cooja/obj/ccm-star.o
                                         0xd8 (size before relaxing)
 .eh_frame      0x000000000003f878      0x160 build/cooja/obj/cfs-cooja.o
                                        0x178 (size before relaxing)
 .eh_frame      0x000000000003f9d8       0xe0 build/cooja/obj/circular-list.o
                                         0xf8 (size before relaxing)
 .eh_frame      0x000000000003fab8       0xc0 build/cooja/obj/clock.o
                                         0xd8 (size before relaxing)
 .eh_frame      0x000000000003fb78       0x80 build/cooja/obj/compower.o
                                         0x98 (size before relaxing)
 .eh_frame      0x000000000003fbf8       0x20 build/cooja/obj/contiki-main.o
                                         0x38 (size before relaxing)
 .eh_frame      0x000000000003fc18      0x100 build/cooja/obj/cooja-log.o
                                        0x118 (size before relaxing)
 .eh_frame      0x000000000003fd18      0x360 build/cooja/obj/cooja-radio.o
                                        0x378 (size before relaxing)
 .eh_frame      0x0000000000040078       0x60 build/cooja/obj/cooja_mt.o
                                         0x78 (size before relaxing)
 .eh_frame      0x00000000000400d8       0x80 build/cooja/obj/cooja_mtarch.o
                                         0x98 (size before relaxing)
 .eh_frame      0x0000000000040158       0x40 build/cooja/obj/crc16.o
                                         0x58 (size before relaxing)
 .eh_frame      0x0000000000040198      0x1c8 build/cooja/obj/csma-output.o
                                        0x1e0 (size before relaxing)
 .eh_frame      0x0000000000040360       0x40 build/cooja/obj/csma-security.o
                                         0x58 (size before relaxing)
 .eh_frame      0x00000000000403a0       0xe0 build/cooja/obj/csma.o
                                         0xf8 (size before relaxing)
 .eh_frame      0x0000000000040480      0x100 build/cooja/obj/ctimer.o
                                        0x118 (size before relaxing)
 .eh_frame      0x0000000000040580      0x140 build/cooja/obj/dbl-circ-list.o
                                        0x158 (size before relaxing)
 .eh_frame      0x00000000000406c0      0x140 build/cooja/obj/dbl-list.o
                                        0x158 (size before relaxing)
 .eh_frame      0x0000000000040800       0xa0 build/cooja/obj/eeprom.o
                                         0xb8 (size before relaxing)
 .eh_frame      0x00000000000408a0       0x60 build/cooja/obj/energest.o
                                         0x78 (size before relaxing)
 .eh_frame      0x0000000000040900      0x1e0 build/cooja/obj/etimer.o
                                        0x1f8 (size before relaxing)
 .eh_frame      0x0000000000040ae0      0x1a8 build/cooja/obj/frame802154.o
                                        0x1c0 (size before relaxing)
 .eh_frame      0x0000000000040c88      0x220 build/cooja/obj/frame802154e-ie.o
                                        0x238 (size before relaxing)
 .eh_frame      0x0000000000040ea8       0xa8 build/cooja/obj/framer-802154.o
                                         0xc0 (size before relaxing)
 .eh_frame      0x0000000000040f50      0x220 build/cooja/obj/gpio-hal-arch.o
                                        0x238 (size before relaxing)
 .eh_frame      0x0000000000041170       0xe0 build/cooja/obj/gpio-hal.o
                                         0xf8 (size before relaxing)
 .eh_frame      0x0000000000041250      0x160 build/cooja/obj/heapmem.o
                                        0x178 (size before relaxing)
 .eh_frame      0x00000000000413b0       0x80 build/cooja/obj/hexconv.o
                                         0x98 (size before relaxing)
 .eh_frame      0x0000000000041430       0xa0 build/cooja/obj/ifft.o
                                         0xb8 (size before relaxing)
 .eh_frame      0x00000000000414d0       0x80 build/cooja/obj/int-master.o
                                         0x98 (size before relaxing)
 .eh_frame      0x0000000000041550       0x40 build/cooja/obj/ip.o
                                         0x58 (size before relaxing)
 .eh_frame      0x0000000000041590       0xc0 build/cooja/obj/ip64-addr.o
                                         0xd8 (size before relaxing)
 .eh_frame      0x0000000000041650       0x80 build/cooja/obj/leds-arch.o
                                         0x98 (size before relaxing)
 .eh_frame      0x00000000000416d0      0x120 build/cooja/obj/leds.o
                                        0x138 (size before relaxing)
 .eh_frame      0x00000000000417f0      0x120 build/cooja/obj/link-stats.o
                                        0x138 (size before relaxing)
 .eh_frame      0x0000000000041910       0x60 build/cooja/obj/linkaddr.o
                                         0x78 (size before relaxing)
 .eh_frame      0x0000000000041970      0x1a0 build/cooja/obj/list.o
                                        0x1b8 (size before relaxing)
 .eh_frame      0x0000000000041b10      0x120 build/cooja/obj/log.o
                                        0x138 (size before relaxing)
 .eh_frame      0x0000000000041c30       0x48 build/cooja/obj/mac-sequence.o
                                         0x60 (size before relaxing)
 .eh_frame      0x0000000000041c78       0x20 build/cooja/obj/mac.o
                                         0x38 (size before relaxing)
 .eh_frame      0x0000000000041c98       0xa0 build/cooja/obj/memb.o
                                         0xb8 (size before relaxing)
 .eh_frame      0x0000000000041d38       0x40 build/cooja/obj/moteid.o
                                         0x58 (size before relaxing)
 .eh_frame      0x0000000000041d78      0x108 build/cooja/obj/mqtt-client.o
                                        0x120 (size before relaxing)
 .eh_frame      0x0000000000041e80      0x188 build/cooja/obj/mqtt-prop.o
                                        0x1a0 (size before relaxing)
 .eh_frame      0x0000000000042008      0x4e0 build/cooja/obj/mqtt.o
                                        0x4f8 (size before relaxing)
 .eh_frame      0x00000000000424e8       0x80 build/cooja/obj/mutex.o
                                         0x98 (size before relaxing)
 .eh_frame      0x0000000000042568      0x3e0 build/cooja/obj/nbr-table.o
                                        0x3f8 (size before relaxing)
 .eh_frame      0x0000000000042948       0x20 build/cooja/obj/net-debug.o
                                         0x38 (size before relaxing)
 .eh_frame      0x0000000000042968       0x80 build/cooja/obj/netstack.o
                                         0x98 (size before relaxing)
 .eh_frame      0x00000000000429e8       0x20 build/cooja/obj/node-id.o
                                         0x38 (size before relaxing)
 .eh_frame      0x0000000000042a08       0x80 build/cooja/obj/nullframer.o
                                         0x98 (size before relaxing)
 .eh_frame      0x0000000000042a88      0x1c0 build/cooja/obj/nullradio.o
                                        0x1d8 (size before relaxing)
 .eh_frame      0x0000000000042c48      0x288 build/cooja/obj/packetbuf.o
                                        0x2a0 (size before relaxing)
 .eh_frame      0x0000000000042ed0       0xa0 build/cooja/obj/pir-sensor.o
                                         0xb8 (size before relaxing)
 .eh_frame      0x0000000000042f70       0x40 build/cooja/obj/printf.o
                                         0x58 (size before relaxing)
 .eh_frame      0x0000000000042fb0      0x1c8 build/cooja/obj/process.o
                                        0x1e0 (size before relaxing)
 .eh_frame      0x0000000000043178      0x160 build/cooja/obj/psock.o
                                        0x178 (size before relaxing)
 .eh_frame      0x00000000000432d8       0x20 build/cooja/obj/putchar.o
                                         0x38 (size before relaxing)
 .eh_frame      0x00000000000432f8       0x20 build/cooja/obj/puts.o
                                         0x38 (size before relaxing)
 .eh_frame      0x0000000000043318      0x1a0 build/cooja/obj/queuebuf.o
                                        0x1b8 (size before relaxing)
 .eh_frame      0x00000000000434b8       0x40 build/cooja/obj/random.o
                                         0x58 (size before relaxing)
 .eh_frame      0x00000000000434f8       0xa0 build/cooja/obj/ringbuf.o
                                         0xb8 (size before relaxing)
 .eh_frame      0x0000000000043598      0x120 build/cooja/obj/ringbufindex.o
                                        0x138 (size before relaxing)
 .eh_frame      0x00000000000436b8       0xa0 build/cooja/obj/rpl-dag-root.o
                                         0xb8 (size before relaxing)
 .eh_frame      0x0000000000043758      0x360 build/cooja/obj/rpl-dag.o
                                        0x378 (size before relaxing)
 .eh_frame      0x0000000000043ab8      0x128 build/cooja/obj/rpl-ext-header.o
                                        0x140 (size before relaxing)
 .eh_frame      0x0000000000043be0      0x1c0 build/cooja/obj/rpl-icmp6.o
                                        0x1d8 (size before relaxing)
 .eh_frame      0x0000000000043da0      0x148 build/cooja/obj/rpl-mrhof.o
                                        0x160 (size before relaxing)
 .eh_frame      0x0000000000043ee8       0x40 build/cooja/obj/rpl-nbr-policy.o
                                         0x58 (size before relaxing)
 .eh_frame      0x0000000000043f28      0x2b0 build/cooja/obj/rpl-neighbor.o
                                        0x2c8 (size before relaxing)
 .eh_frame      0x00000000000441d8      0x130 build/cooja/obj/rpl-of0.o
                                        0x148 (size before relaxing)
 .eh_frame      0x0000000000044308      0x3a8 build/cooja/obj/rpl-timers.o
                                        0x3c0 (size before relaxing)
 .eh_frame      0x00000000000446b0      0x1e0 build/cooja/obj/rpl.o
                                        0x1f8 (size before relaxing)
 .eh_frame      0x0000000000044890      0x100 build/cooja/obj/rs232.o
                                        0x118 (size before relaxing)
 .eh_frame      0x0000000000044990       0xc0 build/cooja/obj/rtimer-arch.o
                                         0xd8 (size before relaxing)
 .eh_frame      0x0000000000044a50       0x60 build/cooja/obj/rtimer.o
                                         0x78 (size before relaxing)
 .eh_frame      0x0000000000044ab0       0xc0 build/cooja/obj/sensors.o
                                         0xd8 (size before relaxing)
 .eh_frame      0x0000000000044b70       0x60 build/cooja/obj/serial-line.o
                                         0x78 (size before relaxing)
 .eh_frame      0x0000000000044bd0      0x2e0 build/cooja/obj/sicslowpan.o
                                        0x2f8 (size before relaxing)
 .eh_frame      0x0000000000044eb0       0x40 build/cooja/obj/simEnvChange.o
                                         0x58 (size before relaxing)
 .eh_frame      0x0000000000044ef0       0xc0 build/cooja/obj/simple-udp.o
                                         0xd8 (size before relaxing)
 .eh_frame      0x0000000000044fb0       0x20 build/cooja/obj/slip-arch.o
                                         0x38 (size before relaxing)
 .eh_frame      0x0000000000044fd0       0xe0 build/cooja/obj/slip.o
                                         0xf8 (size before relaxing)
 .eh_frame      0x00000000000450b0       0x60 build/cooja/obj/snprintf.o
                                         0x78 (size before relaxing)
 .eh_frame      0x0000000000045110       0x40 build/cooja/obj/sprintf.o
                                         0x58 (size before relaxing)
 .eh_frame      0x0000000000045150       0xc0 build/cooja/obj/stimer.o
                                         0xd8 (size before relaxing)
 .eh_frame      0x0000000000045210      0x120 build/cooja/obj/strformat.o
                                        0x138 (size before relaxing)
 .eh_frame      0x0000000000045330      0x248 build/cooja/obj/tcp-socket.o
                                        0x260 (size before relaxing)
 .eh_frame      0x0000000000045578      0x308 build/cooja/obj/tcpip.o
                                        0x320 (size before relaxing)
 .eh_frame      0x0000000000045880       0xa0 build/cooja/obj/timer.o
                                         0xb8 (size before relaxing)
 .eh_frame      0x0000000000045920      0x168 build/cooja/obj/trickle-timer.o
                                        0x180 (size before relaxing)
 .eh_frame      0x0000000000045a88      0x100 build/cooja/obj/udp-socket.o
                                        0x118 (size before relaxing)
 .eh_frame      0x0000000000045b88      0x1c0 build/cooja/obj/uip-ds6-nbr.o
                                        0x1d8 (size before relaxing)
 .eh_frame      0x0000000000045d48      0x240 build/cooja/obj/uip-ds6-route.o
                                        0x258 (size before relaxing)
 .eh_frame      0x0000000000045f88      0x328 build/cooja/obj/uip-ds6.o
                                        0x340 (size before relaxing)
 .eh_frame      0x00000000000462b0      0x148 build/cooja/obj/uip-icmp6.o
                                        0x160 (size before relaxing)
 .eh_frame      0x00000000000463f8       0x80 build/cooja/obj/uip-nameserver.o
                                         0x98 (size before relaxing)
 .eh_frame      0x0000000000046478       0x80 build/cooja/obj/uip-nd6.o
                                         0x98 (size before relaxing)
 .eh_frame      0x00000000000464f8       0xe0 build/cooja/obj/uip-packetqueue.o
                                         0xf8 (size before relaxing)
 .eh_frame      0x00000000000465d8      0x180 build/cooja/obj/uip-sr.o
                                        0x198 (size before relaxing)
 .eh_frame      0x0000000000046758       0x40 build/cooja/obj/uip-udp-packet.o
                                         0x58 (size before relaxing)
 .eh_frame      0x0000000000046798      0x2b0 build/cooja/obj/uip6.o
                                        0x2c8 (size before relaxing)
 .eh_frame      0x0000000000046a48      0x200 build/cooja/obj/uipbuf.o
                                        0x218 (size before relaxing)
 .eh_frame      0x0000000000046c48       0x80 build/cooja/obj/uiplib.o
                                         0x98 (size before relaxing)
 .eh_frame      0x0000000000046cc8       0xa0 build/cooja/obj/vib-sensor.o
                                         0xb8 (size before relaxing)
 .eh_frame      0x0000000000046d68       0xa0 build/cooja/obj/watchdog.o
                                         0xb8 (size before relaxing)
 .eh_frame      0x0000000000046e08        0x4 /usr/lib/gcc/x86_64-linux-gnu/11/crtendS.o
 *(.eh_frame.*)

.gcc_except_table
 *(.gcc_except_table .gcc_except_table.*)

.gnu_extab
 *(.gnu_extab*)

.exception_ranges
 *(.exception_ranges*)
                0x00000000000485d0                . = DATA_SEGMENT_ALIGN (CONSTANT (MAXPAGESIZE), CONSTANT (COMMONPAGESIZE))

.eh_frame
 *(.eh_frame)
 *(.eh_frame.*)

.gnu_extab
 *(.gnu_extab)

.gcc_except_table
 *(.gcc_except_table .gcc_except_table.*)

.exception_ranges
 *(.exception_ranges*)

.tdata
 *(.tdata .tdata.* .gnu.linkonce.td.*)

.tbss
 *(.tbss .tbss.* .gnu.linkonce.tb.*)
 *(.tcommon)

.preinit_array
 *(.preinit_array)

.init_array     0x00000000000485d0        0x8
 *(SORT_BY_INIT_PRIORITY(.init_array.*) SORT_BY_INIT_PRIORITY(.ctors.*))
 *(.init_array EXCLUDE_FILE(*crtend?.o *crtend.o *crtbegin?.o *crtbegin.o) .ctors)
 .init_array    0x00000000000485d0        0x8 /usr/lib/gcc/x86_64-linux-gnu/11/crtbeginS.o

.fini_array     0x00000000000485d8        0x8
 *(SORT_BY_INIT_PRIORITY(.fini_array.*) SORT_BY_INIT_PRIORITY(.dtors.*))
 *(.fini_array EXCLUDE_FILE(*crtend?.o *crtend.o *crtbegin?.o *crtbegin.o) .dtors)
 .fini_array    0x00000000000485d8        0x8 /usr/lib/gcc/x86_64-linux-gnu/11/crtbeginS.o

.ctors
 *crtbegin.o(.ctors)
 *crtbegin?.o(.ctors)
 *(EXCLUDE_FILE(*crtend?.o *crtend.o) .ctors)
 *(SORT_BY_NAME(.ctors.*))
 *(.ctors)

.dtors
 *crtbegin.o(.dtors)
 *crtbegin?.o(.dtors)
 *(EXCLUDE_FILE(*crtend?.o *crtend.o) .dtors)
 *(SORT_BY_NAME(.dtors.*))
 *(.dtors)

.jcr
 *(.jcr)

.data.rel.ro    0x00000000000485e0      0x420
 *(.data.rel.ro.local* .gnu.linkonce.d.rel.ro.local.*)
 .data.rel.ro.local
                0x00000000000485e0       0x10 build/cooja/obj/aes-128.o
                0x00000000000485e0                aes_128_driver
 .data.rel.ro.local
                0x00000000000485f0       0x10 build/cooja/obj/beep.o
                0x00000000000485f0                beep_interface
 .data.rel.ro.local
                0x0000000000048600       0x40 build/cooja/obj/buttons.o
                0x0000000000048600                button_interface
                0x0000000000048620                button_sensor
 .data.rel.ro.local
                0x0000000000048640       0x10 build/cooja/obj/ccm-star.o
                0x0000000000048640                ccm_star_driver
 .data.rel.ro.local
                0x0000000000048650       0x10 build/cooja/obj/cfs-cooja.o
                0x0000000000048650                cfs_interface
 .data.rel.ro.local
                0x0000000000048660       0x10 build/cooja/obj/clock.o
                0x0000000000048660                clock_interface
 .data.rel.ro.local
                0x0000000000048670       0x10 build/cooja/obj/cooja-log.o
                0x0000000000048670                simlog_interface
 .data.rel.ro.local
                0x0000000000048680       0x90 build/cooja/obj/cooja-radio.o
                0x0000000000048680                radio_interface
                0x00000000000486a0                cooja_radio_driver
 *fill*         0x0000000000048710       0x10 
 .data.rel.ro.local
                0x0000000000048720       0x38 build/cooja/obj/csma.o
                0x0000000000048720                csma_driver
 *fill*         0x0000000000048758        0x8 
 .data.rel.ro.local
                0x0000000000048760       0x10 build/cooja/obj/eeprom.o
                0x0000000000048760                eeprom_interface
 .data.rel.ro.local
                0x0000000000048770       0x18 build/cooja/obj/framer-802154.o
                0x0000000000048770                framer_802154
 *fill*         0x0000000000048788        0x8 
 .data.rel.ro.local
                0x0000000000048790       0x10 build/cooja/obj/ip.o
                0x0000000000048790                ip_interface
 .data.rel.ro.local
                0x00000000000487a0       0x10 build/cooja/obj/leds-arch.o
                0x00000000000487a0                leds_interface
 .data.rel.ro.local
                0x00000000000487b0       0x10 build/cooja/obj/moteid.o
                0x00000000000487b0                moteid_interface
 .data.rel.ro.local
                0x00000000000487c0       0x18 build/cooja/obj/nullframer.o
                0x00000000000487c0                no_framer
 *fill*         0x00000000000487d8        0x8 
 .data.rel.ro.local
                0x00000000000487e0       0x70 build/cooja/obj/nullradio.o
                0x00000000000487e0                nullradio_driver
 *fill*         0x0000000000048850       0x10 
 .data.rel.ro.local
                0x0000000000048860       0x40 build/cooja/obj/pir-sensor.o
                0x0000000000048860                pir_interface
                0x0000000000048880                pir_sensor
 .data.rel.ro.local
                0x00000000000488a0       0x10 build/cooja/obj/rs232.o
                0x00000000000488a0                rs232_interface
 *fill*         0x00000000000488b0       0x10 
 .data.rel.ro.local
                0x00000000000488c0       0x40 build/cooja/obj/vib-sensor.o
                0x00000000000488c0                vib_interface
                0x00000000000488e0                vib_sensor
 *(.data.rel.ro .data.rel.ro.* .gnu.linkonce.d.rel.ro.*)
 .data.rel.ro   0x0000000000048900        0x0 /usr/lib/gcc/x86_64-linux-gnu/11/../../../x86_64-linux-gnu/crti.o
 .data.rel.ro   0x0000000000048900       0x10 build/cooja/obj/mqtt-client.o
                0x0000000000048900                autostart_processes
 .data.rel.ro   0x0000000000048910        0x8 build/cooja/obj/rpl-dag.o
 *fill*         0x0000000000048918        0x8 
 .data.rel.ro   0x0000000000048920       0xa8 build/cooja/obj/rpl.o
                0x0000000000048920                rpl_lite_driver
 *fill*         0x00000000000489c8       0x18 
 .data.rel.ro   0x00000000000489e0       0x20 build/cooja/obj/sicslowpan.o
                0x00000000000489e0                sicslowpan_driver

.dynamic        0x0000000000048a00      0x1c0
 *(.dynamic)
 .dynamic       0x0000000000048a00      0x1c0 /usr/lib/gcc/x86_64-linux-gnu/11/../../../x86_64-linux-gnu/crti.o
                0x0000000000048a00                _DYNAMIC

.got            0x0000000000048bc0      0x428
 *(.got)
 .got           0x0000000000048bc0      0x428 /usr/lib/gcc/x86_64-linux-gnu/11/../../../x86_64-linux-gnu/crti.o
 *(.igot)
                0x0000000000048fe8                . = DATA_SEGMENT_RELRO_END (., (SIZEOF (.got.plt) >= 0x18)?0x18:0x0)

.got.plt        0x0000000000049000      0xc70
 *(.got.plt)
 .got.plt       0x0000000000049000      0xc70 /usr/lib/gcc/x86_64-linux-gnu/11/../../../x86_64-linux-gnu/crti.o
                0x0000000000049000                _GLOBAL_OFFSET_TABLE_
 *(.igot.plt)

.data           0x0000000000049c80      0x948
 *(.data .data.* .gnu.linkonce.d.*)
 .data          0x0000000000049c80        0x0 /usr/lib/gcc/x86_64-linux-gnu/11/../../../x86_64-linux-gnu/crti.o
 .data          0x0000000000049c80        0x0 /usr/lib/gcc/x86_64-linux-gnu/11/crtbeginS.o
 .data.rel.local
                0x0000000000049c80        0x8 /usr/lib/gcc/x86_64-linux-gnu/11/crtbeginS.o
                0x0000000000049c80                __dso_handle
 .data          0x0000000000049c88        0x0 build/cooja/mtype484373353.o
 *fill*         0x0000000000049c88       0x18 
 .data.rel      0x0000000000049ca0       0xa0 build/cooja/mtype484373353.o
                0x0000000000049ca0                simInterfaces
                0x0000000000049d20                sensors
 .data          0x0000000000049d40        0x0 build/cooja/obj/aes-128.o
 .data          0x0000000000049d40        0x0 build/cooja/obj/anti-replay.o
 .data          0x0000000000049d40        0x0 build/cooja/obj/assert.o
 .data          0x0000000000049d40        0x0 build/cooja/obj/atomic.o
 .data          0x0000000000049d40        0x0 build/cooja/obj/autostart.o
 .data          0x0000000000049d40        0x0 build/cooja/obj/beep.o
 .data          0x0000000000049d40        0x0 build/cooja/obj/button-hal.o
 .data.rel.local
                0x0000000000049d40       0x20 build/cooja/obj/button-hal.o
                0x0000000000049d40                button_hal_process
 .data          0x0000000000049d60        0x1 build/cooja/obj/buttons.o
                0x0000000000049d60                simButtonIsActive
 *fill*         0x0000000000049d61       0x1f 
 .data.rel.local
                0x0000000000049d80       0xb0 build/cooja/obj/buttons.o
                0x0000000000049e20                button_hal_buttons
 .data          0x0000000000049e30        0x0 build/cooja/obj/ccm-star-packetbuf.o
 .data          0x0000000000049e30        0x0 build/cooja/obj/ccm-star.o
 .data          0x0000000000049e30        0x0 build/cooja/obj/cfs-cooja.o
 .data          0x0000000000049e30        0x0 build/cooja/obj/circular-list.o
 .data          0x0000000000049e30        0x0 build/cooja/obj/clock.o
 .data          0x0000000000049e30        0x0 build/cooja/obj/compower.o
 .data          0x0000000000049e30        0x0 build/cooja/obj/contiki-main.o
 .data          0x0000000000049e30        0x0 build/cooja/obj/cooja-log.o
 .data          0x0000000000049e30       0x20 build/cooja/obj/cooja-radio.o
                0x0000000000049e30                simRadioHWOn
                0x0000000000049e34                simSignalStrength
                0x0000000000049e38                simLastSignalStrength
                0x0000000000049e3c                simPower
                0x0000000000049e40                simRadioChannel
                0x0000000000049e44                simLQI
                0x0000000000049e48                simLastLQI
 *fill*         0x0000000000049e50       0x10 
 .data.rel.local
                0x0000000000049e60       0x20 build/cooja/obj/cooja-radio.o
                0x0000000000049e60                cooja_radio_process
 .data          0x0000000000049e80        0x0 build/cooja/obj/cooja_mt.o
 .data          0x0000000000049e80        0x0 build/cooja/obj/cooja_mtarch.o
 .data          0x0000000000049e80        0x0 build/cooja/obj/crc16.o
 .data          0x0000000000049e80        0x0 build/cooja/obj/csma-output.o
 .data.rel.local
                0x0000000000049e80       0x60 build/cooja/obj/csma-output.o
 .data          0x0000000000049ee0        0x0 build/cooja/obj/csma-security.o
 .data          0x0000000000049ee0        0x0 build/cooja/obj/csma.o
 .data          0x0000000000049ee0        0x0 build/cooja/obj/ctimer.o
 .data.rel.local
                0x0000000000049ee0       0x40 build/cooja/obj/ctimer.o
                0x0000000000049f00                ctimer_process