
Merging program properties


As-needed library included to satisfy reference by file (symbol)

libc.so.6                     build/cooja/obj/coap.o (strchr@@GLIBC_2.2.5)

Allocating common symbols
Common symbol       size              file

simButtonIsDown     0x1               build/cooja/obj/buttons.o
simOutDataBuffer    0x7d              build/cooja/obj/cooja-radio.o
uip_ds6_prefix_list
                    0x60              build/cooja/obj/uip-ds6.o
compower_idle_activity
                    0x10              build/cooja/obj/compower.o
linkaddr_node_addr  0x8               build/cooja/obj/linkaddr.o
simSerialReceivingFlag
                    0x1               build/cooja/obj/rs232.o
simEEPROMData       0x400             build/cooja/obj/eeprom.o
periodic_timer      0x40              build/cooja/obj/link-stats.o
simLoggedLength     0x4               build/cooja/obj/cooja-log.o
simSerialReceivingLength
                    0x4               build/cooja/obj/rs232.o
simEtimerPending    0x4               build/cooja/obj/simEnvChange.o
uip_slen            0x2               build/cooja/obj/uip6.o
uip_ds6_timer_periodic
                    0x20              build/cooja/obj/uip-ds6.o
simVibChanged       0x1               build/cooja/obj/vib-sensor.o
simRtimerPending    0x4               build/cooja/obj/rtimer-arch.o
simIP               0x10              build/cooja/obj/ip.o
button_hal_periodic_event
                    0x1               build/cooja/obj/button-hal.o
uip_ds6_netif_addr_list_offset
                    0x1               build/cooja/obj/uip-ds6.o
uip_lladdr          0x8               build/cooja/obj/uip6.o
button_hal_press_event
                    0x1               build/cooja/obj/button-hal.o
simProcessRunValue  0x4               build/cooja/obj/simEnvChange.o
simIPChanged        0x1               build/cooja/obj/ip.o
serial_line_event_message
                    0x1               build/cooja/obj/serial-line.o
uip_appdata         0x8               build/cooja/obj/uip6.o
referenceVar        0x8               build/cooja/mtype984947637.o
simCurrentTime      0x8               build/cooja/obj/clock.o
simVibIsActive      0x1               build/cooja/obj/vib-sensor.o
uip_ds6_if          0x138             build/cooja/obj/uip-ds6.o
uip_flags           0x1               build/cooja/obj/uip6.o
uip_ds6_timer_ra    0x10              build/cooja/obj/uip-ds6.o
simSerialReceivingData
                    0x800             build/cooja/obj/rs232.o
simLoggedFlag       0x1               build/cooja/obj/cooja-log.o
packetbuf_attrs     0x1a              build/cooja/obj/packetbuf.o
uip_ds6_addr_size   0x1               build/cooja/obj/uip-ds6.o
uip_aligned_buf     0xf0              build/cooja/obj/uip6.o
simRtimerCurrentTicks
                    0x8               build/cooja/obj/rtimer-arch.o
simRandomSeed       0x4               build/cooja/obj/moteid.o
rpl_multicast_addr  0x10              build/cooja/obj/rpl.o
simLoggedData       0x2000            build/cooja/obj/cooja-log.o
simEtimerNextExpirationTime
                    0x8               build/cooja/obj/simEnvChange.o
uip_len             0x2               build/cooja/obj/uip6.o
simButtonChanged    0x1               build/cooja/obj/buttons.o
simRtimerNextExpirationTime
                    0x8               build/cooja/obj/rtimer-arch.o
simPirIsActive      0x1               build/cooja/obj/pir-sensor.o
simInDataBuffer     0x7d              build/cooja/obj/cooja-radio.o
simPirChanged       0x1               build/cooja/obj/pir-sensor.o
simBeeped           0x1               build/cooja/obj/beep.o
tcpip_event         0x1               build/cooja/obj/tcpip.o
uip_sappdata        0x8               build/cooja/obj/uip6.o
sensors_event       0x1               build/cooja/obj/sensors.o
uip_udp_conns       0x140             build/cooja/obj/uip6.o
button_hal_release_event
                    0x1               build/cooja/obj/button-hal.o
packetbuf_addrs     0x10              build/cooja/obj/packetbuf.o
uip_udp_conn        0x8               build/cooja/obj/uip6.o
simMoteIDChanged    0x1               build/cooja/obj/moteid.o
sensors_flags       0x4               build/cooja/mtype984947637.o
curr_instance       0x260             build/cooja/obj/rpl-dag.o
simMoteID           0x4               build/cooja/obj/moteid.o
uip_conn            0x8               build/cooja/obj/uip6.o

Discarded input sections

 .note.GNU-stack
                0x0000000000000000        0x0 /usr/lib/gcc/x86_64-linux-gnu/11/../../../x86_64-linux-gnu/crti.o
 .note.GNU-stack
                0x0000000000000000        0x0 /usr/lib/gcc/x86_64-linux-gnu/11/crtbeginS.o
 .note.gnu.property
                0x0000000000000000       0x20 /usr/lib/gcc/x86_64-linux-gnu/11/crtbeginS.o
 .note.GNU-stack
                0x0000000000000000        0x0 build/cooja/mtype984947637.o
 .note.gnu.property
                0x0000000000000000       0x20 build/cooja/mtype984947637.o
 .note.GNU-stack
[...]
Memory Configuration

Name             Origin             Length             Attributes
*default*        0x0000000000000000 0xffffffffffffffff

Linker script and memory map

LOAD /usr/lib/gcc/x86_64-linux-gnu/11/../../../x86_64-linux-gnu/crti.o
LOAD /usr/lib/gcc/x86_64-linux-gnu/11/crtbeginS.o
LOAD build/cooja/mtype984947637.o
LOAD build/cooja/obj/aes-128.o
LOAD build/cooja/obj/anti-replay.o
LOAD build/cooja/obj/assert.o
LOAD build/cooja/obj/atomic.o
LOAD build/cooja/obj/autostart.o
LOAD build/cooja/obj/beep.o
LOAD build/cooja/obj/button-hal.o
LOAD build/cooja/obj/buttons.o
LOAD build/cooja/obj/ccm-star-packetbuf.o
LOAD build/cooja/obj/ccm-star.o
LOAD build/cooja/obj/cfs-cooja.o
LOAD build/cooja/obj/circular-list.o
LOAD build/cooja/obj/clock.o
LOAD build/cooja/obj/coap-block1.o
LOAD build/cooja/obj/coap-blocking-api.o
LOAD build/cooja/obj/coap-callback-api.o
LOAD build/cooja/obj/coap-engine.o
LOAD build/cooja/obj/coap-keystore-simple.o
LOAD build/cooja/obj/coap-log.o
LOAD build/cooja/obj/coap-observe-client.o
LOAD build/cooja/obj/coap-observe.o
LOAD build/cooja/obj/coap-res-well-known-core.o
LOAD build/cooja/obj/coap-separate.o
LOAD build/cooja/obj/coap-timer-default.o
LOAD build/cooja/obj/coap-timer.o
LOAD build/cooja/obj/coap-transactions.o
LOAD build/cooja/obj/coap-uip.o
LOAD build/cooja/obj/coap.o
LOAD build/cooja/obj/coap_node.o
LOAD build/cooja/obj/compower.o
LOAD build/cooja/obj/contiki-main.o
LOAD build/cooja/obj/cooja-log.o
LOAD build/cooja/obj/cooja-radio.o
LOAD build/cooja/obj/cooja_mt.o
LOAD build/cooja/obj/cooja_mtarch.o
LOAD build/cooja/obj/crc16.o
LOAD build/cooja/obj/csma-output.o
LOAD build/cooja/obj/csma-security.o
LOAD build/cooja/obj/csma.o
LOAD build/cooja/obj/ctimer.o
LOAD build/cooja/obj/dbl-circ-list.o
LOAD build/cooja/obj/dbl-list.o
LOAD build/cooja/obj/eeprom.o
LOAD build/cooja/obj/energest.o
LOAD build/cooja/obj/etimer.o
LOAD build/cooja/obj/frame802154.o
LOAD build/cooja/obj/frame802154e-ie.o
LOAD build/cooja/obj/framer-802154.o
LOAD build/cooja/obj/gpio-hal-arch.o
LOAD build/cooja/obj/gpio-hal.o
LOAD build/cooja/obj/heapmem.o
LOAD build/cooja/obj/hexconv.o
LOAD build/cooja/obj/ifft.o
LOAD build/cooja/obj/int-master.o
LOAD build/cooja/obj/ip.o
LOAD build/cooja/obj/ip64-addr.o
LOAD build/cooja/obj/leds-arch.o
LOAD build/cooja/obj/leds.o
LOAD build/cooja/obj/link-stats.o
LOAD build/cooja/obj/linkaddr.o
LOAD build/cooja/obj/list.o
LOAD build/cooja/obj/log.o
LOAD build/cooja/obj/mac-sequence.o
LOAD build/cooja/obj/mac.o
LOAD build/cooja/obj/memb.o
LOAD build/cooja/obj/moteid.o
LOAD build/cooja/obj/mutex.o
LOAD build/cooja/obj/nbr-table.o
LOAD build/cooja/obj/net-debug.o
LOAD build/cooja/obj/netstack.o
LOAD build/cooja/obj/node-id.o
LOAD build/cooja/obj/nullframer.o
LOAD build/cooja/obj/nullradio.o
LOAD build/cooja/obj/packetbuf.o
LOAD build/cooja/obj/pir-sensor.o
LOAD build/cooja/obj/printf.o
LOAD build/cooja/obj/process.o
LOAD build/cooja/obj/psock.o
LOAD build/cooja/obj/putchar.o
LOAD build/cooja/obj/puts.o
LOAD build/cooja/obj/queuebuf.o
LOAD build/cooja/obj/random.o
LOAD build/cooja/obj/res_air_conditioner.o
LOAD build/cooja/obj/res_leds.o
LOAD build/cooja/obj/res_temperature.o
LOAD build/cooja/obj/ringbuf.o
LOAD build/cooja/obj/ringbufindex.o
LOAD build/cooja/obj/rpl-dag-root.o
LOAD build/cooja/obj/rpl-dag.o
LOAD build/cooja/obj/rpl-ext-header.o
LOAD build/cooja/obj/rpl-icmp6.o
LOAD build/cooja/obj/rpl-mrhof.o
LOAD build/cooja/obj/rpl-nbr-policy.o
LOAD build/cooja/obj/rpl-neighbor.o
LOAD build/cooja/obj/rpl-of0.o
LOAD build/cooja/obj/rpl-timers.o
LOAD build/cooja/obj/rpl.o
LOAD build/cooja/obj/rs232.o
LOAD build/cooja/obj/rtimer-arch.o
LOAD build/cooja/obj/rtimer.o
LOAD build/cooja/obj/sensors.o
LOAD build/cooja/obj/serial-line.o
LOAD build/cooja/obj/sicslowpan.o
LOAD build/cooja/obj/simEnvChange.o
LOAD build/cooja/obj/simple-udp.o
LOAD build/cooja/obj/slip-arch.o
LOAD build/cooja/obj/slip.o
LOAD build/cooja/obj/snprintf.o
LOAD build/cooja/obj/sprintf.o
LOAD build/cooja/obj/stimer.o
LOAD build/cooja/obj/strformat.o
LOAD build/cooja/obj/tcp-socket.o
LOAD build/cooja/obj/tcpip.o
LOAD build/cooja/obj/timer.o
LOAD build/cooja/obj/trickle-timer.o
LOAD build/cooja/obj/udp-socket.o
LOAD build/cooja/obj/uip-ds6-nbr.o
LOAD build/cooja/obj/uip-ds6-route.o
LOAD build/cooja/obj/uip-ds6.o
LOAD build/cooja/obj/uip-icmp6.o
LOAD build/cooja/obj/uip-nameserver.o
LOAD build/cooja/obj/uip-nd6.o
LOAD build/cooja/obj/uip-packetqueue.o
LOAD build/cooja/obj/uip-sr.o
LOAD build/cooja/obj/uip-udp-packet.o
LOAD build/cooja/obj/uip6.o
LOAD build/cooja/obj/uipbuf.o
LOAD build/cooja/obj/uiplib.o
LOAD build/cooja/obj/vib-sensor.o
LOAD build/cooja/obj/watchdog.o
LOAD /usr/lib/gcc/x86_64-linux-gnu/11/libgcc.a
LOAD /usr/lib/gcc/x86_64-linux-gnu/11/libgcc_s.so
START GROUP
LOAD /usr/lib/gcc/x86_64-linux-gnu/11/../../../x86_64-linux-gnu/libgcc_s.so.1
LOAD /usr/lib/gcc/x86_64-linux-gnu/11/libgcc.a
END GROUP
LOAD /usr/lib/gcc/x86_64-linux-gnu/11/../../../x86_64-linux-gnu/libc.so
START GROUP
LOAD /lib/x86_64-linux-gnu/libc.so.6
LOAD /usr/lib/x86_64-linux-gnu/libc_nonshared.a
LOAD /lib64/ld-linux-x86-64.so.2
END GROUP
LOAD /usr/lib/gcc/x86_64-linux-gnu/11/libgcc.a
LOAD /usr/lib/gcc/x86_64-linux-gnu/11/libgcc_s.so
START GROUP
LOAD /usr/lib/gcc/x86_64-linux-gnu/11/../../../x86_64-linux-gnu/libgcc_s.so.1
LOAD /usr/lib/gcc/x86_64-linux-gnu/11/libgcc.a
END GROUP
LOAD /usr/lib/gcc/x86_64-linux-gnu/11/crtendS.o
LOAD /usr/lib/gcc/x86_64-linux-gnu/11/../../../x86_64-linux-gnu/crtn.o
                0x00000000000002a8                . = (SEGMENT_START ("text-segment", 0x0) + SIZEOF_HEADERS)

.note.gnu.property
                0x00000000000002a8       0x20
 .note.gnu.property
                0x00000000000002a8       0x20 /usr/lib/gcc/x86_64-linux-gnu/11/../../../x86_64-linux-gnu/crti.o

.note.gnu.build-id
                0x00000000000002c8       0x24
 *(.note.gnu.build-id)
 .note.gnu.build-id
                0x00000000000002c8       0x24 /usr/lib/gcc/x86_64-linux-gnu/11/../../../x86_64-linux-gnu/crti.o

.hash
 *(.hash)

.gnu.hash       0x00000000000002f0     0x19c4
 *(.gnu.hash)
 .gnu.hash      0x00000000000002f0     0x19c4 /usr/lib/gcc/x86_64-linux-gnu/11/../../../x86_64-linux-gnu/crti.o

.dynsym         0x0000000000001cb8     0x5328
 *(.dynsym)
 .dynsym        0x0000000000001cb8     0x5328 /usr/lib/gcc/x86_64-linux-gnu/11/../../../x86_64-linux-gnu/crti.o

.dynstr         0x0000000000006fe0     0x40b8
 *(.dynstr)
 .dynstr        0x0000000000006fe0     0x40b8 /usr/lib/gcc/x86_64-linux-gnu/11/../../../x86_64-linux-gnu/crti.o

.gnu.version    0x000000000000b098      0x6ee
 *(.gnu.version)
 .gnu.version   0x000000000000b098      0x6ee /usr/lib/gcc/x86_64-linux-gnu/11/../../../x86_64-linux-gnu/crti.o

.gnu.version_d  0x000000000000b788        0x0
 *(.gnu.version_d)
 .gnu.version_d
                0x000000000000b788        0x0 /usr/lib/gcc/x86_64-linux-gnu/11/../../../x86_64-linux-gnu/crti.o

.gnu.version_r  0x000000000000b788       0x40
 *(.gnu.version_r)
 .gnu.version_r
                0x000000000000b788       0x40 /usr/lib/gcc/x86_64-linux-gnu/11/../../../x86_64-linux-gnu/crti.o

.rela.dyn       0x000000000000b7c8     0x26d0
 *(.rela.init)
 *(.rela.text .rela.text.* .rela.gnu.linkonce.t.*)
 .rela.text     0x000000000000b7c8        0x0 /usr/lib/gcc/x86_64-linux-gnu/11/../../../x86_64-linux-gnu/crti.o
 *(.rela.fini)
 *(.rela.rodata .rela.rodata.* .rela.gnu.linkonce.r.*)
 *(.rela.data .rela.data.* .rela.gnu.linkonce.d.*)
 .rela.data.rel.local
                0x000000000000b7c8      0xb28 /usr/lib/gcc/x86_64-linux-gnu/11/../../../x86_64-linux-gnu/crti.o
 .rela.data.rel
                0x000000000000c2f0      0x3a8 /usr/lib/gcc/x86_64-linux-gnu/11/../../../x86_64-linux-gnu/crti.o
 .rela.data.rel.ro.local
                0x000000000000c698      0x810 /usr/lib/gcc/x86_64-linux-gnu/11/../../../x86_64-linux-gnu/crti.o
 .rela.data.rel.ro
                0x000000000000cea8      0x288 /usr/lib/gcc/x86_64-linux-gnu/11/../../../x86_64-linux-gnu/crti.o
 *(.rela.tdata .rela.tdata.* .rela.gnu.linkonce.td.*)
 *(.rela.tbss .rela.tbss.* .rela.gnu.linkonce.tb.*)
 *(.rela.ctors)
 *(.rela.dtors)
 *(.rela.got)
 .rela.got      0x000000000000d130      0xd38 /usr/lib/gcc/x86_64-linux-gnu/11/../../../x86_64-linux-gnu/crti.o
 *(.rela.bss .rela.bss.* .rela.gnu.linkonce.b.*)
 *(.rela.ldata .rela.ldata.* .rela.gnu.linkonce.l.*)
 *(.rela.lbss .rela.lbss.* .rela.gnu.linkonce.lb.*)
 *(.rela.lrodata .rela.lrodata.* .rela.gnu.linkonce.lr.*)
 *(.rela.ifunc)
 .rela.ifunc    0x000000000000de68        0x0 /usr/lib/gcc/x86_64-linux-gnu/11/../../../x86_64-linux-gnu/crti.o
 .rela.fini_array
                0x000000000000de68       0x18 /usr/lib/gcc/x86_64-linux-gnu/11/../../../x86_64-linux-gnu/crti.o
 .rela.init_array
                0x000000000000de80       0x18 /usr/lib/gcc/x86_64-linux-gnu/11/../../../x86_64-linux-gnu/crti.o

.rela.plt       0x000000000000de98     0x2808
 *(.rela.plt)
 .rela.plt      0x000000000000de98     0x2808 /usr/lib/gcc/x86_64-linux-gnu/11/../../../x86_64-linux-gnu/crti.o
 *(.rela.iplt)

.relr.dyn
 *(.relr.dyn)
                0x0000000000011000                . = ALIGN (CONSTANT (MAXPAGESIZE))

.init           0x0000000000011000       0x1b
 *(SORT_NONE(.init))
 .init          0x0000000000011000       0x16 /usr/lib/gcc/x86_64-linux-gnu/11/../../../x86_64-linux-gnu/crti.o
                0x0000000000011000                _init
 .init          0x0000000000011016        0x5 /usr/lib/gcc/x86_64-linux-gnu/11/../../../x86_64-linux-gnu/crtn.o

.plt            0x0000000000011020     0x1ac0
 *(.plt)
 .plt           0x0000000000011020     0x1ac0 /usr/lib/gcc/x86_64-linux-gnu/11/../../../x86_64-linux-gnu/crti.o
 *(.iplt)

.plt.got        0x0000000000012ae0       0x30
 *(.plt.got)
 .plt.got       0x0000000000012ae0       0x30 /usr/lib/gcc/x86_64-linux-gnu/11/../../../x86_64-linux-gnu/crti.o

.plt.sec        0x0000000000012b10     0x1ab0
 *(.plt.sec)
 .plt.sec       0x0000000000012b10     0x1ab0 /usr/lib/gcc/x86_64-linux-gnu/11/../../../x86_64-linux-gnu/crti.o

.text           0x00000000000145c0    0x274f2
 *(.text.unlikely .text.*_unlikely .text.unlikely.*)
 *(.text.exit .text.exit.*)
 *(.text.startup .text.startup.*)
 *(.text.hot .text.hot.*)
 *(SORT_BY_NAME(.text.sorted.*))
 *(.text .stub .text.* .gnu.linkonce.t.*)
 .text          0x00000000000145c0        0x0 /usr/lib/gcc/x86_64-linux-gnu/11/../../../x86_64-linux-gnu/crti.o
 .text          0x00000000000145c0       0xb9 /usr/lib/gcc/x86_64-linux-gnu/11/crtbeginS.o
 .text          0x0000000000014679      0x374 build/cooja/mtype984947637.o
                0x000000000001472f                platform_init_stage_one
                0x0000000000014744                platform_init_stage_two
                0x0000000000014759                platform_init_stage_three
                0x000000000001476e                platform_main_loop
                0x0000000000014808                JNI_OnLoad
                0x000000000001481f                Java_org_contikios_cooja_corecomm_Lib36_init
                0x0000000000014872                Java_org_contikios_cooja_corecomm_Lib36_getMemory
                0x00000000000148d1                Java_org_contikios_cooja_corecomm_Lib36_setMemory
                0x0000000000014930                Java_org_contikios_cooja_corecomm_Lib36_tick
                0x00000000000149be                Java_org_contikios_cooja_corecomm_Lib36_setReferenceAddress
 .text          0x00000000000149ed      0x686 build/cooja/obj/aes-128.o
 .text          0x0000000000015073        0x0 build/cooja/obj/anti-replay.o
 .text          0x0000000000015073       0x34 build/cooja/obj/assert.o
                0x0000000000015073                _xassert
 .text          0x00000000000150a7       0x84 build/cooja/obj/atomic.o
                0x00000000000150d4                atomic_generic_cas_uint8
 .text          0x000000000001512b       0xbd build/cooja/obj/autostart.o
                0x000000000001512b                autostart_start
                0x000000000001518c                autostart_exit
 .text          0x00000000000151e8       0xe6 build/cooja/obj/beep.o
                0x00000000000151e8                beep_alarm
                0x0000000000015203                beep_beep
                0x000000000001521b                beep
                0x0000000000015230                beep_down
                0x0000000000015248                beep_on
                0x000000000001525d                beep_off
                0x0000000000015272                beep_spinup
                0x0000000000015287                beep_quick
                0x000000000001529f                beep_long
 .text          0x00000000000152ce      0x574 build/cooja/obj/button-hal.o
                0x0000000000015499                button_hal_get_by_id
                0x00000000000154e7                button_hal_get_by_index
                0x000000000001551e                button_hal_get_state
                0x0000000000015581                button_hal_init
 .text          0x0000000000015842       0xa8 build/cooja/obj/buttons.o
 .text          0x00000000000158ea        0x0 build/cooja/obj/ccm-star-packetbuf.o
 .text          0x00000000000158ea      0x501 build/cooja/obj/ccm-star.o
 .text          0x0000000000015deb      0x39b build/cooja/obj/cfs-cooja.o
                0x0000000000015deb                cfs_open
                0x0000000000015e68                cfs_close
                0x0000000000015e7d                cfs_read
                0x0000000000015f44                cfs_write
                0x0000000000016054                cfs_seek
                0x0000000000016103                cfs_remove
                0x0000000000016133                cfs_opendir
                0x000000000001614a                cfs_readdir
                0x0000000000016161                cfs_closedir
 .text          0x0000000000016186      0x208 build/cooja/obj/circular-list.o
                0x0000000000016186                circular_list_init
                0x00000000000161a0                circular_list_head
                0x00000000000161b5                circular_list_tail
                0x0000000000016205                circular_list_remove
                0x0000000000016298                circular_list_add
                0x000000000001630e                circular_list_length
                0x0000000000016373                circular_list_is_empty
 .text          0x000000000001638e       0x6f build/cooja/obj/clock.o
                0x000000000001638e                clock_init
                0x0000000000016399                clock_time
                0x00000000000163ad                clock_seconds
                0x00000000000163d9                clock_delay
 .text          0x00000000000163fd      0x1e0 build/cooja/obj/coap-block1.o
                0x0000000000016443                coap_block1_handler
 .text          0x00000000000165dd      0x2e0 build/cooja/obj/coap-blocking-api.o
                0x00000000000165dd                coap_blocking_request_callback
                0x0000000000016618                coap_blocking_request
 .text          0x00000000000168bd      0x325 build/cooja/obj/coap-callback-api.o
                0x0000000000016b5a                coap_send_request
 .text          0x0000000000016be2      0xdaa build/cooja/obj/coap-engine.o
                0x0000000000016cb1                coap_add_handler
                0x0000000000016cda                coap_remove_handler
                0x0000000000016d03                coap_call_handlers
                0x0000000000016e44                coap_receive
                0x00000000000174fa                coap_engine_init
                0x000000000001755a                coap_activate_resource
                0x000000000001762b                coap_get_first_resource
                0x0000000000017644                coap_get_next_resource
 .text          0x000000000001798c        0xb build/cooja/obj/coap-keystore-simple.o
                0x000000000001798c                coap_keystore_simple_init
 .text          0x0000000000017997       0x6c build/cooja/obj/coap-log.o
                0x0000000000017997                coap_log_string
 .text          0x0000000000017a03        0x0 build/cooja/obj/coap-observe-client.o
 .text          0x0000000000017a03      0xa9c build/cooja/obj/coap-observe.o
                0x0000000000017b54                coap_remove_observer
                0x0000000000017b93                coap_remove_observer_by_client
                0x0000000000017c09                coap_remove_observer_by_token
                0x0000000000017cb7                coap_remove_observer_by_uri
                0x0000000000017d74                coap_remove_observer_by_mid
                0x0000000000017dfe                coap_notify_observers
                0x0000000000017e22                coap_notify_observers_sub
                0x00000000000182d4                coap_observe_handler
                0x0000000000018428                coap_has_observers
 .text          0x000000000001849f      0x37c build/cooja/obj/coap-res-well-known-core.o
 .text          0x000000000001881b      0x310 build/cooja/obj/coap-separate.o
                0x0000000000018830                coap_separate_reject
                0x0000000000018859                coap_separate_accept
                0x0000000000018a8d                coap_separate_resume
 .text          0x0000000000018b2b      0x1e5 build/cooja/obj/coap-timer-default.o
 .text          0x0000000000018d10      0x322 build/cooja/obj/coap-timer.o
                0x0000000000018e22                coap_timer_stop
                0x0000000000018e58                coap_timer_set
                0x0000000000018e8f                coap_timer_reset
                0x0000000000018ec9                coap_timer_time_to_next_expiration
                0x0000000000018f22                coap_timer_run
                0x0000000000018fe9                coap_timer_init
 .text          0x0000000000019032      0x33a build/cooja/obj/coap-transactions.o
                0x00000000000190c4                coap_new_transaction
                0x000000000001913b                coap_send_transaction
                0x00000000000192ba                coap_clear_transaction
                0x0000000000019310                coap_get_transaction_by_mid
 .text          0x000000000001936c      0x8b4 build/cooja/obj/coap-uip.o
                0x000000000001936c                coap_endpoint_log
                0x0000000000019408                coap_endpoint_print
                0x00000000000194a4                coap_endpoint_snprint
                0x000000000001962a                coap_endpoint_copy
                0x0000000000019672                coap_endpoint_cmp
                0x00000000000197c7                coap_endpoint_parse
                0x00000000000199f6                coap_endpoint_is_secure
                0x0000000000019a0f                coap_endpoint_is_connected
                0x0000000000019a55                coap_endpoint_connect
                0x0000000000019a7b                coap_endpoint_disconnect
                0x0000000000019a8a                coap_databuf
                0x0000000000019a9e                coap_transport_init
                0x0000000000019afe                coap_sendto
 .text          0x0000000000019c20     0x24a7 build/cooja/obj/coap.o
                0x000000000001a2f8                coap_init_connection
                0x000000000001a30f                coap_get_mid
                0x000000000001a331                coap_init_message
                0x000000000001a387                coap_serialize_message
                0x000000000001ab10                coap_parse_message
                0x000000000001b344                coap_get_query_variable
                0x000000000001b3a0                coap_get_post_variable
                0x000000000001b3fa                coap_set_status_code
                0x000000000001b42c                coap_set_token
                0x000000000001b48c                coap_get_header_content_format
                0x000000000001b4d4                coap_set_header_content_format
                0x000000000001b50c                coap_get_header_accept
                0x000000000001b557                coap_set_header_accept
                0x000000000001b592                coap_get_header_max_age
                0x000000000001b5db                coap_set_header_max_age
                0x000000000001b610                coap_get_header_etag
                0x000000000001b65c                coap_set_header_etag
                0x000000000001b6cd                coap_get_header_if_match
                0x000000000001b71f                coap_set_header_if_match
                0x000000000001b79c                coap_get_header_if_none_match
                0x000000000001b7c7                coap_set_header_if_none_match
                0x000000000001b7ef                coap_get_header_proxy_uri
                0x000000000001b838                coap_set_header_proxy_uri
                0x000000000001b887                coap_get_header_uri_host
                0x000000000001b8d0                coap_set_header_uri_host
                0x000000000001b91f                coap_get_header_uri_path
                0x000000000001b96e                coap_set_header_uri_path
                0x000000000001b9d8                coap_get_header_uri_query
                0x000000000001ba27                coap_set_header_uri_query
                0x000000000001ba91                coap_get_header_location_path
                0x000000000001bada                coap_set_header_location_path
                0x000000000001bb90                coap_get_header_location_query
                0x000000000001bbdf                coap_set_header_location_query
                0x000000000001bc49                coap_get_header_observe
                0x000000000001bc92                coap_set_header_observe
                0x000000000001bcca                coap_get_header_block2
                0x000000000001bd6c                coap_set_header_block2
                0x000000000001bdfc                coap_get_header_block1
                0x000000000001be9e                coap_set_header_block1
                0x000000000001bf29                coap_get_header_size2
                0x000000000001bf70                coap_set_header_size2
                0x000000000001bfa8                coap_get_header_size1
                0x000000000001bfef                coap_set_header_size1
                0x000000000001c027                coap_get_payload
                0x000000000001c077                coap_set_payload
 .text          0x000000000001c0c7      0x4c2 build/cooja/obj/coap_node.o
                0x000000000001c15c                client_chunk_handler
 .text          0x000000000001c589       0xdc build/cooja/obj/compower.o
                0x000000000001c597                compower_init
                0x000000000001c5b1                compower_accumulate
                0x000000000001c63b                compower_clear
 .text          0x000000000001c665      0x405 build/cooja/obj/contiki-main.o
                0x000000000001c665                main
 .text          0x000000000001ca6a      0x214 build/cooja/obj/cooja-log.o
                0x000000000001ca6a                simlog_char
                0x000000000001cac4                simlog
                0x000000000001cb49                log_message
                0x000000000001cb8e                log_set_putchar_with_slip
                0x000000000001cba5                dbg_putchar
                0x000000000001cc26                dbg_send_bytes
 .text          0x000000000001cc7e      0x79f build/cooja/obj/cooja-radio.o
                0x000000000001ccdd                radio_set_channel
                0x000000000001ccf7                radio_set_txpower
                0x000000000001cd14                radio_signal_strength_last
                0x000000000001cd27                radio_signal_strength_current
                0x000000000001cd3a                radio_LQI
 .text          0x000000000001d41d       0xab build/cooja/obj/cooja_mt.o
                0x000000000001d41d                cooja_mt_start
                0x000000000001d45d                cooja_mt_exec
                0x000000000001d4a0                cooja_mt_yield
 .text          0x000000000001d4c8      0x10e build/cooja/obj/cooja_mtarch.o
                0x000000000001d4c8                cooja_mtarch_start
                0x000000000001d56b                cooja_sw
                0x000000000001d598                cooja_mtarch_exec
                0x000000000001d5c6                cooja_mtarch_yield
 .text          0x000000000001d5d6       0xc6 build/cooja/obj/crc16.o
                0x000000000001d5d6                crc16_add
                0x000000000001d648                crc16_data
 .text          0x000000000001d69c      0xae3 build/cooja/obj/csma-output.o
                0x000000000001de7e                csma_output_packet
                0x000000000001e147                csma_output_init
 .text          0x000000000001e17f       0x3d build/cooja/obj/csma-security.o
                0x000000000001e17f                csma_security_create_frame
                0x000000000001e1a5                csma_security_parse_frame
 .text          0x000000000001e1bc      0x292 build/cooja/obj/csma.o
 .text          0x000000000001e44e      0x441 build/cooja/obj/ctimer.o
                0x000000000001e5b0                ctimer_init
                0x000000000001e5e5                ctimer_set
                0x000000000001e629                ctimer_set_with_process
                0x000000000001e6e3                ctimer_reset
                0x000000000001e754                ctimer_restart
                0x000000000001e7c5                ctimer_stop
                0x000000000001e823                ctimer_expired
 .text          0x000000000001e88f      0x411 build/cooja/obj/dbl-circ-list.o
                0x000000000001e88f                dbl_circ_list_init
                0x000000000001e8a9                dbl_circ_list_head
                0x000000000001e8be                dbl_circ_list_tail
                0x000000000001e90e                dbl_circ_list_remove
                0x000000000001e9dc                dbl_circ_list_add_head
                0x000000000001ea84                dbl_circ_list_add_tail
                0x000000000001eb2a                dbl_circ_list_add_after
                0x000000000001eb9c                dbl_circ_list_add_before
                0x000000000001ec28                dbl_circ_list_length
                0x000000000001ec85                dbl_circ_list_is_empty
 .text          0x000000000001eca0      0x3a5 build/cooja/obj/dbl-list.o
                0x000000000001eca0                dbl_list_init
                0x000000000001ecba                dbl_list_head
                0x000000000001eccf                dbl_list_tail
                0x000000000001ed18                dbl_list_remove
                0x000000000001edd1                dbl_list_add_head
                0x000000000001ee49                dbl_list_add_tail
                0x000000000001eec2                dbl_list_add_after
                0x000000000001ef40                dbl_list_add_before
                0x000000000001efd9                dbl_list_length
                0x000000000001f02a                dbl_list_is_empty
 .text          0x000000000001f045      0x163 build/cooja/obj/eeprom.o
                0x000000000001f045                eeprom_init
                0x000000000001f054                eeprom_read
                0x000000000001f0f3                eeprom_write
 .text          0x000000000001f1a8       0x25 build/cooja/obj/energest.o
                0x000000000001f1a8                energest_init
                0x000000000001f1b3                energest_flush
                0x000000000001f1be                energest_get_total_time
 .text          0x000000000001f1cd      0x57c build/cooja/obj/etimer.o
                0x000000000001f475                etimer_request_poll
                0x000000000001f527                etimer_set
                0x000000000001f55d                etimer_reset_with_new_interval
                0x000000000001f598                etimer_reset
                0x000000000001f5c3                etimer_restart
                0x000000000001f5ee                etimer_adjust
                0x000000000001f61f                etimer_expired
                0x000000000001f63e                etimer_expiration_time
                0x000000000001f65e                etimer_start_time
                0x000000000001f673                etimer_pending
                0x000000000001f68d                etimer_next_expiration_time
                0x000000000001f6ae                etimer_stop
 .text          0x000000000001f749      0xca9 build/cooja/obj/frame802154.o
                0x000000000001f777                frame802154_get_pan_id
                0x000000000001f788                frame802154_set_pan_id
                0x000000000001f7a4                frame802154_has_panid
                0x000000000001f983                frame802154_check_dest_panid
                0x000000000001fa21                frame802154_is_broadcast_addr
                0x000000000001fa78                frame802154_extract_linkaddr
                0x000000000001fd12                frame802154_hdrlen
                0x000000000001fd91                frame802154_create_fcf
                0x000000000001fe63                frame802154_create
                0x000000000002000d                frame802154_parse_fcf
                0x0000000000020104                frame802154_parse
 .text          0x00000000000203f2     0x10d6 build/cooja/obj/frame802154e-ie.o
                0x0000000000020536                frame80215e_create_ie_header_ack_nack_time_correction
                0x00000000000205d4                frame80215e_create_ie_header_list_termination_1
                0x0000000000020629                frame80215e_create_ie_header_list_termination_2
                0x000000000002067e                frame80215e_create_ie_payload_list_termination
                0x00000000000206d3                frame80215e_create_ie_mlme
                0x000000000002072e                frame80215e_create_ie_tsch_synchronization
                0x0000000000020800                frame80215e_create_ie_tsch_slotframe_and_link
                0x0000000000020a4a                frame80215e_create_ie_tsch_timeslot
                0x0000000000020b44                frame80215e_create_ie_tsch_channel_hopping_sequence
                0x00000000000211c0                frame802154e_parse_information_elements
 .text          0x00000000000214c8      0x451 build/cooja/obj/framer-802154.o
                0x0000000000021663                framer_802154_setup_params
 .text          0x0000000000021919      0x41b build/cooja/obj/gpio-hal-arch.o
                0x0000000000021919                gpio_hal_arch_register_pin_callback
                0x00000000000219c0                gpio_hal_arch_init
                0x0000000000021a16                gpio_hal_arch_no_port_interrupt_enable
                0x0000000000021a63                gpio_hal_arch_no_port_interrupt_disable
                0x0000000000021ab0                gpio_hal_arch_no_port_pin_cfg_set
                0x0000000000021ae6                gpio_hal_arch_no_port_pin_cfg_get
                0x0000000000021b1a                gpio_hal_arch_no_port_pin_set_input
                0x0000000000021b2d                gpio_hal_arch_no_port_pin_set_output
                0x0000000000021b40                gpio_hal_arch_no_port_set_pin
                0x0000000000021b64                gpio_hal_arch_no_port_clear_pin
                0x0000000000021b88                gpio_hal_arch_no_port_read_pin
                0x0000000000021bb5                gpio_hal_arch_no_port_write_pin
                0x0000000000021bdf                gpio_hal_arch_no_port_set_pins
                0x0000000000021c2e                gpio_hal_arch_no_port_clear_pins
                0x0000000000021c7d                gpio_hal_arch_no_port_read_pins
                0x0000000000021ccb                gpio_hal_arch_no_port_write_pins
 .text          0x0000000000021d34      0x181 build/cooja/obj/gpio-hal.o
                0x0000000000021d34                gpio_hal_register_handler
                0x0000000000021d5d                gpio_hal_event_handler
                0x0000000000021dc8                gpio_hal_init
                0x0000000000021de7                gpio_hal_arch_port_toggle_pin
                0x0000000000021e1e                gpio_hal_arch_port_toggle_pins
                0x0000000000021e4f                gpio_hal_arch_no_port_toggle_pin
                0x0000000000021e89                gpio_hal_arch_no_port_toggle_pins
 .text          0x0000000000021eb5      0x8c4 build/cooja/obj/heapmem.o
                0x0000000000022279                heapmem_alloc
                0x00000000000222fe                heapmem_free
                0x000000000002240e                heapmem_realloc
                0x000000000002266c                heapmem_stats
 .text          0x0000000000022779      0x233 build/cooja/obj/hexconv.o
                0x00000000000227c8                hexconv_hexlify
                0x0000000000022883                hexconv_unhexlify
                0x0000000000022957                hexconv_print
 .text          0x00000000000229ac      0x4f5 build/cooja/obj/ifft.o
                0x0000000000022ab5                ifft
 .text          0x0000000000022ea1       0x61 build/cooja/obj/int-master.o
                0x0000000000022ea1                int_master_enable
                0x0000000000022eb6                int_master_read_and_disable
                0x0000000000022ed6                int_master_status_set
                0x0000000000022eed                int_master_is_enabled
 .text          0x0000000000022f02       0x16 build/cooja/obj/ip.o
 .text          0x0000000000022f18      0x194 build/cooja/obj/ip64-addr.o
                0x0000000000022f18                ip64_addr_copy4
                0x0000000000022f37                ip64_addr_copy6
                0x0000000000022f60                ip64_addr_4to6
                0x0000000000022fcb                ip64_addr_6to4
                0x0000000000023038                ip64_addr_is_ip64
                0x0000000000023075                ip64_addr_set_prefix
 .text          0x00000000000230ac       0x80 build/cooja/obj/leds-arch.o
                0x00000000000230c5                leds_arch_init
 .text          0x000000000002312c      0x3ad build/cooja/obj/leds.o
                0x000000000002312c                leds_init
                0x0000000000023177                leds_single_on
                0x00000000000231e4                leds_single_off
                0x0000000000023251                leds_single_toggle
                0x0000000000023289                leds_on
                0x000000000002331a                leds_off
                0x00000000000233ab                leds_toggle
                0x0000000000023407                leds_set
                0x0000000000023430                leds_get
 .text          0x00000000000234d9      0x481 build/cooja/obj/link-stats.o
                0x00000000000234d9                link_stats_from_lladdr
                0x0000000000023501                link_stats_get_lladdr
                0x0000000000023529                link_stats_is_fresh
                0x0000000000023571                guess_etx_from_rssi
                0x00000000000235f6                link_stats_packet_sent
                0x000000000002375a                link_stats_input_callback
                0x00000000000238bc                link_stats_reset
                0x0000000000023918                link_stats_init
 .text          0x000000000002395a       0x80 build/cooja/obj/linkaddr.o
                0x000000000002395a                linkaddr_copy
                0x000000000002397b                linkaddr_cmp
                0x00000000000239b1                linkaddr_set_node_addr
 .text          0x00000000000239da      0x39b build/cooja/obj/list.o
                0x00000000000239da                list_init
                0x00000000000239f4                list_head
                0x0000000000023a09                list_copy
                0x0000000000023a2a                list_tail
                0x0000000000023a73                list_add
                0x0000000000023ad7                list_push
                0x0000000000023b1a                list_chop
                0x0000000000023ba7                list_pop
                0x0000000000023be1                list_remove
                0x0000000000023c6d                list_length
                0x0000000000023ca8                list_insert
                0x0000000000023d0b                list_item_next
                0x0000000000023d2e                list_contains
 .text          0x0000000000023d75      0x539 build/cooja/obj/log.o
                0x0000000000023d75                log_6addr
                0x0000000000023ddb                log_6addr_compact_snprint
                0x0000000000023eb6                log_6addr_compact
                0x0000000000023f1c                log_lladdr
                0x0000000000023f9c                log_lladdr_compact
                0x000000000002401e                log_bytes
                0x000000000002407e                log_set_level
                0x000000000002418c                log_get_level
                0x0000000000024243                log_level_to_str
 .text          0x00000000000242ae      0x1e0 build/cooja/obj/mac-sequence.o
                0x00000000000242ae                mac_sequence_is_duplicate
                0x000000000002438f                mac_sequence_register_seqno
 .text          0x000000000002448e       0x3a build/cooja/obj/mac.o
                0x000000000002448e                mac_call_sent_callback
 .text          0x00000000000244c8      0x21a build/cooja/obj/memb.o
                0x00000000000244c8                memb_init
                0x000000000002452b                memb_alloc
                0x00000000000245a5                memb_free
                0x0000000000024638                memb_inmemb
                0x000000000002468f                memb_numfree
 .text          0x00000000000246e2       0x41 build/cooja/obj/moteid.o
 .text          0x0000000000024723       0xa5 build/cooja/obj/mutex.o
                0x0000000000024750                mutex_generic_try_lock
                0x0000000000024797                mutex_generic_unlock
 .text          0x00000000000247c8      0xcbe build/cooja/obj/nbr-table.o
                0x0000000000024c26                nbr_table_count_entries
                0x0000000000024cc5                nbr_table_gc_get_worst
                0x0000000000024d08                nbr_table_can_accept_new
                0x0000000000024ebd                nbr_table_entry_is_allowed
                0x0000000000024f78                nbr_table_register
                0x000000000002500a                nbr_table_is_registered
                0x0000000000025061                nbr_table_head
                0x00000000000250cf                nbr_table_next
                0x000000000002514c                nbr_table_add_lladdr
                0x00000000000252ac                nbr_table_get_from_lladdr
                0x000000000002530b                nbr_table_remove
                0x0000000000025365                nbr_table_lock
                0x000000000002539a                nbr_table_unlock
                0x00000000000253cf                nbr_table_get_lladdr
                0x0000000000025412                nbr_table_clear
                0x000000000002544f                nbr_table_key_head
                0x0000000000025468                nbr_table_key_next
 .text          0x0000000000025486       0x80 build/cooja/obj/net-debug.o
                0x0000000000025486                net_debug_lladdr_print
 .text          0x0000000000025506      0x12b build/cooja/obj/netstack.o
                0x0000000000025506                netstack_process_ip_callback
                0x00000000000255a7                netstack_ip_packet_processor_add
                0x00000000000255d7                uip_ds6_ip_packet_processor_rm
                0x0000000000025600                netstack_init
 .text          0x0000000000025631       0x36 build/cooja/obj/node-id.o
                0x0000000000025631                node_id_init
 .text          0x0000000000025667      0x147 build/cooja/obj/nullframer.o
 .text          0x00000000000257ae      0x15a build/cooja/obj/nullradio.o
 .text          0x0000000000025908      0x4a8 build/cooja/obj/packetbuf.o
                0x0000000000025908                packetbuf_clear
                0x0000000000025936                packetbuf_copyfrom
                0x000000000002598f                packetbuf_copyto
                0x0000000000025a35                packetbuf_hdralloc
                0x0000000000025ac4                packetbuf_hdrreduce
                0x0000000000025b14                packetbuf_set_datalen
                0x0000000000025b30                packetbuf_dataptr
                0x0000000000025b55                packetbuf_hdrptr
                0x0000000000025b66                packetbuf_datalen
                0x0000000000025b77                packetbuf_hdrlen
                0x0000000000025b93                packetbuf_totlen
                0x0000000000025bb5                packetbuf_remaininglen
                0x0000000000025bcd                packetbuf_attr_clear
                0x0000000000025c32                packetbuf_attr_copyto
                0x0000000000025c7d                packetbuf_attr_copyfrom
                0x0000000000025cc8                packetbuf_set_attr
                0x0000000000025cf8                packetbuf_attr
                0x0000000000025d19                packetbuf_set_addr
                0x0000000000025d5f                packetbuf_addr
                0x0000000000025d89                packetbuf_holds_broadcast
 .text          0x0000000000025db0       0xfa build/cooja/obj/pir-sensor.o
 .text          0x0000000000025eaa      0x116 build/cooja/obj/printf.o
                0x0000000000025edf                printf
                0x0000000000025edf                __wrap_printf
 .text          0x0000000000025fc0      0x673 build/cooja/obj/process.o
                0x0000000000025fc0                process_alloc_event
                0x0000000000025fda                process_start
                0x000000000002624a                process_exit
                0x0000000000026276                process_init
                0x000000000002646d                process_run
                0x00000000000264a2                process_nevents
                0x00000000000264c2                process_post
                0x000000000002658a                process_post_synch
                0x00000000000265d8                process_poll
                0x0000000000026615                process_is_running
 .text          0x0000000000026633      0x988 build/cooja/obj/psock.o
                0x0000000000026a56                psock_send
                0x0000000000026b0e                psock_generator_send
                0x0000000000026c70                psock_datalen
                0x0000000000026c93                psock_newdata
                0x0000000000026cf0                psock_readto
                0x0000000000026e10                psock_readbuf_len
                0x0000000000026f49                psock_init
 .text          0x0000000000026fbb       0x1b build/cooja/obj/putchar.o
                0x0000000000026fbb                putchar
                0x0000000000026fbb                __wrap_putchar
 .text          0x0000000000026fd6       0x38 build/cooja/obj/puts.o
                0x0000000000026fd6                puts
                0x0000000000026fd6                __wrap_puts
 .text          0x000000000002700e      0x382 build/cooja/obj/queuebuf.o
                0x0000000000027023                queuebuf_init
                0x000000000002704c                queuebuf_numfree
                0x0000000000027065                queuebuf_new_from_packetbuf
                0x0000000000027118                queuebuf_update_attr_from_packetbuf
                0x000000000002715b                queuebuf_update_from_packetbuf
                0x00000000000271b7                queuebuf_free
                0x0000000000027213                queuebuf_to_packetbuf
                0x000000000002728c                queuebuf_dataptr
                0x00000000000272d3                queuebuf_datalen
                0x0000000000027303                queuebuf_addr
                0x000000000002734a                queuebuf_attr
                0x0000000000027385                queuebuf_debug_print
 .text          0x0000000000027390       0x2f build/cooja/obj/random.o
                0x0000000000027390                random_init
                0x00000000000273b0                random_rand
 .text          0x00000000000273bf      0x480 build/cooja/obj/res_air_conditioner.o
                0x000000000002776e                manual_handler
 .text          0x000000000002783f      0x12b build/cooja/obj/res_leds.o
 .text          0x000000000002796a      0x25f build/cooja/obj/res_temperature.o
 .text          0x0000000000027bc9      0x19d build/cooja/obj/ringbuf.o
                0x0000000000027bc9                ringbuf_init
                0x0000000000027c0a                ringbuf_put
                0x0000000000027c99                ringbuf_get
                0x0000000000027d17                ringbuf_size
                0x0000000000027d33                ringbuf_elements
 .text          0x0000000000027d66      0x25a build/cooja/obj/ringbufindex.o
                0x0000000000027d66                ringbufindex_init
                0x0000000000027d97                ringbufindex_put
                0x0000000000027e02                ringbufindex_peek_put
                0x0000000000027e54                ringbufindex_get
                0x0000000000027ec1                ringbufindex_peek_get
                0x0000000000027f09                ringbufindex_size
                0x0000000000027f24                ringbufindex_elements
                0x0000000000027f56                ringbufindex_full
                0x0000000000027f9a                ringbufindex_empty
 .text          0x0000000000027fc0      0x35a build/cooja/obj/rpl-dag-root.o
                0x0000000000027fc0                rpl_dag_root_print_links
                0x0000000000028135                rpl_dag_root_set_prefix
                0x0000000000028171                rpl_dag_root_start
                0x00000000000282da                rpl_dag_root_is_root
 .text          0x000000000002831a     0x1219 build/cooja/obj/rpl-dag.o
                0x000000000002831a                rpl_dag_state_to_str
                0x0000000000028378                rpl_dag_get_root_ipaddr
                0x00000000000283c2                rpl_dag_leave
                0x000000000002846d                rpl_dag_poison_and_leave
                0x000000000002848b                rpl_dag_periodic
                0x000000000002854f                rpl_is_addr_in_our_dag
                0x00000000000285ab                rpl_get_default_instance
                0x00000000000285d2                rpl_get_any_dag
                0x000000000002863f                rpl_refresh_routes
                0x00000000000286a1                rpl_global_repair
                0x0000000000028763                rpl_local_repair
                0x00000000000287c5                rpl_dag_ready_to_advertise
                0x000000000002881d                rpl_dag_update_state
                0x00000000000290e0                rpl_process_dio
                0x0000000000029182                rpl_process_dis
                0x00000000000291d6                rpl_process_dao
                0x000000000002927f                rpl_process_dao_ack
                0x000000000002932f                rpl_process_hbh
                0x000000000002938e                rpl_dag_init_root
                0x000000000002950f                rpl_dag_init
 .text          0x0000000000029533      0xdef build/cooja/obj/rpl-ext-header.o
                0x0000000000029533                rpl_ext_header_srh_get_next_hop
                0x0000000000029644                rpl_ext_header_srh_update
                0x0000000000029cd3                rpl_ext_header_hbh_update
                0x000000000002a073                rpl_ext_header_update
                0x000000000002a11d                rpl_ext_header_remove
 .text          0x000000000002a322     0x16eb build/cooja/obj/rpl-icmp6.o
                0x000000000002a4b6                rpl_icmp6_update_nbr_table
                0x000000000002a56b                rpl_icmp6_dis_output
                0x000000000002ac8f                rpl_icmp6_dio_output
                0x000000000002b5bf                rpl_icmp6_dao_output
                0x000000000002b930                rpl_icmp6_dao_ack_output
                0x000000000002b9c6                rpl_icmp6_init
 .text          0x000000000002ba0d      0x36f build/cooja/obj/rpl-mrhof.o
 .text          0x000000000002bd7c       0x8c build/cooja/obj/rpl-nbr-policy.o
                0x000000000002bdc4                rpl_nbr_gc_get_worst
 .text          0x000000000002be08      0xadd build/cooja/obj/rpl-neighbor.o
                0x000000000002be9b                rpl_neighbor_snprint
                0x000000000002c1c9                rpl_neighbor_print_list
                0x000000000002c2a0                rpl_neighbor_count
                0x000000000002c38b                rpl_neighbor_get_from_lladdr
                0x000000000002c3b6                rpl_neighbor_is_acceptable_parent
                0x000000000002c402                rpl_neighbor_get_link_metric
                0x000000000002c44e                rpl_neighbor_rank_via_nbr
                0x000000000002c49a                rpl_neighbor_get_lladdr
                0x000000000002c4c5                rpl_neighbor_get_ipaddr
                0x000000000002c4f3                rpl_neighbor_get_link_stats
                0x000000000002c521                rpl_neighbor_is_fresh
                0x000000000002c54f                rpl_neighbor_is_parent
                0x000000000002c588                rpl_neighbor_set_preferred_parent
                0x000000000002c63f                rpl_neighbor_remove_all
                0x000000000002c6a5                rpl_neighbor_get_from_ipaddr
                0x000000000002c7de                rpl_neighbor_select_best
                0x000000000002c8be                rpl_neighbor_init
 .text          0x000000000002c8e5      0x31f build/cooja/obj/rpl-of0.o
 .text          0x000000000002cc04      0xd3d build/cooja/obj/rpl-timers.o
                0x000000000002cc04                rpl_timers_schedule_periodic_dis
                0x000000000002cdba                rpl_timers_dio_reset
                0x000000000002cf3e                rpl_timers_schedule_unicast_dio
                0x000000000002d125                rpl_timers_schedule_dao
                0x000000000002d22b                rpl_timers_schedule_dao_ack
                0x000000000002d2f0                rpl_timers_notify_dao_ack
                0x000000000002d365                get_probing_delay
                0x000000000002d3ac                get_probing_target
                0x000000000002d5ea                rpl_schedule_probing
                0x000000000002d631                rpl_schedule_probing_now
                0x000000000002d6bf                rpl_timers_unschedule_leaving
                0x000000000002d709                rpl_timers_schedule_leaving
                0x000000000002d767                rpl_timers_init
                0x000000000002d819                rpl_timers_stop_dag_timers
                0x000000000002d8bb                rpl_timers_unschedule_state_update
                0x000000000002d8e8                rpl_timers_schedule_state_update
 .text          0x000000000002d941      0x66e build/cooja/obj/rpl.o
                0x000000000002d941                rpl_lollipop_greater_than
                0x000000000002d9a5                rpl_get_global_address
                0x000000000002db45                rpl_link_callback
                0x000000000002dbaf                rpl_has_joined
                0x000000000002dbe2                rpl_is_reachable
                0x000000000002dc88                rpl_reset_prefix
                0x000000000002dcff                rpl_set_prefix_from_addr
                0x000000000002de1a                rpl_set_prefix
                0x000000000002df84                rpl_set_leaf_only
                0x000000000002df9e                rpl_get_leaf_only
 .text          0x000000000002dfaf      0x18b build/cooja/obj/rs232.o
                0x000000000002dfaf                rs232_init
                0x000000000002dfba                rs232_set_speed
                0x000000000002dfca                rs232_set_input
                0x000000000002dfe4                rs232_send
                0x000000000002e003                rs232_print
                0x000000000002e031                slip_arch_writeb
 .text          0x000000000002e13a       0xcc build/cooja/obj/rtimer-arch.o
                0x000000000002e13a                rtimer_arch_init
                0x000000000002e160                rtimer_arch_schedule
                0x000000000002e18a                rtimer_arch_next
                0x000000000002e19e                rtimer_arch_pending
                0x000000000002e1b1                rtimer_arch_check
                0x000000000002e1f2                rtimer_arch_now
 .text          0x000000000002e206      0x101 build/cooja/obj/rtimer.o
                0x000000000002e206                rtimer_init
                0x000000000002e216                rtimer_set
                0x000000000002e297                rtimer_run_next
 .text          0x000000000002e307      0x35f build/cooja/obj/sensors.o
                0x000000000002e350                sensors_first
                0x000000000002e364                sensors_next
                0x000000000002e393                sensors_changed
                0x000000000002e3e0                sensors_find
 .text          0x000000000002e666      0x238 build/cooja/obj/serial-line.o
                0x000000000002e666                serial_line_input_byte
                0x000000000002e861                serial_line_init
 .text          0x000000000002e89e     0x3747 build/cooja/obj/sicslowpan.o
                0x000000000002f074                netstack_sniffer_add
                0x000000000002f08e                netstack_sniffer_remove
                0x0000000000031fae                sicslowpan_init
                0x0000000000031fd5                sicslowpan_get_last_rssi
 .text          0x0000000000031fe5       0x93 build/cooja/obj/simEnvChange.o
                0x0000000000031fe5                doActionsBeforeTick
                0x000000000003202e                doActionsAfterTick
 .text          0x0000000000032078      0x496 build/cooja/obj/simple-udp.o
                0x00000000000320a9                simple_udp_send
                0x000000000003211b                simple_udp_sendto
                0x000000000003218d                simple_udp_sendto_port
                0x00000000000321fd                simple_udp_register
 .text          0x000000000003250e       0x1a build/cooja/obj/slip-arch.o
                0x000000000003250e                slip_arch_init
 .text          0x0000000000032528      0x72b build/cooja/obj/slip.o
                0x0000000000032528                slip_set_input_callback
                0x0000000000032542                slip_send
                0x000000000003256b                slip_write
                0x0000000000032b02                slip_input_byte
 .text          0x0000000000032c53      0x1f8 build/cooja/obj/snprintf.o
                0x0000000000032cde                __wrap_snprintf
                0x0000000000032cde                snprintf
                0x0000000000032dc3                vsnprintf
                0x0000000000032dc3                __wrap_vsnprintf
 .text          0x0000000000032e4b      0x152 build/cooja/obj/sprintf.o
                0x0000000000032e96                __wrap_sprintf
                0x0000000000032e96                sprintf
 .text          0x0000000000032f9d      0x125 build/cooja/obj/stimer.o
                0x0000000000032f9d                stimer_set
                0x0000000000032fcc                stimer_reset
                0x0000000000033008                stimer_restart
                0x0000000000033027                stimer_expired
                0x0000000000033069                stimer_remaining
                0x00000000000330a1                stimer_elapsed
 .text          0x00000000000330c2     0x170b build/cooja/obj/strformat.o
                0x0000000000033435                format_str
                0x0000000000033516                format_str_v
 .text          0x00000000000347cd        0x0 build/cooja/obj/tcp-socket.o
 .text          0x00000000000347cd      0x884 build/cooja/obj/tcpip.o
                0x00000000000347fd                tcpip_output
                0x0000000000034895                udp_attach
                0x00000000000348c3                udp_new
                0x000000000003491e                udp_broadcast_new
                0x0000000000034ad2                tcpip_input
                0x0000000000034caa                tcpip_ipv6_output
                0x0000000000034f03                tcpip_poll_udp
                0x0000000000034f31                tcpip_uipcall
 .text          0x0000000000035051       0xfd build/cooja/obj/timer.o
                0x0000000000035051                timer_set
                0x0000000000035080                timer_reset
                0x00000000000350bc                timer_restart
                0x00000000000350db                timer_expired
                0x0000000000035116                timer_remaining
 .text          0x000000000003514e      0x55e build/cooja/obj/trickle-timer.o
                0x00000000000354aa                trickle_timer_consistency
                0x00000000000354e6                trickle_timer_inconsistency
                0x0000000000035537                trickle_timer_config
                0x000000000003560e                trickle_timer_set
 .text          0x00000000000356ac      0x4cf build/cooja/obj/udp-socket.o
                0x00000000000356dd                udp_socket_register
                0x000000000003579a                udp_socket_close
                0x00000000000357dd                udp_socket_bind
                0x0000000000035830                udp_socket_connect
                0x00000000000358a8                udp_socket_send
                0x00000000000358fe                udp_socket_sendto
 .text          0x0000000000035b7b      0x416 build/cooja/obj/uip-ds6-nbr.o
                0x0000000000035b7b                uip_ds6_neighbors_init
                0x0000000000035ba4                uip_ds6_nbr_add
                0x0000000000035c42                uip_ds6_nbr_rm
                0x0000000000035c9f                uip_ds6_nbr_update_ll
                0x0000000000035da4                uip_ds6_nbr_get_ipaddr
                0x0000000000035dc4                uip_ds6_nbr_get_ll
                0x0000000000035dec                uip_ds6_nbr_num
                0x0000000000035e3e                uip_ds6_nbr_head
                0x0000000000035e57                uip_ds6_nbr_next
                0x0000000000035e7f                uip_ds6_nbr_lookup
                0x0000000000035ee8                uip_ds6_nbr_ll_lookup
                0x0000000000035f10                uip_ds6_nbr_ipaddr_from_lladdr
                0x0000000000035f44                uip_ds6_nbr_lladdr_from_ipaddr
                0x0000000000035f80                uip_ds6_link_callback
 .text          0x0000000000035f91      0xbf9 build/cooja/obj/uip-ds6-route.o
                0x00000000000360a2                uip_ds6_notification_add
                0x00000000000360e9                uip_ds6_notification_rm
                0x0000000000036112                uip_ds6_route_init
                0x0000000000036184                uip_ds6_route_count_nexthop_neighbors
                0x0000000000036219                uip_ds6_route_nexthop
                0x000000000003624d                uip_ds6_route_head
                0x0000000000036266                uip_ds6_route_next
                0x000000000003629a                uip_ds6_route_is_nexthop
                0x00000000000362ec                uip_ds6_route_num_routes
                0x00000000000362fc                uip_ds6_route_lookup
                0x00000000000363eb                uip_ds6_route_add
                0x000000000003666d                uip_ds6_route_rm
                0x0000000000036846                uip_ds6_route_rm_by_nexthop
                0x0000000000036892                uip_ds6_defrt_head
                0x00000000000368ab                uip_ds6_defrt_add
                0x0000000000036980                uip_ds6_defrt_rm
                0x0000000000036a13                uip_ds6_defrt_lookup
                0x0000000000036a8a                uip_ds6_defrt_choose
                0x0000000000036b0d                uip_ds6_defrt_periodic
 .text          0x0000000000036b8a      0xebc build/cooja/obj/uip-ds6.o
                0x0000000000036b8a                uip_ds6_default_prefix
                0x0000000000036b9b                uip_ds6_set_default_prefix
                0x0000000000036bc3                uip_ds6_init
                0x0000000000036e62                uip_ds6_periodic
                0x0000000000036f04                uip_ds6_list_loop
                0x0000000000036fed                uip_ds6_prefix_add
                0x00000000000370be                uip_ds6_prefix_rm
                0x00000000000370dc                uip_ds6_prefix_lookup
                0x0000000000037133                uip_ds6_is_addr_onlink
                0x00000000000371c7                uip_ds6_addr_add
                0x0000000000037312                uip_ds6_addr_rm
                0x00000000000373cd                uip_ds6_addr_lookup
                0x0000000000037422                uip_ds6_get_link_local
                0x00000000000374c7                uip_ds6_get_global
                0x000000000003756c                uip_ds6_maddr_add
                0x00000000000375e8                uip_ds6_maddr_rm
                0x0000000000037606                uip_ds6_maddr_lookup
                0x000000000003765e                uip_ds6_aaddr_add
                0x00000000000376da                uip_ds6_aaddr_rm
                0x00000000000376f8                uip_ds6_aaddr_lookup
                0x0000000000037750                uip_ds6_select_src
                0x00000000000378da                uip_ds6_set_addr_iid
                0x0000000000037913                uip_ds6_set_lladdr_from_iid
                0x000000000003794a                get_match_length
                0x00000000000379f8                uip_ds6_compute_reachable_time
 .text          0x0000000000037a46      0x8b7 build/cooja/obj/uip-icmp6.o
                0x0000000000037ac3                uip_icmp6_input
                0x0000000000037b21                uip_icmp6_register_input_handler
                0x0000000000037cb3                uip_icmp6_error_output
                0x0000000000038018                uip_icmp6_send
                0x0000000000038264                uip_icmp6_echo_reply_callback_add
                0x00000000000382ab                uip_icmp6_echo_reply_callback_rm
                0x00000000000382d4                uip_icmp6_init
 .text          0x00000000000382fd       0xdd build/cooja/obj/uip-nameserver.o
                0x00000000000382fd                uip_nameserver_update
                0x0000000000038331                uip_nameserver_get
                0x0000000000038354                uip_nameserver_next_expiration
                0x0000000000038364                uip_nameserver_count
 .text          0x00000000000383da      0x87f build/cooja/obj/uip-nd6.o
                0x0000000000038c3f                uip_nd6_init
 .text          0x0000000000038c59      0x1b9 build/cooja/obj/uip-packetqueue.o
                0x0000000000038c98                uip_packetqueue_new
                0x0000000000038cb2                uip_packetqueue_alloc
                0x0000000000038d2c                uip_packetqueue_free
                0x0000000000038d84                uip_packetqueue_buf
                0x0000000000038db0                uip_packetqueue_buflen
                0x0000000000038ddf                uip_packetqueue_set_buflen
 .text          0x0000000000038e12      0x7e7 build/cooja/obj/uip-sr.o
                0x0000000000038e12                uip_sr_num_nodes
                0x0000000000038ebd                uip_sr_get_node
                0x0000000000038f25                uip_sr_is_addr_reachable
                0x0000000000038fed                uip_sr_expire_parent
                0x000000000003905c                uip_sr_update_node
                0x00000000000391d0                uip_sr_init
                0x0000000000039203                uip_sr_node_head
                0x000000000003921c                uip_sr_node_next
                0x000000000003923a                uip_sr_periodic
                0x0000000000039376                uip_sr_free_all
                0x00000000000393f5                uip_sr_link_snprint
 .text          0x00000000000395f9      0x147 build/cooja/obj/uip-udp-packet.o
                0x00000000000395f9                uip_udp_packet_send
                0x000000000003967b                uip_udp_packet_sendto
 .text          0x0000000000039740     0x1701 build/cooja/obj/uip6.o
                0x0000000000039804                uip_chksum
                0x00000000000398ea                uip_icmp6chksum
                0x00000000000398fe                uip_udpchksum
                0x0000000000039912                uip_init
                0x0000000000039979                uip_remove_ext_hdr
                0x0000000000039a7a                uip_udp_new
                0x0000000000039e28                uip_process
                0x000000000003acc7                uip_htons
                0x000000000003acea                uip_htonl
                0x000000000003ad32                uip_send
 .text          0x000000000003ae41      0x5b1 build/cooja/obj/uipbuf.o
                0x000000000003ae41                uipbuf_clear
                0x000000000003ae73                uipbuf_add_ext_hdr
                0x000000000003af0b                uipbuf_set_len
                0x000000000003af3d                uipbuf_set_len_field
                0x000000000003af70                uipbuf_get_len_field
                0x000000000003af9b                uipbuf_get_next_header
                0x000000000003b10d                uipbuf_get_last_header
                0x000000000003b1a0                uipbuf_search_header
                0x000000000003b267                uipbuf_get_attr
                0x000000000003b298                uipbuf_set_attr
                0x000000000003b2d8                uipbuf_set_default_attr
                0x000000000003b318                uipbuf_clear_attr
                0x000000000003b33f                uipbuf_set_attr_flag
                0x000000000003b362                uipbuf_clr_attr_flag
                0x000000000003b38b                uipbuf_is_attr_flag
                0x000000000003b3b0                uipbuf_init
 .text          0x000000000003b3f2      0x57d build/cooja/obj/uiplib.o
                0x000000000003b3f2                uiplib_ip6addrconv
                0x000000000003b5ce                uiplib_ip4addrconv
                0x000000000003b6a0                uiplib_ipaddr_print
                0x000000000003b706                uiplib_ipaddr_snprint
 .text          0x000000000003b96f       0xfa build/cooja/obj/vib-sensor.o
 .text          0x000000000003ba69       0x49 build/cooja/obj/watchdog.o
                0x000000000003ba69                watchdog_init
                0x000000000003ba74                watchdog_start
                0x000000000003ba7f                watchdog_periodic
                0x000000000003ba9c                watchdog_stop
                0x000000000003baa7                watchdog_reboot
 .text          0x000000000003bab2        0x0 /usr/lib/gcc/x86_64-linux-gnu/11/crtendS.o
 .text          0x000000000003bab2        0x0 /usr/lib/gcc/x86_64-linux-gnu/11/../../../x86_64-linux-gnu/crtn.o
 *(.gnu.warning)

.fini           0x000000000003bab4        0xd
 *(SORT_NONE(.fini))
 .fini          0x000000000003bab4        0x8 /usr/lib/gcc/x86_64-linux-gnu/11/../../../x86_64-linux-gnu/crti.o
                0x000000000003bab4                _fini
 .fini          0x000000000003babc        0x5 /usr/lib/gcc/x86_64-linux-gnu/11/../../../x86_64-linux-gnu/crtn.o
                [!provide]                        PROVIDE (__etext = .)
                [!provide]                        PROVIDE (_etext = .)
                [!provide]                        PROVIDE (etext = .)
                0x000000000003c000                . = ALIGN (CONSTANT (MAXPAGESIZE))
                0x000000000003c000                . = SEGMENT_START ("rodata-segment", (ALIGN (CONSTANT (MAXPAGESIZE)) + (. & (CONSTANT (MAXPAGESIZE) - 0x1))))

.rodata         0x000000000003c000     0x11a4
 *(.rodata .rodata.* .gnu.linkonce.r.*)
 .rodata        0x000000000003c000      0x100 build/cooja/obj/aes-128.o
 .rodata        0x000000000003c100       0x25 build/cooja/obj/assert.o
 .rodata        0x000000000003c125       0x13 build/cooja/obj/button-hal.o
 .rodata        0x000000000003c138       0x14 build/cooja/obj/buttons.o
                0x000000000003c144                button_hal_button_count
 *fill*         0x000000000003c14c        0x4 
 .rodata        0x000000000003c150       0x26 build/cooja/obj/cfs-cooja.o
 .rodata        0x000000000003c176       0x19 build/cooja/obj/coap-block1.o
 .rodata        0x000000000003c18f       0x41 build/cooja/obj/coap-engine.o
 .rodata        0x000000000003c1d0        0xb build/cooja/obj/coap-log.o
 .rodata        0x000000000003c1db       0x11 build/cooja/obj/coap-observe.o
 .rodata        0x000000000003c1ec       0x19 build/cooja/obj/coap-res-well-known-core.o
 .rodata        0x000000000003c205        0xd build/cooja/obj/coap-separate.o
 .rodata        0x000000000003c212       0x13 build/cooja/obj/coap-timer-default.o
 .rodata        0x000000000003c225       0x35 build/cooja/obj/coap-uip.o
 *fill*         0x000000000003c25a        0x6 
 .rodata        0x000000000003c260      0x1b0 build/cooja/obj/coap.o
 .rodata        0x000000000003c410      0x1e0 build/cooja/obj/coap_node.o
 .rodata        0x000000000003c5f0       0xfc build/cooja/obj/contiki-main.o
 .rodata        0x000000000003c6ec       0x68 build/cooja/obj/cooja-radio.o
 *fill*         0x000000000003c754        0x4 
 .rodata        0x000000000003c758       0x2d build/cooja/obj/csma-output.o
 .rodata        0x000000000003c785        0x5 build/cooja/obj/csma.o
 .rodata        0x000000000003c78a        0xf build/cooja/obj/ctimer.o
 .rodata        0x000000000003c799        0xc build/cooja/obj/etimer.o
 *fill*         0x000000000003c7a5        0xb 
 .rodata        0x000000000003c7b0       0xb0 build/cooja/obj/heapmem.o
 .rodata        0x000000000003c860       0x16 build/cooja/obj/hexconv.o
 *fill*         0x000000000003c876        0xa 
 .rodata        0x000000000003c880       0x78 build/cooja/obj/ifft.o
 .rodata        0x000000000003c8f8        0x6 build/cooja/obj/leds-arch.o
                0x000000000003c8f8                leds_arch_leds
 *fill*         0x000000000003c8fe        0x2 
 .rodata        0x000000000003c900        0x8 build/cooja/obj/linkaddr.o
                0x000000000003c900                linkaddr_null
 .rodata        0x000000000003c908       0xc0 build/cooja/obj/log.o
 .rodata        0x000000000003c9c8       0x14 build/cooja/obj/net-debug.o
 .rodata        0x000000000003c9dc        0x4 build/cooja/obj/pir-sensor.o
 .rodata        0x000000000003c9e0       0xdd build/cooja/obj/res_air_conditioner.o
 *fill*         0x000000000003cabd        0x3 
 .rodata        0x000000000003cac0       0xcb build/cooja/obj/res_leds.o
 *fill*         0x000000000003cb8b        0x5 
 .rodata        0x000000000003cb90       0xa1 build/cooja/obj/res_temperature.o
 .rodata        0x000000000003cc31       0xd7 build/cooja/obj/rpl-dag.o
 .rodata        0x000000000003cd08       0x58 build/cooja/obj/rpl-neighbor.o
 .rodata        0x000000000003cd60        0xc build/cooja/obj/rpl-timers.o
 .rodata        0x000000000003cd6c        0x9 build/cooja/obj/rpl.o
 .rodata        0x000000000003cd75        0x3 build/cooja/obj/rs232.o
 .rodata        0x000000000003cd78        0x8 build/cooja/obj/sensors.o
 .rodata        0x000000000003cd80        0xe build/cooja/obj/serial-line.o
 .rodata        0x000000000003cd8e       0x1d build/cooja/obj/sicslowpan.o
                0x000000000003cd8e                unc_llconf
                0x000000000003cd92                unc_ctxconf
                0x000000000003cd96                unc_mxconf
                0x000000000003cd9a                llprefix
 .rodata        0x000000000003cdab       0x13 build/cooja/obj/simple-udp.o
 .rodata        0x000000000003cdbe        0xc build/cooja/obj/slip.o
 *fill*         0x000000000003cdca        0x6 
 .rodata        0x000000000003cdd0      0x280 build/cooja/obj/strformat.o
 .rodata        0x000000000003d050        0xd build/cooja/obj/tcpip.o
 .rodata        0x000000000003d05d       0x13 build/cooja/obj/udp-socket.o
 .rodata        0x000000000003d070       0xb9 build/cooja/obj/uip-ds6-route.o
 .rodata        0x000000000003d129       0x44 build/cooja/obj/uip-sr.o
 .rodata        0x000000000003d16d       0x2d build/cooja/obj/uiplib.o
 .rodata        0x000000000003d19a        0xa build/cooja/obj/vib-sensor.o

.rodata1
 *(.rodata1)

.eh_frame_hdr   0x000000000003d1a4     0x211c
 *(.eh_frame_hdr)
 .eh_frame_hdr  0x000000000003d1a4     0x211c build/cooja/mtype984947637.o
                0x000000000003d1a4                __GNU_EH_FRAME_HDR
 *(.eh_frame_entry .eh_frame_entry.*)

.eh_frame       0x000000000003f2c0     0x8504
 *(.eh_frame)
 .eh_frame      0x000000000003f2c0       0x40 /usr/lib/gcc/x86_64-linux-gnu/11/../../../x86_64-linux-gnu/crti.o
 .eh_frame      0x000000000003f300       0x18 /usr/lib/gcc/x86_64-linux-gnu/11/../../../x86_64-linux-gnu/crti.o
                                         0x30 (size before relaxing)
 .eh_frame      0x000000000003f318       0x18 /usr/lib/gcc/x86_64-linux-gnu/11/../../../x86_64-linux-gnu/crti.o
                                         0x30 (size before relaxing)
 .eh_frame      0x000000000003f330      0x198 build/cooja/mtype984947637.o
                                        0x1b0 (size before relaxing)
 .eh_frame      0x000000000003f4c8       0x60 build/cooja/obj/aes-128.o
                                         0x78 (size before relaxing)
 .eh_frame      0x000000000003f528       0x20 build/cooja/obj/assert.o
                                         0x38 (size before relaxing)
 .eh_frame      0x000000000003f548       0x60 build/cooja/obj/atomic.o
                                         0x78 (size before relaxing)
 .eh_frame      0x000000000003f5a8       0x40 build/cooja/obj/autostart.o
                                         0x58 (size before relaxing)
 .eh_frame      0x000000000003f5e8      0x160 build/cooja/obj/beep.o
                                        0x178 (size before relaxing)
 .eh_frame      0x000000000003f748      0x160 build/cooja/obj/button-hal.o
                                        0x178 (size before relaxing)
 .eh_frame      0x000000000003f8a8       0xa0 build/cooja/obj/buttons.o
                                         0xb8 (size before relaxing)
 .eh_frame      0x000000000003f948       0xc0 build/cooja/obj/ccm-star.o
                                         0xd8 (size before relaxing)
 .eh_frame      0x000000000003fa08      0x160 build/cooja/obj/cfs-cooja.o
                                        0x178 (size before relaxing)
 .eh_frame      0x000000000003fb68       0xe0 build/cooja/obj/circular-list.o
                                         0xf8 (size before relaxing)
 .eh_frame      0x000000000003fc48       0xc0 build/cooja/obj/clock.o
                                         0xd8 (size before relaxing)
 .eh_frame      0x000000000003fd08       0x40 build/cooja/obj/coap-block1.o
                                         0x58 (size before relaxing)
 .eh_frame      0x000000000003fd48       0x40 build/cooja/obj/coap-blocking-api.o
                                         0x58 (size before relaxing)
 .eh_frame      0x000000000003fd88       0x60 build/cooja/obj/coap-callback-api.o
                                         0x78 (size before relaxing)
 .eh_frame      0x000000000003fde8      0x220 build/cooja/obj/coap-engine.o
                                        0x238 (size before relaxing)
 .eh_frame      0x0000000000040008       0x20 build/cooja/obj/coap-keystore-simple.o
                                         0x38 (size before relaxing)
 .eh_frame      0x0000000000040028       0x20 build/cooja/obj/coap-log.o
                                         0x38 (size before relaxing)
 .eh_frame      0x0000000000040048      0x188 build/cooja/obj/coap-observe.o
                                        0x1a0 (size before relaxing)
 .eh_frame      0x00000000000401d0       0x20 build/cooja/obj/coap-res-well-known-core.o
                                         0x38 (size before relaxing)
 .eh_frame      0x00000000000401f0       0x88 build/cooja/obj/coap-separate.o
                                         0xa0 (size before relaxing)
 .eh_frame      0x0000000000040278       0xa0 build/cooja/obj/coap-timer-default.o
                                         0xb8 (size before relaxing)
 .eh_frame      0x0000000000040318      0x108 build/cooja/obj/coap-timer.o
                                        0x120 (size before relaxing)
 .eh_frame      0x0000000000040420      0x100 build/cooja/obj/coap-transactions.o
                                        0x118 (size before relaxing)
 .eh_frame      0x0000000000040520      0x248 build/cooja/obj/coap-uip.o
                                        0x260 (size before relaxing)
 .eh_frame      0x0000000000040768      0x6e8 build/cooja/obj/coap.o
                                        0x700 (size before relaxing)
 .eh_frame      0x0000000000040e50       0x60 build/cooja/obj/coap_node.o
                                         0x78 (size before relaxing)
 .eh_frame      0x0000000000040eb0       0x80 build/cooja/obj/compower.o
                                         0x98 (size before relaxing)
 .eh_frame      0x0000000000040f30       0x20 build/cooja/obj/contiki-main.o
                                         0x38 (size before relaxing)
 .eh_frame      0x0000000000040f50      0x100 build/cooja/obj/cooja-log.o
                                        0x118 (size before relaxing)
 .eh_frame      0x0000000000041050      0x360 build/cooja/obj/cooja-radio.o
                                        0x378 (size before relaxing)
 .eh_frame      0x00000000000413b0       0x60 build/cooja/obj/cooja_mt.o
                                         0x78 (size before relaxing)
 .eh_frame      0x0000000000041410       0x80 build/cooja/obj/cooja_mtarch.o
                                         0x98 (size before relaxing)
 .eh_frame      0x0000000000041490       0x40 build/cooja/obj/crc16.o
                                         0x58 (size before relaxing)
 .eh_frame      0x00000000000414d0      0x1c8 build/cooja/obj/csma-output.o
                                        0x1e0 (size before relaxing)
 .eh_frame      0x0000000000041698       0x40 build/cooja/obj/csma-security.o
                                         0x58 (size before relaxing)
 .eh_frame      0x00000000000416d8       0xe0 build/cooja/obj/csma.o
                                         0xf8 (size before relaxing)
 .eh_frame      0x00000000000417b8      0x100 build/cooja/obj/ctimer.o
                                        0x118 (size before relaxing)
 .eh_frame      0x00000000000418b8      0x140 build/cooja/obj/dbl-circ-list.o
                                        0x158 (size before relaxing)
 .eh_frame      0x00000000000419f8      0x140 build/cooja/obj/dbl-list.o
                                        0x158 (size before relaxing)
 .eh_frame      0x0000000000041b38       0xa0 build/cooja/obj/eeprom.o
                                         0xb8 (size before relaxing)
 .eh_frame      0x0000000000041bd8       0x60 build/cooja/obj/energest.o
                                         0x78 (size before relaxing)
 .eh_frame      0x0000000000041c38      0x1e0 build/cooja/obj/etimer.o
                                        0x1f8 (size before relaxing)
 .eh_frame      0x0000000000041e18      0x1a8 build/cooja/obj/frame802154.o
                                        0x1c0 (size before relaxing)
 .eh_frame      0x0000000000041fc0      0x220 build/cooja/obj/frame802154e-ie.o
                                        0x238 (size before relaxing)
 .eh_frame      0x00000000000421e0       0xa8 build/cooja/obj/framer-802154.o
                                         0xc0 (size before relaxing)
 .eh_frame      0x0000000000042288      0x220 build/cooja/obj/gpio-hal-arch.o
                                        0x238 (size before relaxing)
 .eh_frame      0x00000000000424a8       0xe0 build/cooja/obj/gpio-hal.o
                                         0xf8 (size before relaxing)
 .eh_frame      0x0000000000042588      0x160 build/cooja/obj/heapmem.o
                                        0x178 (size before relaxing)
 .eh_frame      0x00000000000426e8       0x80 build/cooja/obj/hexconv.o
                                         0x98 (size before relaxing)
 .eh_frame      0x0000000000042768       0xa0 build/cooja/obj/ifft.o
                                         0xb8 (size before relaxing)
 .eh_frame      0x0000000000042808       0x80 build/cooja/obj/int-master.o
                                         0x98 (size before relaxing)
 .eh_frame      0x0000000000042888       0x40 build/cooja/obj/ip.o
                                         0x58 (size before relaxing)
 .eh_frame      0x00000000000428c8       0xc0 build/cooja/obj/ip64-addr.o
                                         0xd8 (size before relaxing)
 .eh_frame      0x0000000000042988       0x80 build/cooja/obj/leds-arch.o
                                         0x98 (size before relaxing)
 .eh_frame      0x0000000000042a08      0x120 build/cooja/obj/leds.o
                                        0x138 (size before relaxing)
 .eh_frame      0x0000000000042b28      0x120 build/cooja/obj/link-stats.o
                                        0x138 (size before relaxing)
 .eh_frame      0x0000000000042c48       0x60 build/cooja/obj/linkaddr.o
                                         0x78 (size before relaxing)
 .eh_frame      0x0000000000042ca8      0x1a0 build/cooja/obj/list.o
                                        0x1b8 (size before relaxing)
 .eh_frame      0x0000000000042e48      0x120 build/cooja/obj/log.o
                                        0x138 (size before relaxing)
 .eh_frame      0x0000000000042f68       0x48 build/cooja/obj/mac-sequence.o
                                         0x60 (size before relaxing)
 .eh_frame      0x0000000000042fb0       0x20 build/cooja/obj/mac.o
                                         0x38 (size before relaxing)
 .eh_frame      0x0000000000042fd0       0xa0 build/cooja/obj/memb.o
                                         0xb8 (size before relaxing)
 .eh_frame      0x0000000000043070       0x40 build/cooja/obj/moteid.o
                                         0x58 (size before relaxing)
 .eh_frame      0x00000000000430b0       0x80 build/cooja/obj/mutex.o
                                         0x98 (size before relaxing)
 .eh_frame      0x0000000000043130      0x3e0 build/cooja/obj/nbr-table.o
                                        0x3f8 (size before relaxing)
 .eh_frame      0x0000000000043510       0x20 build/cooja/obj/net-debug.o
                                         0x38 (size before relaxing)
 .eh_frame      0x0000000000043530       0x80 build/cooja/obj/netstack.o
                                         0x98 (size before relaxing)
 .eh_frame      0x00000000000435b0       0x20 build/cooja/obj/node-id.o
                                         0x38 (size before relaxing)
 .eh_frame      0x00000000000435d0       0x80 build/cooja/obj/nullframer.o
                                         0x98 (size before relaxing)
 .eh_frame      0x0000000000043650      0x1c0 build/cooja/obj/nullradio.o
                                        0x1d8 (size before relaxing)
 .eh_frame      0x0000000000043810      0x288 build/cooja/obj/packetbuf.o
                                        0x2a0 (size before relaxing)
 .eh_frame      0x0000000000043a98       0xa0 build/cooja/obj/pir-sensor.o
                                         0xb8 (size before relaxing)
 .eh_frame      0x0000000000043b38       0x40 build/cooja/obj/printf.o
                                         0x58 (size before relaxing)
 .eh_frame      0x0000000000043b78      0x1c8 build/cooja/obj/process.o
                                        0x1e0 (size before relaxing)
 .eh_frame      0x0000000000043d40      0x160 build/cooja/obj/psock.o
                                        0x178 (size before relaxing)
 .eh_frame      0x0000000000043ea0       0x20 build/cooja/obj/putchar.o
                                         0x38 (size before relaxing)
 .eh_frame      0x0000000000043ec0       0x20 build/cooja/obj/puts.o
                                         0x38 (size before relaxing)
 .eh_frame      0x0000000000043ee0      0x1a0 build/cooja/obj/queuebuf.o
                                        0x1b8 (size before relaxing)
 .eh_frame      0x0000000000044080       0x40 build/cooja/obj/random.o
                                         0x58 (size before relaxing)
 .eh_frame      0x00000000000440c0       0x80 build/cooja/obj/res_air_conditioner.o
                                         0x98 (size before relaxing)
 .eh_frame      0x0000000000044140       0x20 build/cooja/obj/res_leds.o
                                         0x38 (size before relaxing)
 .eh_frame      0x0000000000044160       0x60 build/cooja/obj/res_temperature.o
                                         0x78 (size before relaxing)
 .eh_frame      0x00000000000441c0       0xa0 build/cooja/obj/ringbuf.o
                                         0xb8 (size before relaxing)
 .eh_frame      0x0000000000044260      0x120 build/cooja/obj/ringbufindex.o
                                        0x138 (size before relaxing)
 .eh_frame      0x0000000000044380       0xa0 build/cooja/obj/rpl-dag-root.o
                                         0xb8 (size before relaxing)
 .eh_frame      0x0000000000044420      0x360 build/cooja/obj/rpl-dag.o
                                        0x378 (size before relaxing)
 .eh_frame      0x0000000000044780      0x128 build/cooja/obj/rpl-ext-header.o
                                        0x140 (size before relaxing)
 .eh_frame      0x00000000000448a8      0x1c0 build/cooja/obj/rpl-icmp6.o
                                        0x1d8 (size before relaxing)
 .eh_frame      0x0000000000044a68      0x148 build/cooja/obj/rpl-mrhof.o
                                        0x160 (size before relaxing)
 .eh_frame      0x0000000000044bb0       0x40 build/cooja/obj/rpl-nbr-policy.o
                                         0x58 (size before relaxing)
 .eh_frame      0x0000000000044bf0      0x2b0 build/cooja/obj/rpl-neighbor.o
                                        0x2c8 (size before relaxing)
 .eh_frame      0x0000000000044ea0      0x130 build/cooja/obj/rpl-of0.o
                                        0x148 (size before relaxing)
 .eh_frame      0x0000000000044fd0      0x3a8 build/cooja/obj/rpl-timers.o
                                        0x3c0 (size before relaxing)
 .eh_frame      0x0000000000045378      0x1e0 build/cooja/obj/rpl.o
                                        0x1f8 (size before relaxing)
 .eh_frame      0x0000000000045558      0x100 build/cooja/obj/rs232.o
                                        0x118 (size before relaxing)
 .eh_frame      0x0000000000045658       0xc0 build/cooja/obj/rtimer-arch.o
                                         0xd8 (size before relaxing)
 .eh_frame      0x0000000000045718       0x60 build/cooja/obj/rtimer.o
                                         0x78 (size before relaxing)
 .eh_frame      0x0000000000045778       0xc0 build/cooja/obj/sensors.o
                                         0xd8 (size before relaxing)
 .eh_frame      0x0000000000045838       0x60 build/cooja/obj/serial-line.o
                                         0x78 (size before relaxing)
 .eh_frame      0x0000000000045898      0x2e0 build/cooja/obj/sicslowpan.o
                                        0x2f8 (size before relaxing)
 .eh_frame      0x0000000000045b78       0x40 build/cooja/obj/simEnvChange.o
                                         0x58 (size before relaxing)
 .eh_frame      0x0000000000045bb8       0xc0 build/cooja/obj/simple-udp.o
                                         0xd8 (size before relaxing)
 .eh_frame      0x0000000000045c78       0x20 build/cooja/obj/slip-arch.o
                                         0x38 (size before relaxing)
 .eh_frame      0x0000000000045c98       0xe0 build/cooja/obj/slip.o
                                         0xf8 (size before relaxing)
 .eh_frame      0x0000000000045d78       0x60 build/cooja/obj/snprintf.o
                                         0x78 (size before relaxing)
 .eh_frame      0x0000000000045dd8       0x40 build/cooja/obj/sprintf.o
                                         0x58 (size before relaxing)
 .eh_frame      0x0000000000045e18       0xc0 build/cooja/obj/stimer.o
                                         0xd8 (size before relaxing)
 .eh_frame      0x0000000000045ed8      0x120 build/cooja/obj/strformat.o
                                        0x138 (size before relaxing)
 .eh_frame      0x0000000000045ff8      0x248 build/cooja/obj/tcpip.o
                                        0x260 (size before relaxing)
 .eh_frame      0x0000000000046240       0xa0 build/cooja/obj/timer.o
                                         0xb8 (size before relaxing)
 .eh_frame      0x00000000000462e0      0x168 build/cooja/obj/trickle-timer.o
                                        0x180 (size before relaxing)
 .eh_frame      0x0000000000046448      0x100 build/cooja/obj/udp-socket.o
                                        0x118 (size before relaxing)
 .eh_frame      0x0000000000046548      0x1c0 build/cooja/obj/uip-ds6-nbr.o
                                        0x1d8 (size before relaxing)
 .eh_frame      0x0000000000046708      0x300 build/cooja/obj/uip-ds6-route.o
                                        0x318 (size before relaxing)
 .eh_frame      0x0000000000046a08      0x328 build/cooja/obj/uip-ds6.o
                                        0x340 (size before relaxing)
 .eh_frame      0x0000000000046d30      0x148 build/cooja/obj/uip-icmp6.o
                                        0x160 (size before relaxing)
 .eh_frame      0x0000000000046e78       0x80 build/cooja/obj/uip-nameserver.o
                                         0x98 (size before relaxing)
 .eh_frame      0x0000000000046ef8       0x80 build/cooja/obj/uip-nd6.o
                                         0x98 (size before relaxing)
 .eh_frame      0x0000000000046f78       0xe0 build/cooja/obj/uip-packetqueue.o
                                         0xf8 (size before relaxing)
 .eh_frame      0x0000000000047058      0x180 build/cooja/obj/uip-sr.o
                                        0x198 (size before relaxing)
 .eh_frame      0x00000000000471d8       0x40 build/cooja/obj/uip-udp-packet.o
                                         0x58 (size before relaxing)
 .eh_frame      0x0000000000047218      0x1e8 build/cooja/obj/uip6.o
                                        0x200 (size before relaxing)
 .eh_frame      0x0000000000047400      0x200 build/cooja/obj/uipbuf.o
                                        0x218 (size before relaxing)
 .eh_frame      0x0000000000047600       0x80 build/cooja/obj/uiplib.o
                                         0x98 (size before relaxing)
 .eh_frame      0x0000000000047680       0xa0 build/cooja/obj/vib-sensor.o
                                         0xb8 (size before relaxing)
 .eh_frame      0x0000000000047720       0xa0 build/cooja/obj/watchdog.o
                                         0xb8 (size before relaxing)
 .eh_frame      0x00000000000477c0        0x4 /usr/lib/gcc/x86_64-linux-gnu/11/crtendS.o
 *(.eh_frame.*)

.gcc_except_table
 *(.gcc_except_table .gcc_except_table.*)

.gnu_extab
 *(.gnu_extab*)

.exception_ranges
 *(.exception_ranges*)
                0x0000000000049570                . = DATA_SEGMENT_ALIGN (CONSTANT (MAXPAGESIZE), CONSTANT (COMMONPAGESIZE))

.eh_frame
 *(.eh_frame)
 *(.eh_frame.*)

.gnu_extab
 *(.gnu_extab)

.gcc_except_table
 *(.gcc_except_table .gcc_except_table.*)

.exception_ranges
 *(.exception_ranges*)

.tdata
 *(.tdata .tdata.* .gnu.linkonce.td.*)

.tbss
 *(.tbss .tbss.* .gnu.linkonce.tb.*)
 *(.tcommon)

.preinit_array
 *(.preinit_array)

.init_array     0x0000000000049570        0x8
 *(SORT_BY_INIT_PRIORITY(.init_array.*) SORT_BY_INIT_PRIORITY(.ctors.*))
 *(.init_array EXCLUDE_FILE(*crtend?.o *crtend.o *crtbegin?.o *crtbegin.o) .ctors)
 .init_array    0x0000000000049570        0x8 /usr/lib/gcc/x86_64-linux-gnu/11/crtbeginS.o

.fini_array     0x0000000000049578        0x8
 *(SORT_BY_INIT_PRIORITY(.fini_array.*) SORT_BY_INIT_PRIORITY(.dtors.*))
 *(.fini_array EXCLUDE_FILE(*crtend?.o *crtend.o *crtbegin?.o *crtbegin.o) .dtors)